<?xml version="1.0" encoding="ISO-8859-1" ?>
<link_info>
   <banner>TI ARM Linker PC v20.2.7.LTS</banner>
   <copyright>Copyright (c) 1996-2018 Texas Instruments Incorporated</copyright>
   <link_time>0x6972d415</link_time>
   <link_errors>0x0</link_errors>
   <output_file>sliding_ball.out</output_file>
   <entry_point>
      <name>_c_int00_noargs</name>
      <address>0x200089a9</address>
   </entry_point>
   <input_file_list>
      <input_file id="fl-2">
         <path>.\</path>
         <kind>object</kind>
         <file>Adafruit_GFX.obj</file>
         <name>Adafruit_GFX.obj</name>
      </input_file>
      <input_file id="fl-3">
         <path>.\</path>
         <kind>object</kind>
         <file>Adafruit_OLED.obj</file>
         <name>Adafruit_OLED.obj</name>
      </input_file>
      <input_file id="fl-4">
         <path>.\</path>
         <kind>object</kind>
         <file>i2c_if.obj</file>
         <name>i2c_if.obj</name>
      </input_file>
      <input_file id="fl-5">
         <path>.\</path>
         <kind>object</kind>
         <file>main.obj</file>
         <name>main.obj</name>
      </input_file>
      <input_file id="fl-6">
         <path>.\</path>
         <kind>object</kind>
         <file>oled_test.obj</file>
         <name>oled_test.obj</name>
      </input_file>
      <input_file id="fl-7">
         <path>.\</path>
         <kind>object</kind>
         <file>pinmux.obj</file>
         <name>pinmux.obj</name>
      </input_file>
      <input_file id="fl-8">
         <path>.\</path>
         <kind>object</kind>
         <file>startup_ccs.obj</file>
         <name>startup_ccs.obj</name>
      </input_file>
      <input_file id="fl-9">
         <path>.\</path>
         <kind>object</kind>
         <file>uart_if.obj</file>
         <name>uart_if.obj</name>
      </input_file>
      <input_file id="fl-e">
         <kind>object</kind>
         <file>&lt;internal&gt;</file>
         <name>&lt;internal&gt;</name>
      </input_file>
      <input_file id="fl-f">
         <path>C:\ti\CC3200SDK_1.5.0\cc3200-sdk\driverlib\ccs\Release\</path>
         <kind>archive</kind>
         <file>driverlib.a</file>
         <name>gpio.obj</name>
      </input_file>
      <input_file id="fl-10">
         <path>C:\ti\CC3200SDK_1.5.0\cc3200-sdk\driverlib\ccs\Release\</path>
         <kind>archive</kind>
         <file>driverlib.a</file>
         <name>i2c.obj</name>
      </input_file>
      <input_file id="fl-11">
         <path>C:\ti\CC3200SDK_1.5.0\cc3200-sdk\driverlib\ccs\Release\</path>
         <kind>archive</kind>
         <file>driverlib.a</file>
         <name>interrupt.obj</name>
      </input_file>
      <input_file id="fl-12">
         <path>C:\ti\CC3200SDK_1.5.0\cc3200-sdk\driverlib\ccs\Release\</path>
         <kind>archive</kind>
         <file>driverlib.a</file>
         <name>pin.obj</name>
      </input_file>
      <input_file id="fl-13">
         <path>C:\ti\CC3200SDK_1.5.0\cc3200-sdk\driverlib\ccs\Release\</path>
         <kind>archive</kind>
         <file>driverlib.a</file>
         <name>prcm.obj</name>
      </input_file>
      <input_file id="fl-14">
         <path>C:\ti\CC3200SDK_1.5.0\cc3200-sdk\driverlib\ccs\Release\</path>
         <kind>archive</kind>
         <file>driverlib.a</file>
         <name>spi.obj</name>
      </input_file>
      <input_file id="fl-15">
         <path>C:\ti\CC3200SDK_1.5.0\cc3200-sdk\driverlib\ccs\Release\</path>
         <kind>archive</kind>
         <file>driverlib.a</file>
         <name>uart.obj</name>
      </input_file>
      <input_file id="fl-16">
         <path>C:\ti\CC3200SDK_1.5.0\cc3200-sdk\driverlib\ccs\Release\</path>
         <kind>archive</kind>
         <file>driverlib.a</file>
         <name>utils.obj</name>
      </input_file>
      <input_file id="fl-17">
         <path>C:\ti\CC3200SDK_1.5.0\cc3200-sdk\driverlib\ccs\Release\</path>
         <kind>archive</kind>
         <file>driverlib.a</file>
         <name>cpu.obj</name>
      </input_file>
      <input_file id="fl-18">
         <path>C:\ti\CC3200SDK_1.5.0\cc3200-sdk\driverlib\ccs\Release\</path>
         <kind>archive</kind>
         <file>driverlib.a</file>
         <name>flash.obj</name>
      </input_file>
      <input_file id="fl-ce">
         <path>C:\ti\ccs1280\ccs\tools\compiler\ti-cgt-arm_20.2.7.LTS\lib\</path>
         <kind>archive</kind>
         <file>rtsv7M4_T_le_eabi.lib</file>
         <name>vsnprintf.c.obj</name>
      </input_file>
      <input_file id="fl-cf">
         <path>C:\ti\ccs1280\ccs\tools\compiler\ti-cgt-arm_20.2.7.LTS\lib\</path>
         <kind>archive</kind>
         <file>rtsv7M4_T_le_eabi.lib</file>
         <name>memcpy_t2.asm.obj</name>
      </input_file>
      <input_file id="fl-d0">
         <path>C:\ti\ccs1280\ccs\tools\compiler\ti-cgt-arm_20.2.7.LTS\lib\</path>
         <kind>archive</kind>
         <file>rtsv7M4_T_le_eabi.lib</file>
         <name>ull_div_t2.asm.obj</name>
      </input_file>
      <input_file id="fl-d1">
         <path>C:\ti\ccs1280\ccs\tools\compiler\ti-cgt-arm_20.2.7.LTS\lib\</path>
         <kind>archive</kind>
         <file>rtsv7M4_T_le_eabi.lib</file>
         <name>copy_zero_init.c.obj</name>
      </input_file>
      <input_file id="fl-d2">
         <path>C:\ti\ccs1280\ccs\tools\compiler\ti-cgt-arm_20.2.7.LTS\lib\</path>
         <kind>archive</kind>
         <file>rtsv7M4_T_le_eabi.lib</file>
         <name>copy_decompress_none.c.obj</name>
      </input_file>
      <input_file id="fl-d3">
         <path>C:\ti\ccs1280\ccs\tools\compiler\ti-cgt-arm_20.2.7.LTS\lib\</path>
         <kind>archive</kind>
         <file>rtsv7M4_T_le_eabi.lib</file>
         <name>copy_decompress_lzss.c.obj</name>
      </input_file>
      <input_file id="fl-d4">
         <path>C:\ti\ccs1280\ccs\tools\compiler\ti-cgt-arm_20.2.7.LTS\lib\</path>
         <kind>archive</kind>
         <file>rtsv7M4_T_le_eabi.lib</file>
         <name>memmov.c.obj</name>
      </input_file>
      <input_file id="fl-d5">
         <path>C:\ti\ccs1280\ccs\tools\compiler\ti-cgt-arm_20.2.7.LTS\lib\</path>
         <kind>archive</kind>
         <file>rtsv7M4_T_le_eabi.lib</file>
         <name>memory.c.obj</name>
      </input_file>
      <input_file id="fl-d6">
         <path>C:\ti\ccs1280\ccs\tools\compiler\ti-cgt-arm_20.2.7.LTS\lib\</path>
         <kind>archive</kind>
         <file>rtsv7M4_T_le_eabi.lib</file>
         <name>strcmp.c.obj</name>
      </input_file>
      <input_file id="fl-d7">
         <path>C:\ti\ccs1280\ccs\tools\compiler\ti-cgt-arm_20.2.7.LTS\lib\</path>
         <kind>archive</kind>
         <file>rtsv7M4_T_le_eabi.lib</file>
         <name>strlen.c.obj</name>
      </input_file>
      <input_file id="fl-d8">
         <path>C:\ti\ccs1280\ccs\tools\compiler\ti-cgt-arm_20.2.7.LTS\lib\</path>
         <kind>archive</kind>
         <file>rtsv7M4_T_le_eabi.lib</file>
         <name>strtok.c.obj</name>
      </input_file>
      <input_file id="fl-d9">
         <path>C:\ti\ccs1280\ccs\tools\compiler\ti-cgt-arm_20.2.7.LTS\lib\</path>
         <kind>archive</kind>
         <file>rtsv7M4_T_le_eabi.lib</file>
         <name>strtoul.c.obj</name>
      </input_file>
      <input_file id="fl-da">
         <path>C:\ti\ccs1280\ccs\tools\compiler\ti-cgt-arm_20.2.7.LTS\lib\</path>
         <kind>archive</kind>
         <file>rtsv7M4_T_le_eabi.lib</file>
         <name>boot_cortex_m.c.obj</name>
      </input_file>
      <input_file id="fl-db">
         <path>C:\ti\ccs1280\ccs\tools\compiler\ti-cgt-arm_20.2.7.LTS\lib\</path>
         <kind>archive</kind>
         <file>rtsv7M4_T_le_eabi.lib</file>
         <name>errno.c.obj</name>
      </input_file>
      <input_file id="fl-dc">
         <path>C:\ti\ccs1280\ccs\tools\compiler\ti-cgt-arm_20.2.7.LTS\lib\</path>
         <kind>archive</kind>
         <file>rtsv7M4_T_le_eabi.lib</file>
         <name>_printfi.c.obj</name>
      </input_file>
      <input_file id="fl-dd">
         <path>C:\ti\ccs1280\ccs\tools\compiler\ti-cgt-arm_20.2.7.LTS\lib\</path>
         <kind>archive</kind>
         <file>rtsv7M4_T_le_eabi.lib</file>
         <name>div0.asm.obj</name>
      </input_file>
      <input_file id="fl-de">
         <path>C:\ti\ccs1280\ccs\tools\compiler\ti-cgt-arm_20.2.7.LTS\lib\</path>
         <kind>archive</kind>
         <file>rtsv7M4_T_le_eabi.lib</file>
         <name>fd_add_t2.asm.obj</name>
      </input_file>
      <input_file id="fl-df">
         <path>C:\ti\ccs1280\ccs\tools\compiler\ti-cgt-arm_20.2.7.LTS\lib\</path>
         <kind>archive</kind>
         <file>rtsv7M4_T_le_eabi.lib</file>
         <name>fd_cmp_t2.asm.obj</name>
      </input_file>
      <input_file id="fl-e0">
         <path>C:\ti\ccs1280\ccs\tools\compiler\ti-cgt-arm_20.2.7.LTS\lib\</path>
         <kind>archive</kind>
         <file>rtsv7M4_T_le_eabi.lib</file>
         <name>fd_div_t2.asm.obj</name>
      </input_file>
      <input_file id="fl-e1">
         <path>C:\ti\ccs1280\ccs\tools\compiler\ti-cgt-arm_20.2.7.LTS\lib\</path>
         <kind>archive</kind>
         <file>rtsv7M4_T_le_eabi.lib</file>
         <name>fd_mul_t2.asm.obj</name>
      </input_file>
      <input_file id="fl-e2">
         <path>C:\ti\ccs1280\ccs\tools\compiler\ti-cgt-arm_20.2.7.LTS\lib\</path>
         <kind>archive</kind>
         <file>rtsv7M4_T_le_eabi.lib</file>
         <name>fd_toi_t2.asm.obj</name>
      </input_file>
      <input_file id="fl-e3">
         <path>C:\ti\ccs1280\ccs\tools\compiler\ti-cgt-arm_20.2.7.LTS\lib\</path>
         <kind>archive</kind>
         <file>rtsv7M4_T_le_eabi.lib</file>
         <name>i_tofd_t2.asm.obj</name>
      </input_file>
      <input_file id="fl-e4">
         <path>C:\ti\ccs1280\ccs\tools\compiler\ti-cgt-arm_20.2.7.LTS\lib\</path>
         <kind>archive</kind>
         <file>rtsv7M4_T_le_eabi.lib</file>
         <name>memset_t2.asm.obj</name>
      </input_file>
      <input_file id="fl-e5">
         <path>C:\ti\ccs1280\ccs\tools\compiler\ti-cgt-arm_20.2.7.LTS\lib\</path>
         <kind>archive</kind>
         <file>rtsv7M4_T_le_eabi.lib</file>
         <name>autoinit.c.obj</name>
      </input_file>
      <input_file id="fl-e6">
         <path>C:\ti\ccs1280\ccs\tools\compiler\ti-cgt-arm_20.2.7.LTS\lib\</path>
         <kind>archive</kind>
         <file>rtsv7M4_T_le_eabi.lib</file>
         <name>pre_init.c.obj</name>
      </input_file>
      <input_file id="fl-e7">
         <path>C:\ti\ccs1280\ccs\tools\compiler\ti-cgt-arm_20.2.7.LTS\lib\</path>
         <kind>archive</kind>
         <file>rtsv7M4_T_le_eabi.lib</file>
         <name>cpy_tbl.c.obj</name>
      </input_file>
      <input_file id="fl-e8">
         <path>C:\ti\ccs1280\ccs\tools\compiler\ti-cgt-arm_20.2.7.LTS\lib\</path>
         <kind>archive</kind>
         <file>rtsv7M4_T_le_eabi.lib</file>
         <name>exit.c.obj</name>
      </input_file>
      <input_file id="fl-e9">
         <path>C:\ti\ccs1280\ccs\tools\compiler\ti-cgt-arm_20.2.7.LTS\lib\</path>
         <kind>archive</kind>
         <file>rtsv7M4_T_le_eabi.lib</file>
         <name>_lock.c.obj</name>
      </input_file>
      <input_file id="fl-ea">
         <path>C:\ti\ccs1280\ccs\tools\compiler\ti-cgt-arm_20.2.7.LTS\lib\</path>
         <kind>archive</kind>
         <file>rtsv7M4_T_le_eabi.lib</file>
         <name>_ltoa.c.obj</name>
      </input_file>
      <input_file id="fl-eb">
         <path>C:\ti\ccs1280\ccs\tools\compiler\ti-cgt-arm_20.2.7.LTS\lib\</path>
         <kind>archive</kind>
         <file>rtsv7M4_T_le_eabi.lib</file>
         <name>args_main.c.obj</name>
      </input_file>
      <input_file id="fl-ec">
         <path>C:\ti\ccs1280\ccs\tools\compiler\ti-cgt-arm_20.2.7.LTS\lib\</path>
         <kind>archive</kind>
         <file>rtsv7M4_T_le_eabi.lib</file>
         <name>atoi.c.obj</name>
      </input_file>
      <input_file id="fl-ed">
         <path>C:\ti\ccs1280\ccs\tools\compiler\ti-cgt-arm_20.2.7.LTS\lib\</path>
         <kind>archive</kind>
         <file>rtsv7M4_T_le_eabi.lib</file>
         <name>ctype.c.obj</name>
      </input_file>
      <input_file id="fl-ee">
         <path>C:\ti\ccs1280\ccs\tools\compiler\ti-cgt-arm_20.2.7.LTS\lib\</path>
         <kind>archive</kind>
         <file>rtsv7M4_T_le_eabi.lib</file>
         <name>memccpy.c.obj</name>
      </input_file>
      <input_file id="fl-ef">
         <path>C:\ti\ccs1280\ccs\tools\compiler\ti-cgt-arm_20.2.7.LTS\lib\</path>
         <kind>archive</kind>
         <file>rtsv7M4_T_le_eabi.lib</file>
         <name>strchr.c.obj</name>
      </input_file>
      <input_file id="fl-f0">
         <path>C:\ti\ccs1280\ccs\tools\compiler\ti-cgt-arm_20.2.7.LTS\lib\</path>
         <kind>archive</kind>
         <file>rtsv7M4_T_le_eabi.lib</file>
         <name>strcspn.c.obj</name>
      </input_file>
      <input_file id="fl-f1">
         <path>C:\ti\ccs1280\ccs\tools\compiler\ti-cgt-arm_20.2.7.LTS\lib\</path>
         <kind>archive</kind>
         <file>rtsv7M4_T_le_eabi.lib</file>
         <name>strspn.c.obj</name>
      </input_file>
      <input_file id="fl-f2">
         <path>C:\ti\ccs1280\ccs\tools\compiler\ti-cgt-arm_20.2.7.LTS\lib\</path>
         <kind>archive</kind>
         <file>rtsv7M4_T_le_eabi.lib</file>
         <name>wcslen.c.obj</name>
      </input_file>
      <input_file id="fl-f3">
         <path>C:\ti\ccs1280\ccs\tools\compiler\ti-cgt-arm_20.2.7.LTS\lib\</path>
         <kind>archive</kind>
         <file>rtsv7M4_T_le_eabi.lib</file>
         <name>s_frexp.c.obj</name>
      </input_file>
      <input_file id="fl-f4">
         <path>C:\ti\ccs1280\ccs\tools\compiler\ti-cgt-arm_20.2.7.LTS\lib\</path>
         <kind>archive</kind>
         <file>rtsv7M4_T_le_eabi.lib</file>
         <name>s_scalbn.c.obj</name>
      </input_file>
      <input_file id="fl-f5">
         <path>C:\ti\ccs1280\ccs\tools\compiler\ti-cgt-arm_20.2.7.LTS\lib\</path>
         <kind>archive</kind>
         <file>rtsv7M4_T_le_eabi.lib</file>
         <name>s_copysign.c.obj</name>
      </input_file>
   </input_file_list>
   <object_component_list>
      <object_component id="oc-12">
         <name>.intvecs</name>
         <load_address>0x20004000</load_address>
         <run_address>0x20004000</run_address>
         <size>0x400</size>
         <input_file_ref idref="fl-8"/>
      </object_component>
      <object_component id="oc-296">
         <name>.text</name>
         <load_address>0x20004400</load_address>
         <run_address>0x20004400</run_address>
         <size>0xa80</size>
         <input_file_ref idref="fl-2"/>
      </object_component>
      <object_component id="oc-2eb">
         <name>.text:__TI_printfi</name>
         <load_address>0x20004e80</load_address>
         <run_address>0x20004e80</run_address>
         <size>0xa4e</size>
         <input_file_ref idref="fl-dc"/>
      </object_component>
      <object_component id="oc-381">
         <name>.text:_nop</name>
         <load_address>0x200058ce</load_address>
         <run_address>0x200058ce</run_address>
         <size>0x2</size>
         <input_file_ref idref="fl-e9"/>
      </object_component>
      <object_component id="oc-97">
         <name>.text</name>
         <load_address>0x200058d0</load_address>
         <run_address>0x200058d0</run_address>
         <size>0x574</size>
         <input_file_ref idref="fl-5"/>
      </object_component>
      <object_component id="oc-dd">
         <name>.text</name>
         <load_address>0x20005e44</load_address>
         <run_address>0x20005e44</run_address>
         <size>0x4a2</size>
         <input_file_ref idref="fl-3"/>
      </object_component>
      <object_component id="oc-495">
         <name>.text</name>
         <load_address>0x200062e6</load_address>
         <run_address>0x200062e6</run_address>
         <size>0x2</size>
         <input_file_ref idref="fl-dd"/>
      </object_component>
      <object_component id="oc-10d">
         <name>.text</name>
         <load_address>0x200062e8</load_address>
         <run_address>0x200062e8</run_address>
         <size>0x2a0</size>
         <input_file_ref idref="fl-4"/>
      </object_component>
      <object_component id="oc-fb">
         <name>.text</name>
         <load_address>0x20006588</load_address>
         <run_address>0x20006588</run_address>
         <size>0x27c</size>
         <input_file_ref idref="fl-9"/>
      </object_component>
      <object_component id="oc-3c9">
         <name>.text:_pconv_a</name>
         <load_address>0x20006804</load_address>
         <run_address>0x20006804</run_address>
         <size>0x268</size>
         <input_file_ref idref="fl-dc"/>
      </object_component>
      <object_component id="oc-12b">
         <name>.text</name>
         <load_address>0x20006a6c</load_address>
         <run_address>0x20006a6c</run_address>
         <size>0x200</size>
         <input_file_ref idref="fl-6"/>
      </object_component>
      <object_component id="oc-3b7">
         <name>.text:_pconv_g</name>
         <load_address>0x20006c6c</load_address>
         <run_address>0x20006c6c</run_address>
         <size>0x1cc</size>
         <input_file_ref idref="fl-dc"/>
      </object_component>
      <object_component id="oc-446">
         <name>.text</name>
         <load_address>0x20006e38</load_address>
         <run_address>0x20006e38</run_address>
         <size>0x1b6</size>
         <input_file_ref idref="fl-de"/>
      </object_component>
      <object_component id="oc-f5">
         <name>.text:PRCMCC3200MCUInit</name>
         <load_address>0x20006ff0</load_address>
         <run_address>0x20006ff0</run_address>
         <size>0x178</size>
         <input_file_ref idref="fl-13"/>
      </object_component>
      <object_component id="oc-3c3">
         <name>.text:_pconv_e</name>
         <load_address>0x20007168</load_address>
         <run_address>0x20007168</run_address>
         <size>0x13c</size>
         <input_file_ref idref="fl-dc"/>
      </object_component>
      <object_component id="oc-42c">
         <name>.text</name>
         <load_address>0x200072a4</load_address>
         <run_address>0x200072a4</run_address>
         <size>0x136</size>
         <input_file_ref idref="fl-e0"/>
      </object_component>
      <object_component id="oc-458">
         <name>.text:fcvt</name>
         <load_address>0x200073dc</load_address>
         <run_address>0x200073dc</run_address>
         <size>0x120</size>
         <input_file_ref idref="fl-dc"/>
      </object_component>
      <object_component id="oc-119">
         <name>.text</name>
         <load_address>0x200074fc</load_address>
         <run_address>0x200074fc</run_address>
         <size>0x118</size>
         <input_file_ref idref="fl-7"/>
      </object_component>
      <object_component id="oc-107">
         <name>.text:strtoul</name>
         <load_address>0x20007614</load_address>
         <run_address>0x20007614</run_address>
         <size>0x110</size>
         <input_file_ref idref="fl-d9"/>
      </object_component>
      <object_component id="oc-30f">
         <name>.text:aligned_alloc</name>
         <load_address>0x20007724</load_address>
         <run_address>0x20007724</run_address>
         <size>0x100</size>
         <input_file_ref idref="fl-d5"/>
      </object_component>
      <object_component id="oc-427">
         <name>.text</name>
         <load_address>0x20007824</load_address>
         <run_address>0x20007824</run_address>
         <size>0xfc</size>
         <input_file_ref idref="fl-e1"/>
      </object_component>
      <object_component id="oc-1f5">
         <name>.text:free</name>
         <load_address>0x20007920</load_address>
         <run_address>0x20007920</run_address>
         <size>0xe4</size>
         <input_file_ref idref="fl-d5"/>
      </object_component>
      <object_component id="oc-1ef">
         <name>.text:realloc</name>
         <load_address>0x20007a04</load_address>
         <run_address>0x20007a04</run_address>
         <size>0xe4</size>
         <input_file_ref idref="fl-d5"/>
      </object_component>
      <object_component id="oc-46c">
         <name>.text:scalbn</name>
         <load_address>0x20007ae8</load_address>
         <run_address>0x20007ae8</run_address>
         <size>0xd0</size>
         <input_file_ref idref="fl-f4"/>
      </object_component>
      <object_component id="oc-3ac">
         <name>.text:_ltostr</name>
         <load_address>0x20007bb8</load_address>
         <run_address>0x20007bb8</run_address>
         <size>0xb1</size>
         <input_file_ref idref="fl-dc"/>
      </object_component>
      <object_component id="oc-ef">
         <name>.text:IntEnable</name>
         <load_address>0x20007c6c</load_address>
         <run_address>0x20007c6c</run_address>
         <size>0xa8</size>
         <input_file_ref idref="fl-11"/>
      </object_component>
      <object_component id="oc-d1">
         <name>.text:SPIConfigSetExpClk</name>
         <load_address>0x20007d14</load_address>
         <run_address>0x20007d14</run_address>
         <size>0xa0</size>
         <input_file_ref idref="fl-14"/>
      </object_component>
      <object_component id="oc-3d">
         <name>.text</name>
         <load_address>0x20007db4</load_address>
         <run_address>0x20007db4</run_address>
         <size>0x9c</size>
         <input_file_ref idref="fl-cf"/>
      </object_component>
      <object_component id="oc-420">
         <name>.text</name>
         <load_address>0x20007e50</load_address>
         <run_address>0x20007e50</run_address>
         <size>0x96</size>
         <input_file_ref idref="fl-d0"/>
      </object_component>
      <object_component id="oc-cb">
         <name>.text:PRCMPeripheralClockGet</name>
         <load_address>0x20007ee8</load_address>
         <run_address>0x20007ee8</run_address>
         <size>0x94</size>
         <input_file_ref idref="fl-13"/>
      </object_component>
      <object_component id="oc-362">
         <name>.text:PinConfigSet</name>
         <load_address>0x20007f7c</load_address>
         <run_address>0x20007f7c</run_address>
         <size>0x88</size>
         <input_file_ref idref="fl-12"/>
      </object_component>
      <object_component id="oc-3b2">
         <name>.text:__aeabi_cdcmple</name>
         <load_address>0x20008004</load_address>
         <run_address>0x20008004</run_address>
         <size>0x86</size>
         <input_file_ref idref="fl-df"/>
      </object_component>
      <object_component id="oc-431">
         <name>.text:__aeabi_cdrcmple</name>
         <load_address>0x2000808a</load_address>
         <run_address>0x2000808a</run_address>
         <size>0x86</size>
         <input_file_ref idref="fl-df"/>
      </object_component>
      <object_component id="oc-262">
         <name>.text:I2CMasterInitExpClk</name>
         <load_address>0x20008110</load_address>
         <run_address>0x20008110</run_address>
         <size>0x84</size>
         <input_file_ref idref="fl-10"/>
      </object_component>
      <object_component id="oc-8b">
         <name>.text</name>
         <load_address>0x20008194</load_address>
         <run_address>0x20008194</run_address>
         <size>0x7a</size>
         <input_file_ref idref="fl-e4"/>
      </object_component>
      <object_component id="oc-1bf">
         <name>.text:UARTConfigSetExpClk</name>
         <load_address>0x2000820e</load_address>
         <run_address>0x2000820e</run_address>
         <size>0x76</size>
         <input_file_ref idref="fl-15"/>
      </object_component>
      <object_component id="oc-31c">
         <name>.text:split</name>
         <load_address>0x20008284</load_address>
         <run_address>0x20008284</run_address>
         <size>0x70</size>
         <input_file_ref idref="fl-d5"/>
      </object_component>
      <object_component id="oc-451">
         <name>.text:_mcpy</name>
         <load_address>0x200082f4</load_address>
         <run_address>0x200082f4</run_address>
         <size>0x6e</size>
         <input_file_ref idref="fl-dc"/>
      </object_component>
      <object_component id="oc-15">
         <name>.text:decompress:lzss:__TI_decompress_lzss</name>
         <load_address>0x20008362</load_address>
         <run_address>0x20008362</run_address>
         <size>0x68</size>
         <input_file_ref idref="fl-d3"/>
      </object_component>
      <object_component id="oc-466">
         <name>.text:frexp</name>
         <load_address>0x200083cc</load_address>
         <run_address>0x200083cc</run_address>
         <size>0x5c</size>
         <input_file_ref idref="fl-f3"/>
      </object_component>
      <object_component id="oc-125">
         <name>.text:PRCMPeripheralReset</name>
         <load_address>0x20008428</load_address>
         <run_address>0x20008428</run_address>
         <size>0x58</size>
         <input_file_ref idref="fl-13"/>
      </object_component>
      <object_component id="oc-3bd">
         <name>.text:_pconv_f</name>
         <load_address>0x20008480</load_address>
         <run_address>0x20008480</run_address>
         <size>0x56</size>
         <input_file_ref idref="fl-dc"/>
      </object_component>
      <object_component id="oc-43b">
         <name>.text:__TI_ltoa</name>
         <load_address>0x200084d6</load_address>
         <run_address>0x200084d6</run_address>
         <size>0x54</size>
         <input_file_ref idref="fl-ea"/>
      </object_component>
      <object_component id="oc-44b">
         <name>.text:_ecpy</name>
         <load_address>0x2000852a</load_address>
         <run_address>0x2000852a</run_address>
         <size>0x52</size>
         <input_file_ref idref="fl-dc"/>
      </object_component>
      <object_component id="oc-3a6">
         <name>.text:atoi</name>
         <load_address>0x2000857c</load_address>
         <run_address>0x2000857c</run_address>
         <size>0x4c</size>
         <input_file_ref idref="fl-ec"/>
      </object_component>
      <object_component id="oc-436">
         <name>.text</name>
         <load_address>0x200085c8</load_address>
         <run_address>0x200085c8</run_address>
         <size>0x48</size>
         <input_file_ref idref="fl-e2"/>
      </object_component>
      <object_component id="oc-13f">
         <name>.text:__TI_auto_init_nobinit_nopinit:__TI_auto_init_nobinit_nopinit</name>
         <load_address>0x20008610</load_address>
         <run_address>0x20008610</run_address>
         <size>0x44</size>
         <input_file_ref idref="fl-e5"/>
      </object_component>
      <object_component id="oc-271">
         <name>.text:PinModeSet</name>
         <load_address>0x20008654</load_address>
         <run_address>0x20008654</run_address>
         <size>0x40</size>
         <input_file_ref idref="fl-12"/>
      </object_component>
      <object_component id="oc-101">
         <name>.text:strtok</name>
         <load_address>0x20008694</load_address>
         <run_address>0x20008694</run_address>
         <size>0x40</size>
         <input_file_ref idref="fl-d8"/>
      </object_component>
      <object_component id="oc-1cb">
         <name>.text:vsnprintf</name>
         <load_address>0x200086d4</load_address>
         <run_address>0x200086d4</run_address>
         <size>0x40</size>
         <input_file_ref idref="fl-ce"/>
      </object_component>
      <object_component id="oc-45e">
         <name>.text:_fcpy</name>
         <load_address>0x20008714</load_address>
         <run_address>0x20008714</run_address>
         <size>0x3e</size>
         <input_file_ref idref="fl-dc"/>
      </object_component>
      <object_component id="oc-11f">
         <name>.text:PRCMPeripheralClkEnable</name>
         <load_address>0x20008754</load_address>
         <run_address>0x20008754</run_address>
         <size>0x3c</size>
         <input_file_ref idref="fl-13"/>
      </object_component>
      <object_component id="oc-27d">
         <name>.text:GPIODirModeSet</name>
         <load_address>0x20008790</load_address>
         <run_address>0x20008790</run_address>
         <size>0x36</size>
         <input_file_ref idref="fl-f"/>
      </object_component>
      <object_component id="oc-277">
         <name>.text:PinTypeGPIO</name>
         <load_address>0x200087c6</load_address>
         <run_address>0x200087c6</run_address>
         <size>0x30</size>
         <input_file_ref idref="fl-12"/>
      </object_component>
      <object_component id="oc-2dd">
         <name>.text:UARTDisable</name>
         <load_address>0x200087f8</load_address>
         <run_address>0x200087f8</run_address>
         <size>0x30</size>
         <input_file_ref idref="fl-15"/>
      </object_component>
      <object_component id="oc-2f1">
         <name>.text:_outs</name>
         <load_address>0x20008828</load_address>
         <run_address>0x20008828</run_address>
         <size>0x30</size>
         <input_file_ref idref="fl-ce"/>
      </object_component>
      <object_component id="oc-441">
         <name>.text</name>
         <load_address>0x20008858</load_address>
         <run_address>0x20008858</run_address>
         <size>0x2e</size>
         <input_file_ref idref="fl-e3"/>
      </object_component>
      <object_component id="oc-23e">
         <name>.text:I2CMasterErr</name>
         <load_address>0x20008886</load_address>
         <run_address>0x20008886</run_address>
         <size>0x2c</size>
         <input_file_ref idref="fl-10"/>
      </object_component>
      <object_component id="oc-1a6">
         <name>.text:PRCMSysResetCauseGet</name>
         <load_address>0x200088b4</load_address>
         <run_address>0x200088b4</run_address>
         <size>0x2c</size>
         <input_file_ref idref="fl-13"/>
      </object_component>
      <object_component id="oc-20a">
         <name>.text:strspn</name>
         <load_address>0x200088e0</load_address>
         <run_address>0x200088e0</run_address>
         <size>0x2a</size>
         <input_file_ref idref="fl-f1"/>
      </object_component>
      <object_component id="oc-1b8">
         <name>.text:PRCMPeripheralClkDisable</name>
         <load_address>0x2000890c</load_address>
         <run_address>0x2000890c</run_address>
         <size>0x28</size>
         <input_file_ref idref="fl-13"/>
      </object_component>
      <object_component id="oc-323">
         <name>.text:free_list_insert</name>
         <load_address>0x20008934</load_address>
         <run_address>0x20008934</run_address>
         <size>0x28</size>
         <input_file_ref idref="fl-d5"/>
      </object_component>
      <object_component id="oc-1e3">
         <name>.text:memmove</name>
         <load_address>0x2000895c</load_address>
         <run_address>0x2000895c</run_address>
         <size>0x28</size>
         <input_file_ref idref="fl-d4"/>
      </object_component>
      <object_component id="oc-2e3">
         <name>.text:UARTEnable</name>
         <load_address>0x20008984</load_address>
         <run_address>0x20008984</run_address>
         <size>0x24</size>
         <input_file_ref idref="fl-15"/>
      </object_component>
      <object_component id="oc-5b">
         <name>.text:_c_int00_noargs:_c_int00_noargs</name>
         <load_address>0x200089a8</load_address>
         <run_address>0x200089a8</run_address>
         <size>0x24</size>
         <input_file_ref idref="fl-da"/>
      </object_component>
      <object_component id="oc-210">
         <name>.text:strcspn</name>
         <load_address>0x200089cc</load_address>
         <run_address>0x200089cc</run_address>
         <size>0x24</size>
         <input_file_ref idref="fl-f0"/>
      </object_component>
      <object_component id="oc-244">
         <name>.text:I2CMasterSlaveAddrSet</name>
         <load_address>0x200089f0</load_address>
         <run_address>0x200089f0</run_address>
         <size>0x22</size>
         <input_file_ref idref="fl-10"/>
      </object_component>
      <object_component id="oc-c5">
         <name>.text:SPIReset</name>
         <load_address>0x20008a12</load_address>
         <run_address>0x20008a12</run_address>
         <size>0x22</size>
         <input_file_ref idref="fl-14"/>
      </object_component>
      <object_component id="oc-17b">
         <name>.text:GPIOPinWrite</name>
         <load_address>0x20008a34</load_address>
         <run_address>0x20008a34</run_address>
         <size>0x20</size>
         <input_file_ref idref="fl-f"/>
      </object_component>
      <object_component id="oc-187">
         <name>.text:SPIDataGet</name>
         <load_address>0x20008a54</load_address>
         <run_address>0x20008a54</run_address>
         <size>0x20</size>
         <input_file_ref idref="fl-14"/>
      </object_component>
      <object_component id="oc-238">
         <name>.text:I2CMasterIntStatusEx</name>
         <load_address>0x20008a74</load_address>
         <run_address>0x20008a74</run_address>
         <size>0x1e</size>
         <input_file_ref idref="fl-10"/>
      </object_component>
      <object_component id="oc-181">
         <name>.text:SPIDataPut</name>
         <load_address>0x20008a92</load_address>
         <run_address>0x20008a92</run_address>
         <size>0x1e</size>
         <input_file_ref idref="fl-14"/>
      </object_component>
      <object_component id="oc-1c5">
         <name>.text:UARTCharPut</name>
         <load_address>0x20008ab0</load_address>
         <run_address>0x20008ab0</run_address>
         <size>0x1e</size>
         <input_file_ref idref="fl-15"/>
      </object_component>
      <object_component id="oc-289">
         <name>.text:PinTypeI2C</name>
         <load_address>0x20008ace</load_address>
         <run_address>0x20008ace</run_address>
         <size>0x1c</size>
         <input_file_ref idref="fl-12"/>
      </object_component>
      <object_component id="oc-1d7">
         <name>.text:UARTCharGetNonBlocking</name>
         <load_address>0x20008aea</load_address>
         <run_address>0x20008aea</run_address>
         <size>0x1c</size>
         <input_file_ref idref="fl-15"/>
      </object_component>
      <object_component id="oc-49">
         <name>.text:decompress:ZI:__TI_zero_init_nomemset:__TI_zero_init_nomemset</name>
         <load_address>0x20008b06</load_address>
         <run_address>0x20008b06</run_address>
         <size>0x1c</size>
         <input_file_ref idref="fl-d1"/>
      </object_component>
      <object_component id="oc-316">
         <name>.text:free_list_remove</name>
         <load_address>0x20008b24</load_address>
         <run_address>0x20008b24</run_address>
         <size>0x1c</size>
         <input_file_ref idref="fl-d5"/>
      </object_component>
      <object_component id="oc-3cf">
         <name>.text:memccpy</name>
         <load_address>0x20008b40</load_address>
         <run_address>0x20008b40</run_address>
         <size>0x1c</size>
         <input_file_ref idref="fl-ee"/>
      </object_component>
      <object_component id="oc-283">
         <name>.text:PinTypeSPI</name>
         <load_address>0x20008b5c</load_address>
         <run_address>0x20008b5c</run_address>
         <size>0x1a</size>
         <input_file_ref idref="fl-12"/>
      </object_component>
      <object_component id="oc-25c">
         <name>.text:I2CMasterIntEnableEx</name>
         <load_address>0x20008b76</load_address>
         <run_address>0x20008b76</run_address>
         <size>0x18</size>
         <input_file_ref idref="fl-10"/>
      </object_component>
      <object_component id="oc-18d">
         <name>.text:SPICSDisable</name>
         <load_address>0x20008b8e</load_address>
         <run_address>0x20008b8e</run_address>
         <size>0x18</size>
         <input_file_ref idref="fl-14"/>
      </object_component>
      <object_component id="oc-175">
         <name>.text:SPICSEnable</name>
         <load_address>0x20008ba6</load_address>
         <run_address>0x20008ba6</run_address>
         <size>0x18</size>
         <input_file_ref idref="fl-14"/>
      </object_component>
      <object_component id="oc-d7">
         <name>.text:SPIEnable</name>
         <load_address>0x20008bbe</load_address>
         <run_address>0x20008bbe</run_address>
         <size>0x18</size>
         <input_file_ref idref="fl-14"/>
      </object_component>
      <object_component id="oc-1d1">
         <name>.text:UARTCharsAvail</name>
         <load_address>0x20008bd6</load_address>
         <run_address>0x20008bd6</run_address>
         <size>0x18</size>
         <input_file_ref idref="fl-15"/>
      </object_component>
      <object_component id="oc-2f7">
         <name>.text:_outc</name>
         <load_address>0x20008bee</load_address>
         <run_address>0x20008bee</run_address>
         <size>0x18</size>
         <input_file_ref idref="fl-ce"/>
      </object_component>
      <object_component id="oc-113">
         <name>.text:strcmp</name>
         <load_address>0x20008c06</load_address>
         <run_address>0x20008c06</run_address>
         <size>0x18</size>
         <input_file_ref idref="fl-d6"/>
      </object_component>
      <object_component id="oc-24a">
         <name>.text:I2CMasterDataPut</name>
         <load_address>0x20008c1e</load_address>
         <run_address>0x20008c1e</run_address>
         <size>0x16</size>
         <input_file_ref idref="fl-10"/>
      </object_component>
      <object_component id="oc-256">
         <name>.text:I2CMasterEnable</name>
         <load_address>0x20008c34</load_address>
         <run_address>0x20008c34</run_address>
         <size>0x16</size>
         <input_file_ref idref="fl-10"/>
      </object_component>
      <object_component id="oc-226">
         <name>.text:I2CMasterIntClear</name>
         <load_address>0x20008c4a</load_address>
         <run_address>0x20008c4a</run_address>
         <size>0x16</size>
         <input_file_ref idref="fl-10"/>
      </object_component>
      <object_component id="oc-1ac">
         <name>.text:PRCMHIBRegRead</name>
         <load_address>0x20008c60</load_address>
         <run_address>0x20008c60</run_address>
         <size>0x16</size>
         <input_file_ref idref="fl-13"/>
      </object_component>
      <object_component id="oc-1b2">
         <name>.text:PRCMHIBRegWrite</name>
         <load_address>0x20008c76</load_address>
         <run_address>0x20008c76</run_address>
         <size>0x16</size>
         <input_file_ref idref="fl-13"/>
      </object_component>
      <object_component id="oc-472">
         <name>.text:strchr</name>
         <load_address>0x20008c8c</load_address>
         <run_address>0x20008c8c</run_address>
         <size>0x16</size>
         <input_file_ref idref="fl-ef"/>
      </object_component>
      <object_component id="oc-196">
         <name>.text:CPUcpsie</name>
         <load_address>0x20008ca2</load_address>
         <run_address>0x20008ca2</run_address>
         <size>0x14</size>
         <input_file_ref idref="fl-17"/>
      </object_component>
      <object_component id="oc-e3">
         <name>.text:IntVTableBaseSet</name>
         <load_address>0x20008cb8</load_address>
         <run_address>0x20008cb8</run_address>
         <size>0x14</size>
         <input_file_ref idref="fl-11"/>
      </object_component>
      <object_component id="oc-1dd">
         <name>.text:strlen</name>
         <load_address>0x20008ccc</load_address>
         <run_address>0x20008ccc</run_address>
         <size>0x14</size>
         <input_file_ref idref="fl-d7"/>
      </object_component>
      <object_component id="oc-232">
         <name>.text:I2CMasterControl</name>
         <load_address>0x20008ce0</load_address>
         <run_address>0x20008ce0</run_address>
         <size>0x12</size>
         <input_file_ref idref="fl-10"/>
      </object_component>
      <object_component id="oc-22c">
         <name>.text:I2CMasterTimeoutSet</name>
         <load_address>0x20008cf2</load_address>
         <run_address>0x20008cf2</run_address>
         <size>0x12</size>
         <input_file_ref idref="fl-10"/>
      </object_component>
      <object_component id="oc-3d5">
         <name>.text:wcslen</name>
         <load_address>0x20008d04</load_address>
         <run_address>0x20008d04</run_address>
         <size>0x12</size>
         <input_file_ref idref="fl-f2"/>
      </object_component>
      <object_component id="oc-250">
         <name>.text:I2CMasterDataGet</name>
         <load_address>0x20008d16</load_address>
         <run_address>0x20008d16</run_address>
         <size>0xe</size>
         <input_file_ref idref="fl-10"/>
      </object_component>
      <object_component id="oc-1b">
         <name>.text:decompress:none:__TI_decompress_none</name>
         <load_address>0x20008d24</load_address>
         <run_address>0x20008d24</run_address>
         <size>0xe</size>
         <input_file_ref idref="fl-d2"/>
      </object_component>
      <object_component id="oc-29">
         <name>.text</name>
         <load_address>0x20008d32</load_address>
         <run_address>0x20008d32</run_address>
         <size>0xe</size>
         <input_file_ref idref="fl-8"/>
      </object_component>
      <object_component id="oc-4ae">
         <name>.text:copysign</name>
         <load_address>0x20008d40</load_address>
         <run_address>0x20008d40</run_address>
         <size>0xc</size>
         <input_file_ref idref="fl-f5"/>
      </object_component>
      <object_component id="oc-e9">
         <name>.text:IntMasterEnable</name>
         <load_address>0x20008d4c</load_address>
         <run_address>0x20008d4c</run_address>
         <size>0xa</size>
         <input_file_ref idref="fl-11"/>
      </object_component>
      <object_component id="oc-21b">
         <name>.text:__aeabi_errno_addr</name>
         <load_address>0x20008d58</load_address>
         <run_address>0x20008d58</run_address>
         <size>0x8</size>
         <input_file_ref idref="fl-db"/>
      </object_component>
      <object_component id="oc-1e9">
         <name>.text:malloc</name>
         <load_address>0x20008d60</load_address>
         <run_address>0x20008d60</run_address>
         <size>0x8</size>
         <input_file_ref idref="fl-d5"/>
      </object_component>
      <object_component id="oc-2d9">
         <name>.text:UtilsDelay</name>
         <load_address>0x20008d68</load_address>
         <run_address>0x20008d68</run_address>
         <size>0x6</size>
         <input_file_ref idref="fl-16"/>
      </object_component>
      <object_component id="oc-91">
         <name>.text:_system_pre_init</name>
         <load_address>0x20008d6e</load_address>
         <run_address>0x20008d6e</run_address>
         <size>0x4</size>
         <input_file_ref idref="fl-e6"/>
      </object_component>
      <object_component id="oc-133">
         <name>.text:abort:abort</name>
         <load_address>0x20008d72</load_address>
         <run_address>0x20008d72</run_address>
         <size>0x4</size>
         <input_file_ref idref="fl-e8"/>
      </object_component>
      <object_component id="oc-375">
         <name>.const:.string:font</name>
         <load_address>0x20008d78</load_address>
         <run_address>0x20008d78</run_address>
         <size>0x4fb</size>
         <input_file_ref idref="fl-2"/>
      </object_component>
      <object_component id="oc-221">
         <name>.const:.string:_ctypes_</name>
         <load_address>0x20009273</load_address>
         <run_address>0x20009273</run_address>
         <size>0x101</size>
         <input_file_ref idref="fl-ed"/>
      </object_component>
      <object_component id="oc-35e">
         <name>.const:g_ulPinToPadMap</name>
         <load_address>0x20009374</load_address>
         <run_address>0x20009374</run_address>
         <size>0x100</size>
         <input_file_ref idref="fl-12"/>
      </object_component>
      <object_component id="oc-290">
         <name>.const:PRCM_PeriphRegsList</name>
         <load_address>0x20009474</load_address>
         <run_address>0x20009474</run_address>
         <size>0xa8</size>
         <input_file_ref idref="fl-13"/>
      </object_component>
      <object_component id="oc-1a2">
         <name>.const:g_pulEnRegs</name>
         <load_address>0x2000951c</load_address>
         <run_address>0x2000951c</run_address>
         <size>0x18</size>
         <input_file_ref idref="fl-11"/>
      </object_component>
      <object_component id="oc-507">
         <name>.cinit..data.load</name>
         <load_address>0x20009538</load_address>
         <run_address>0x20009538</run_address>
         <size>0x20</size>
      </object_component>
      <object_component id="oc-505">
         <name>__TI_handler_table</name>
         <load_address>0x20009558</load_address>
         <run_address>0x20009558</run_address>
         <size>0xc</size>
      </object_component>
      <object_component id="oc-508">
         <name>.cinit..bss.load</name>
         <load_address>0x20009568</load_address>
         <run_address>0x20009568</run_address>
         <size>0x8</size>
      </object_component>
      <object_component id="oc-506">
         <name>__TI_cinit_table</name>
         <load_address>0x20009570</load_address>
         <run_address>0x20009570</run_address>
         <size>0x10</size>
      </object_component>
      <object_component id="oc-378">
         <name>.data</name>
         <load_address>0x20017800</load_address>
         <run_address>0x20017800</run_address>
         <size>0x15</size>
         <input_file_ref idref="fl-2"/>
      </object_component>
      <object_component id="oc-3ef">
         <name>.data:$O1$$</name>
         <load_address>0x20017820</load_address>
         <run_address>0x20017820</run_address>
         <size>0x8</size>
         <input_file_ref idref="fl-d5"/>
      </object_component>
      <object_component id="oc-216">
         <name>.data</name>
         <load_address>0x2001782c</load_address>
         <run_address>0x2001782c</run_address>
         <size>0x4</size>
         <input_file_ref idref="fl-d8"/>
      </object_component>
      <object_component id="oc-33b">
         <name>.data</name>
         <load_address>0x20017828</load_address>
         <run_address>0x20017828</run_address>
         <size>0x4</size>
         <input_file_ref idref="fl-db"/>
      </object_component>
      <object_component id="oc-2b0">
         <name>.data:$O1$$</name>
         <load_address>0x20017818</load_address>
         <run_address>0x20017818</run_address>
         <size>0x8</size>
         <input_file_ref idref="fl-e9"/>
      </object_component>
      <object_component id="oc-29c">
         <name>.bss</name>
         <uninitialized>true</uninitialized>
         <run_address>0x20017830</run_address>
         <size>0x10</size>
         <input_file_ref idref="fl-6"/>
      </object_component>
      <object_component id="oc-1fb">
         <name>.bss</name>
         <uninitialized>true</uninitialized>
         <run_address>0x20017840</run_address>
         <size>0x4</size>
         <input_file_ref idref="fl-9"/>
      </object_component>
      <object_component id="oc-23">
         <name>.sysmem</name>
         <uninitialized>true</uninitialized>
         <run_address>0x20017000</run_address>
         <size>0x10</size>
         <input_file_ref idref="fl-d5"/>
      </object_component>
      <object_component id="oc-50b">
         <name>.sysmem</name>
         <uninitialized>true</uninitialized>
         <run_address>0x20017000</run_address>
         <size>0x0</size>
      </object_component>
      <object_component id="oc-26">
         <name>.stack</name>
         <uninitialized>true</uninitialized>
         <run_address>0x2002f800</run_address>
         <size>0x4</size>
         <input_file_ref idref="fl-da"/>
      </object_component>
      <object_component id="oc-50a">
         <name>.stack</name>
         <uninitialized>true</uninitialized>
         <run_address>0x2002f800</run_address>
         <size>0x0</size>
      </object_component>
      <object_component id="oc-37c">
         <name>.debug_info</name>
         <load_address>0x0</load_address>
         <run_address>0x0</run_address>
         <size>0x224</size>
         <input_file_ref idref="fl-2"/>
      </object_component>
      <object_component id="oc-376">
         <name>.debug_info</name>
         <load_address>0x224</load_address>
         <run_address>0x224</run_address>
         <size>0xd6</size>
         <input_file_ref idref="fl-2"/>
      </object_component>
      <object_component id="oc-379">
         <name>.debug_info</name>
         <load_address>0x2fa</load_address>
         <run_address>0x2fa</run_address>
         <size>0x184</size>
         <input_file_ref idref="fl-2"/>
      </object_component>
      <object_component id="oc-297">
         <name>.debug_info</name>
         <load_address>0x47e</load_address>
         <run_address>0x47e</run_address>
         <size>0x1542</size>
         <input_file_ref idref="fl-2"/>
      </object_component>
      <object_component id="oc-38">
         <name>.debug_info</name>
         <load_address>0x19c0</load_address>
         <run_address>0x19c0</run_address>
         <size>0x84</size>
         <input_file_ref idref="fl-2"/>
      </object_component>
      <object_component id="oc-194">
         <name>.debug_info</name>
         <load_address>0x1a44</load_address>
         <run_address>0x1a44</run_address>
         <size>0x225</size>
         <input_file_ref idref="fl-3"/>
      </object_component>
      <object_component id="oc-e1">
         <name>.debug_info</name>
         <load_address>0x1c69</load_address>
         <run_address>0x1c69</run_address>
         <size>0xe65</size>
         <input_file_ref idref="fl-3"/>
      </object_component>
      <object_component id="oc-370">
         <name>.debug_info</name>
         <load_address>0x2ace</load_address>
         <run_address>0x2ace</run_address>
         <size>0x62</size>
         <input_file_ref idref="fl-3"/>
      </object_component>
      <object_component id="oc-19d">
         <name>.debug_info</name>
         <load_address>0x2b30</load_address>
         <run_address>0x2b30</run_address>
         <size>0x2c</size>
         <input_file_ref idref="fl-3"/>
      </object_component>
      <object_component id="oc-bc">
         <name>.debug_info</name>
         <load_address>0x2b5c</load_address>
         <run_address>0x2b5c</run_address>
         <size>0x2c</size>
         <input_file_ref idref="fl-3"/>
      </object_component>
      <object_component id="oc-2a7">
         <name>.debug_info</name>
         <load_address>0x2b88</load_address>
         <run_address>0x2b88</run_address>
         <size>0x35</size>
         <input_file_ref idref="fl-3"/>
      </object_component>
      <object_component id="oc-26e">
         <name>.debug_info</name>
         <load_address>0x2bbd</load_address>
         <run_address>0x2bbd</run_address>
         <size>0x4e3</size>
         <input_file_ref idref="fl-4"/>
      </object_component>
      <object_component id="oc-10f">
         <name>.debug_info</name>
         <load_address>0x30a0</load_address>
         <run_address>0x30a0</run_address>
         <size>0xc00</size>
         <input_file_ref idref="fl-4"/>
      </object_component>
      <object_component id="oc-2a2">
         <name>.debug_info</name>
         <load_address>0x3ca0</load_address>
         <run_address>0x3ca0</run_address>
         <size>0x26b</size>
         <input_file_ref idref="fl-4"/>
      </object_component>
      <object_component id="oc-205">
         <name>.debug_info</name>
         <load_address>0x3f0b</load_address>
         <run_address>0x3f0b</run_address>
         <size>0x110</size>
         <input_file_ref idref="fl-4"/>
      </object_component>
      <object_component id="oc-269">
         <name>.debug_info</name>
         <load_address>0x401b</load_address>
         <run_address>0x401b</run_address>
         <size>0x8b</size>
         <input_file_ref idref="fl-4"/>
      </object_component>
      <object_component id="oc-32e">
         <name>.debug_info</name>
         <load_address>0x40a6</load_address>
         <run_address>0x40a6</run_address>
         <size>0x2a4</size>
         <input_file_ref idref="fl-4"/>
      </object_component>
      <object_component id="oc-357">
         <name>.debug_info</name>
         <load_address>0x434a</load_address>
         <run_address>0x434a</run_address>
         <size>0xbb</size>
         <input_file_ref idref="fl-4"/>
      </object_component>
      <object_component id="oc-132">
         <name>.debug_info</name>
         <load_address>0x4405</load_address>
         <run_address>0x4405</run_address>
         <size>0x59b</size>
         <input_file_ref idref="fl-5"/>
      </object_component>
      <object_component id="oc-9b">
         <name>.debug_info</name>
         <load_address>0x49a0</load_address>
         <run_address>0x49a0</run_address>
         <size>0xd2c</size>
         <input_file_ref idref="fl-5"/>
      </object_component>
      <object_component id="oc-200">
         <name>.debug_info</name>
         <load_address>0x56cc</load_address>
         <run_address>0x56cc</run_address>
         <size>0x2c</size>
         <input_file_ref idref="fl-5"/>
      </object_component>
      <object_component id="oc-29d">
         <name>.debug_info</name>
         <load_address>0x56f8</load_address>
         <run_address>0x56f8</run_address>
         <size>0x127</size>
         <input_file_ref idref="fl-6"/>
      </object_component>
      <object_component id="oc-12d">
         <name>.debug_info</name>
         <load_address>0x581f</load_address>
         <run_address>0x581f</run_address>
         <size>0x6f8</size>
         <input_file_ref idref="fl-6"/>
      </object_component>
      <object_component id="oc-11d">
         <name>.debug_info</name>
         <load_address>0x5f17</load_address>
         <run_address>0x5f17</run_address>
         <size>0x365</size>
         <input_file_ref idref="fl-7"/>
      </object_component>
      <object_component id="oc-31">
         <name>.debug_info</name>
         <load_address>0x627c</load_address>
         <run_address>0x627c</run_address>
         <size>0x194</size>
         <input_file_ref idref="fl-8"/>
      </object_component>
      <object_component id="oc-13">
         <name>.debug_info</name>
         <load_address>0x6410</load_address>
         <run_address>0x6410</run_address>
         <size>0x113</size>
         <input_file_ref idref="fl-8"/>
      </object_component>
      <object_component id="oc-2b">
         <name>.debug_info</name>
         <load_address>0x6523</load_address>
         <run_address>0x6523</run_address>
         <size>0x434</size>
         <input_file_ref idref="fl-8"/>
      </object_component>
      <object_component id="oc-1ff">
         <name>.debug_info</name>
         <load_address>0x6957</load_address>
         <run_address>0x6957</run_address>
         <size>0x3b2</size>
         <input_file_ref idref="fl-9"/>
      </object_component>
      <object_component id="oc-1fc">
         <name>.debug_info</name>
         <load_address>0x6d09</load_address>
         <run_address>0x6d09</run_address>
         <size>0xdd</size>
         <input_file_ref idref="fl-9"/>
      </object_component>
      <object_component id="oc-fc">
         <name>.debug_info</name>
         <load_address>0x6de6</load_address>
         <run_address>0x6de6</run_address>
         <size>0x643</size>
         <input_file_ref idref="fl-9"/>
      </object_component>
      <object_component id="oc-27f">
         <name>.debug_info</name>
         <load_address>0x7429</load_address>
         <run_address>0x7429</run_address>
         <size>0x1dd</size>
         <input_file_ref idref="fl-f"/>
      </object_component>
      <object_component id="oc-17e">
         <name>.debug_info</name>
         <load_address>0x7606</load_address>
         <run_address>0x7606</run_address>
         <size>0x1d4</size>
         <input_file_ref idref="fl-f"/>
      </object_component>
      <object_component id="oc-490">
         <name>.debug_info</name>
         <load_address>0x77da</load_address>
         <run_address>0x77da</run_address>
         <size>0x220</size>
         <input_file_ref idref="fl-10"/>
      </object_component>
      <object_component id="oc-263">
         <name>.debug_info</name>
         <load_address>0x79fa</load_address>
         <run_address>0x79fa</run_address>
         <size>0x242</size>
         <input_file_ref idref="fl-10"/>
      </object_component>
      <object_component id="oc-257">
         <name>.debug_info</name>
         <load_address>0x7c3c</load_address>
         <run_address>0x7c3c</run_address>
         <size>0x18d</size>
         <input_file_ref idref="fl-10"/>
      </object_component>
      <object_component id="oc-25d">
         <name>.debug_info</name>
         <load_address>0x7dc9</load_address>
         <run_address>0x7dc9</run_address>
         <size>0x1da</size>
         <input_file_ref idref="fl-10"/>
      </object_component>
      <object_component id="oc-239">
         <name>.debug_info</name>
         <load_address>0x7fa3</load_address>
         <run_address>0x7fa3</run_address>
         <size>0x1ca</size>
         <input_file_ref idref="fl-10"/>
      </object_component>
      <object_component id="oc-227">
         <name>.debug_info</name>
         <load_address>0x816d</load_address>
         <run_address>0x816d</run_address>
         <size>0x191</size>
         <input_file_ref idref="fl-10"/>
      </object_component>
      <object_component id="oc-245">
         <name>.debug_info</name>
         <load_address>0x82fe</load_address>
         <run_address>0x82fe</run_address>
         <size>0x20f</size>
         <input_file_ref idref="fl-10"/>
      </object_component>
      <object_component id="oc-233">
         <name>.debug_info</name>
         <load_address>0x850d</load_address>
         <run_address>0x850d</run_address>
         <size>0x1be</size>
         <input_file_ref idref="fl-10"/>
      </object_component>
      <object_component id="oc-23f">
         <name>.debug_info</name>
         <load_address>0x86cb</load_address>
         <run_address>0x86cb</run_address>
         <size>0x1a3</size>
         <input_file_ref idref="fl-10"/>
      </object_component>
      <object_component id="oc-24b">
         <name>.debug_info</name>
         <load_address>0x886e</load_address>
         <run_address>0x886e</run_address>
         <size>0x1be</size>
         <input_file_ref idref="fl-10"/>
      </object_component>
      <object_component id="oc-251">
         <name>.debug_info</name>
         <load_address>0x8a2c</load_address>
         <run_address>0x8a2c</run_address>
         <size>0x193</size>
         <input_file_ref idref="fl-10"/>
      </object_component>
      <object_component id="oc-22d">
         <name>.debug_info</name>
         <load_address>0x8bbf</load_address>
         <run_address>0x8bbf</run_address>
         <size>0x1cc</size>
         <input_file_ref idref="fl-10"/>
      </object_component>
      <object_component id="oc-4c8">
         <name>.debug_info</name>
         <load_address>0x8d8b</load_address>
         <run_address>0x8d8b</run_address>
         <size>0x26b</size>
         <input_file_ref idref="fl-10"/>
      </object_component>
      <object_component id="oc-400">
         <name>.debug_info</name>
         <load_address>0x8ff6</load_address>
         <run_address>0x8ff6</run_address>
         <size>0x297</size>
         <input_file_ref idref="fl-10"/>
      </object_component>
      <object_component id="oc-346">
         <name>.debug_info</name>
         <load_address>0x928d</load_address>
         <run_address>0x928d</run_address>
         <size>0xbb</size>
         <input_file_ref idref="fl-10"/>
      </object_component>
      <object_component id="oc-2d7">
         <name>.debug_info</name>
         <load_address>0x9348</load_address>
         <run_address>0x9348</run_address>
         <size>0x201</size>
         <input_file_ref idref="fl-11"/>
      </object_component>
      <object_component id="oc-1a3">
         <name>.debug_info</name>
         <load_address>0x9549</load_address>
         <run_address>0x9549</run_address>
         <size>0xf4</size>
         <input_file_ref idref="fl-11"/>
      </object_component>
      <object_component id="oc-ea">
         <name>.debug_info</name>
         <load_address>0x963d</load_address>
         <run_address>0x963d</run_address>
         <size>0x17c</size>
         <input_file_ref idref="fl-11"/>
      </object_component>
      <object_component id="oc-e6">
         <name>.debug_info</name>
         <load_address>0x97b9</load_address>
         <run_address>0x97b9</run_address>
         <size>0x1ae</size>
         <input_file_ref idref="fl-11"/>
      </object_component>
      <object_component id="oc-f1">
         <name>.debug_info</name>
         <load_address>0x9967</load_address>
         <run_address>0x9967</run_address>
         <size>0x19f</size>
         <input_file_ref idref="fl-11"/>
      </object_component>
      <object_component id="oc-407">
         <name>.debug_info</name>
         <load_address>0x9b06</load_address>
         <run_address>0x9b06</run_address>
         <size>0x14e</size>
         <input_file_ref idref="fl-12"/>
      </object_component>
      <object_component id="oc-35f">
         <name>.debug_info</name>
         <load_address>0x9c54</load_address>
         <run_address>0x9c54</run_address>
         <size>0xf6</size>
         <input_file_ref idref="fl-12"/>
      </object_component>
      <object_component id="oc-272">
         <name>.debug_info</name>
         <load_address>0x9d4a</load_address>
         <run_address>0x9d4a</run_address>
         <size>0x1bf</size>
         <input_file_ref idref="fl-12"/>
      </object_component>
      <object_component id="oc-363">
         <name>.debug_info</name>
         <load_address>0x9f09</load_address>
         <run_address>0x9f09</run_address>
         <size>0x20d</size>
         <input_file_ref idref="fl-12"/>
      </object_component>
      <object_component id="oc-28b">
         <name>.debug_info</name>
         <load_address>0xa116</load_address>
         <run_address>0xa116</run_address>
         <size>0x1d2</size>
         <input_file_ref idref="fl-12"/>
      </object_component>
      <object_component id="oc-286">
         <name>.debug_info</name>
         <load_address>0xa2e8</load_address>
         <run_address>0xa2e8</run_address>
         <size>0x1d2</size>
         <input_file_ref idref="fl-12"/>
      </object_component>
      <object_component id="oc-27a">
         <name>.debug_info</name>
         <load_address>0xa4ba</load_address>
         <run_address>0xa4ba</run_address>
         <size>0x222</size>
         <input_file_ref idref="fl-12"/>
      </object_component>
      <object_component id="oc-295">
         <name>.debug_info</name>
         <load_address>0xa6dc</load_address>
         <run_address>0xa6dc</run_address>
         <size>0x25e</size>
         <input_file_ref idref="fl-13"/>
      </object_component>
      <object_component id="oc-291">
         <name>.debug_info</name>
         <load_address>0xa93a</load_address>
         <run_address>0xa93a</run_address>
         <size>0xff</size>
         <input_file_ref idref="fl-13"/>
      </object_component>
      <object_component id="oc-1a9">
         <name>.debug_info</name>
         <load_address>0xaa39</load_address>
         <run_address>0xaa39</run_address>
         <size>0x1a6</size>
         <input_file_ref idref="fl-13"/>
      </object_component>
      <object_component id="oc-122">
         <name>.debug_info</name>
         <load_address>0xabdf</load_address>
         <run_address>0xabdf</run_address>
         <size>0x1eb</size>
         <input_file_ref idref="fl-13"/>
      </object_component>
      <object_component id="oc-1bb">
         <name>.debug_info</name>
         <load_address>0xadca</load_address>
         <run_address>0xadca</run_address>
         <size>0x1ed</size>
         <input_file_ref idref="fl-13"/>
      </object_component>
      <object_component id="oc-ce">
         <name>.debug_info</name>
         <load_address>0xafb7</load_address>
         <run_address>0xafb7</run_address>
         <size>0x216</size>
         <input_file_ref idref="fl-13"/>
      </object_component>
      <object_component id="oc-129">
         <name>.debug_info</name>
         <load_address>0xb1cd</load_address>
         <run_address>0xb1cd</run_address>
         <size>0x1c0</size>
         <input_file_ref idref="fl-13"/>
      </object_component>
      <object_component id="oc-f8">
         <name>.debug_info</name>
         <load_address>0xb38d</load_address>
         <run_address>0xb38d</run_address>
         <size>0x283</size>
         <input_file_ref idref="fl-13"/>
      </object_component>
      <object_component id="oc-1af">
         <name>.debug_info</name>
         <load_address>0xb610</load_address>
         <run_address>0xb610</run_address>
         <size>0x1bf</size>
         <input_file_ref idref="fl-13"/>
      </object_component>
      <object_component id="oc-1b5">
         <name>.debug_info</name>
         <load_address>0xb7cf</load_address>
         <run_address>0xb7cf</run_address>
         <size>0x1d4</size>
         <input_file_ref idref="fl-13"/>
      </object_component>
      <object_component id="oc-2d0">
         <name>.debug_info</name>
         <load_address>0xb9a3</load_address>
         <run_address>0xb9a3</run_address>
         <size>0x232</size>
         <input_file_ref idref="fl-14"/>
      </object_component>
      <object_component id="oc-d8">
         <name>.debug_info</name>
         <load_address>0xbbd5</load_address>
         <run_address>0xbbd5</run_address>
         <size>0x179</size>
         <input_file_ref idref="fl-14"/>
      </object_component>
      <object_component id="oc-c6">
         <name>.debug_info</name>
         <load_address>0xbd4e</load_address>
         <run_address>0xbd4e</run_address>
         <size>0x177</size>
         <input_file_ref idref="fl-14"/>
      </object_component>
      <object_component id="oc-d2">
         <name>.debug_info</name>
         <load_address>0xbec5</load_address>
         <run_address>0xbec5</run_address>
         <size>0x28e</size>
         <input_file_ref idref="fl-14"/>
      </object_component>
      <object_component id="oc-188">
         <name>.debug_info</name>
         <load_address>0xc153</load_address>
         <run_address>0xc153</run_address>
         <size>0x1aa</size>
         <input_file_ref idref="fl-14"/>
      </object_component>
      <object_component id="oc-182">
         <name>.debug_info</name>
         <load_address>0xc2fd</load_address>
         <run_address>0xc2fd</run_address>
         <size>0x1a6</size>
         <input_file_ref idref="fl-14"/>
      </object_component>
      <object_component id="oc-178">
         <name>.debug_info</name>
         <load_address>0xc4a3</load_address>
         <run_address>0xc4a3</run_address>
         <size>0x17d</size>
         <input_file_ref idref="fl-14"/>
      </object_component>
      <object_component id="oc-18f">
         <name>.debug_info</name>
         <load_address>0xc620</load_address>
         <run_address>0xc620</run_address>
         <size>0x17f</size>
         <input_file_ref idref="fl-14"/>
      </object_component>
      <object_component id="oc-1c1">
         <name>.debug_info</name>
         <load_address>0xc79f</load_address>
         <run_address>0xc79f</run_address>
         <size>0x25c</size>
         <input_file_ref idref="fl-15"/>
      </object_component>
      <object_component id="oc-2e5">
         <name>.debug_info</name>
         <load_address>0xc9fb</load_address>
         <run_address>0xc9fb</run_address>
         <size>0x17e</size>
         <input_file_ref idref="fl-15"/>
      </object_component>
      <object_component id="oc-2df">
         <name>.debug_info</name>
         <load_address>0xcb79</load_address>
         <run_address>0xcb79</run_address>
         <size>0x180</size>
         <input_file_ref idref="fl-15"/>
      </object_component>
      <object_component id="oc-1d3">
         <name>.debug_info</name>
         <load_address>0xccf9</load_address>
         <run_address>0xccf9</run_address>
         <size>0x18a</size>
         <input_file_ref idref="fl-15"/>
      </object_component>
      <object_component id="oc-1d9">
         <name>.debug_info</name>
         <load_address>0xce83</load_address>
         <run_address>0xce83</run_address>
         <size>0x19a</size>
         <input_file_ref idref="fl-15"/>
      </object_component>
      <object_component id="oc-1c8">
         <name>.debug_info</name>
         <load_address>0xd01d</load_address>
         <run_address>0xd01d</run_address>
         <size>0x1ab</size>
         <input_file_ref idref="fl-15"/>
      </object_component>
      <object_component id="oc-198">
         <name>.debug_info</name>
         <load_address>0xd1c8</load_address>
         <run_address>0xd1c8</run_address>
         <size>0x14e</size>
         <input_file_ref idref="fl-17"/>
      </object_component>
      <object_component id="oc-2fe">
         <name>.debug_info</name>
         <load_address>0xd316</load_address>
         <run_address>0xd316</run_address>
         <size>0x212</size>
         <input_file_ref idref="fl-ce"/>
      </object_component>
      <object_component id="oc-1cf">
         <name>.debug_info</name>
         <load_address>0xd528</load_address>
         <run_address>0xd528</run_address>
         <size>0x208</size>
         <input_file_ref idref="fl-ce"/>
      </object_component>
      <object_component id="oc-2f3">
         <name>.debug_info</name>
         <load_address>0xd730</load_address>
         <run_address>0xd730</run_address>
         <size>0x1c6</size>
         <input_file_ref idref="fl-ce"/>
      </object_component>
      <object_component id="oc-2f8">
         <name>.debug_info</name>
         <load_address>0xd8f6</load_address>
         <run_address>0xd8f6</run_address>
         <size>0x179</size>
         <input_file_ref idref="fl-ce"/>
      </object_component>
      <object_component id="oc-2ff">
         <name>.debug_info</name>
         <load_address>0xda6f</load_address>
         <run_address>0xda6f</run_address>
         <size>0x2c</size>
         <input_file_ref idref="fl-ce"/>
      </object_component>
      <object_component id="oc-304">
         <name>.debug_info</name>
         <load_address>0xda9b</load_address>
         <run_address>0xda9b</run_address>
         <size>0x69</size>
         <input_file_ref idref="fl-ce"/>
      </object_component>
      <object_component id="oc-40">
         <name>.debug_info</name>
         <load_address>0xdb04</load_address>
         <run_address>0xdb04</run_address>
         <size>0x119</size>
         <input_file_ref idref="fl-cf"/>
      </object_component>
      <object_component id="oc-423">
         <name>.debug_info</name>
         <load_address>0xdc1d</load_address>
         <run_address>0xdc1d</run_address>
         <size>0x134</size>
         <input_file_ref idref="fl-d0"/>
      </object_component>
      <object_component id="oc-8a">
         <name>.debug_info</name>
         <load_address>0xdd51</load_address>
         <run_address>0xdd51</run_address>
         <size>0x1a6</size>
         <input_file_ref idref="fl-d1"/>
      </object_component>
      <object_component id="oc-4a">
         <name>.debug_info</name>
         <load_address>0xdef7</load_address>
         <run_address>0xdef7</run_address>
         <size>0x1d2</size>
         <input_file_ref idref="fl-d1"/>
      </object_component>
      <object_component id="oc-85">
         <name>.debug_info</name>
         <load_address>0xe0c9</load_address>
         <run_address>0xe0c9</run_address>
         <size>0x46</size>
         <input_file_ref idref="fl-d1"/>
      </object_component>
      <object_component id="oc-48">
         <name>.debug_info</name>
         <load_address>0xe10f</load_address>
         <run_address>0xe10f</run_address>
         <size>0x17a</size>
         <input_file_ref idref="fl-d2"/>
      </object_component>
      <object_component id="oc-1c">
         <name>.debug_info</name>
         <load_address>0xe289</load_address>
         <run_address>0xe289</run_address>
         <size>0x1ea</size>
         <input_file_ref idref="fl-d2"/>
      </object_component>
      <object_component id="oc-43">
         <name>.debug_info</name>
         <load_address>0xe473</load_address>
         <run_address>0xe473</run_address>
         <size>0x46</size>
         <input_file_ref idref="fl-d2"/>
      </object_component>
      <object_component id="oc-7d">
         <name>.debug_info</name>
         <load_address>0xe4b9</load_address>
         <run_address>0xe4b9</run_address>
         <size>0x2c</size>
         <input_file_ref idref="fl-d2"/>
      </object_component>
      <object_component id="oc-7b">
         <name>.debug_info</name>
         <load_address>0xe4e5</load_address>
         <run_address>0xe4e5</run_address>
         <size>0x170</size>
         <input_file_ref idref="fl-d3"/>
      </object_component>
      <object_component id="oc-19">
         <name>.debug_info</name>
         <load_address>0xe655</load_address>
         <run_address>0xe655</run_address>
         <size>0x250</size>
         <input_file_ref idref="fl-d3"/>
      </object_component>
      <object_component id="oc-33">
         <name>.debug_info</name>
         <load_address>0xe8a5</load_address>
         <run_address>0xe8a5</run_address>
         <size>0x60</size>
         <input_file_ref idref="fl-d3"/>
      </object_component>
      <object_component id="oc-b5">
         <name>.debug_info</name>
         <load_address>0xe905</load_address>
         <run_address>0xe905</run_address>
         <size>0x46</size>
         <input_file_ref idref="fl-d3"/>
      </object_component>
      <object_component id="oc-76">
         <name>.debug_info</name>
         <load_address>0xe94b</load_address>
         <run_address>0xe94b</run_address>
         <size>0x39</size>
         <input_file_ref idref="fl-d3"/>
      </object_component>
      <object_component id="oc-30e">
         <name>.debug_info</name>
         <load_address>0xe984</load_address>
         <run_address>0xe984</run_address>
         <size>0x172</size>
         <input_file_ref idref="fl-d4"/>
      </object_component>
      <object_component id="oc-1e4">
         <name>.debug_info</name>
         <load_address>0xeaf6</load_address>
         <run_address>0xeaf6</run_address>
         <size>0x1a9</size>
         <input_file_ref idref="fl-d4"/>
      </object_component>
      <object_component id="oc-6f">
         <name>.debug_info</name>
         <load_address>0xec9f</load_address>
         <run_address>0xec9f</run_address>
         <size>0x284</size>
         <input_file_ref idref="fl-d5"/>
      </object_component>
      <object_component id="oc-24">
         <name>.debug_info</name>
         <load_address>0xef23</load_address>
         <run_address>0xef23</run_address>
         <size>0x10c</size>
         <input_file_ref idref="fl-d5"/>
      </object_component>
      <object_component id="oc-3f0">
         <name>.debug_info</name>
         <load_address>0xf02f</load_address>
         <run_address>0xf02f</run_address>
         <size>0x13f</size>
         <input_file_ref idref="fl-d5"/>
      </object_component>
      <object_component id="oc-1ed">
         <name>.debug_info</name>
         <load_address>0xf16e</load_address>
         <run_address>0xf16e</run_address>
         <size>0x168</size>
         <input_file_ref idref="fl-d5"/>
      </object_component>
      <object_component id="oc-31a">
         <name>.debug_info</name>
         <load_address>0xf2d6</load_address>
         <run_address>0xf2d6</run_address>
         <size>0x18e</size>
         <input_file_ref idref="fl-d5"/>
      </object_component>
      <object_component id="oc-327">
         <name>.debug_info</name>
         <load_address>0xf464</load_address>
         <run_address>0xf464</run_address>
         <size>0x19f</size>
         <input_file_ref idref="fl-d5"/>
      </object_component>
      <object_component id="oc-1f9">
         <name>.debug_info</name>
         <load_address>0xf603</load_address>
         <run_address>0xf603</run_address>
         <size>0x203</size>
         <input_file_ref idref="fl-d5"/>
      </object_component>
      <object_component id="oc-31e">
         <name>.debug_info</name>
         <load_address>0xf806</load_address>
         <run_address>0xf806</run_address>
         <size>0x1db</size>
         <input_file_ref idref="fl-d5"/>
      </object_component>
      <object_component id="oc-1f0">
         <name>.debug_info</name>
         <load_address>0xf9e1</load_address>
         <run_address>0xf9e1</run_address>
         <size>0x26e</size>
         <input_file_ref idref="fl-d5"/>
      </object_component>
      <object_component id="oc-312">
         <name>.debug_info</name>
         <load_address>0xfc4f</load_address>
         <run_address>0xfc4f</run_address>
         <size>0x299</size>
         <input_file_ref idref="fl-d5"/>
      </object_component>
      <object_component id="oc-b0">
         <name>.debug_info</name>
         <load_address>0xfee8</load_address>
         <run_address>0xfee8</run_address>
         <size>0xb2</size>
         <input_file_ref idref="fl-d5"/>
      </object_component>
      <object_component id="oc-ab">
         <name>.debug_info</name>
         <load_address>0xff9a</load_address>
         <run_address>0xff9a</run_address>
         <size>0x2c</size>
         <input_file_ref idref="fl-d5"/>
      </object_component>
      <object_component id="oc-270">
         <name>.debug_info</name>
         <load_address>0xffc6</load_address>
         <run_address>0xffc6</run_address>
         <size>0x15c</size>
         <input_file_ref idref="fl-d6"/>
      </object_component>
[...]
      </symbol>
      <symbol id="sm-226">
         <name>g_pfnVectors</name>
         <value>0x20004000</value>
         <object_component_ref idref="oc-12"/>
      </symbol>
      <symbol id="sm-263">
         <name>GetCmd</name>
         <value>0x2000660b</value>
         <object_component_ref idref="oc-fb"/>
      </symbol>
      <symbol id="sm-264">
         <name>Message</name>
         <value>0x200065a7</value>
         <object_component_ref idref="oc-fb"/>
      </symbol>
      <symbol id="sm-265">
         <name>Report</name>
         <value>0x20006749</value>
         <object_component_ref idref="oc-fb"/>
      </symbol>
      <symbol id="sm-266">
         <name>Error</name>
         <value>0x200065d3</value>
         <object_component_ref idref="oc-fb"/>
      </symbol>
      <symbol id="sm-267">
         <name>InitTerm</name>
         <value>0x20006589</value>
         <object_component_ref idref="oc-fb"/>
      </symbol>
      <symbol id="sm-268">
         <name>ClearTerm</name>
         <value>0x200065c9</value>
         <object_component_ref idref="oc-fb"/>
      </symbol>
      <symbol id="sm-269">
         <name>TrimSpace</name>
         <value>0x200066b1</value>
         <object_component_ref idref="oc-fb"/>
      </symbol>
      <symbol id="sm-27d">
         <name>GPIODirModeSet</name>
         <value>0x20008791</value>
         <object_component_ref idref="oc-27d"/>
      </symbol>
      <symbol id="sm-27e">
         <name>GPIOPinWrite</name>
         <value>0x20008a35</value>
         <object_component_ref idref="oc-17b"/>
      </symbol>
      <symbol id="sm-2f7">
         <name>I2CMasterDataPut</name>
         <value>0x20008c1f</value>
         <object_component_ref idref="oc-24a"/>
      </symbol>
      <symbol id="sm-2f8">
         <name>I2CMasterInitExpClk</name>
         <value>0x20008111</value>
         <object_component_ref idref="oc-262"/>
      </symbol>
      <symbol id="sm-2f9">
         <name>I2CMasterSlaveAddrSet</name>
         <value>0x200089f1</value>
         <object_component_ref idref="oc-244"/>
      </symbol>
      <symbol id="sm-2fa">
         <name>I2CMasterDataGet</name>
         <value>0x20008d17</value>
         <object_component_ref idref="oc-250"/>
      </symbol>
      <symbol id="sm-2fb">
         <name>I2CMasterIntEnableEx</name>
         <value>0x20008b77</value>
         <object_component_ref idref="oc-25c"/>
      </symbol>
      <symbol id="sm-2fc">
         <name>I2CMasterErr</name>
         <value>0x20008887</value>
         <object_component_ref idref="oc-23e"/>
      </symbol>
      <symbol id="sm-2fd">
         <name>I2CMasterTimeoutSet</name>
         <value>0x20008cf3</value>
         <object_component_ref idref="oc-22c"/>
      </symbol>
      <symbol id="sm-2fe">
         <name>I2CMasterControl</name>
         <value>0x20008ce1</value>
         <object_component_ref idref="oc-232"/>
      </symbol>
      <symbol id="sm-2ff">
         <name>I2CMasterEnable</name>
         <value>0x20008c35</value>
         <object_component_ref idref="oc-256"/>
      </symbol>
      <symbol id="sm-300">
         <name>I2CMasterIntStatusEx</name>
         <value>0x20008a75</value>
         <object_component_ref idref="oc-238"/>
      </symbol>
      <symbol id="sm-301">
         <name>I2CMasterIntClear</name>
         <value>0x20008c4b</value>
         <object_component_ref idref="oc-226"/>
      </symbol>
      <symbol id="sm-330">
         <name>IntVTableBaseSet</name>
         <value>0x20008cb9</value>
         <object_component_ref idref="oc-e3"/>
      </symbol>
      <symbol id="sm-331">
         <name>IntEnable</name>
         <value>0x20007c6d</value>
         <object_component_ref idref="oc-ef"/>
      </symbol>
      <symbol id="sm-332">
         <name>IntMasterEnable</name>
         <value>0x20008d4d</value>
         <object_component_ref idref="oc-e9"/>
      </symbol>
      <symbol id="sm-371">
         <name>PinTypeI2C</name>
         <value>0x20008acf</value>
         <object_component_ref idref="oc-289"/>
      </symbol>
      <symbol id="sm-372">
         <name>PinTypeGPIO</name>
         <value>0x200087c7</value>
         <object_component_ref idref="oc-277"/>
      </symbol>
      <symbol id="sm-373">
         <name>PinConfigSet</name>
         <value>0x20007f7d</value>
         <object_component_ref idref="oc-362"/>
      </symbol>
      <symbol id="sm-374">
         <name>PinTypeSPI</name>
         <value>0x20008b5d</value>
         <object_component_ref idref="oc-283"/>
      </symbol>
      <symbol id="sm-375">
         <name>PinModeSet</name>
         <value>0x20008655</value>
         <object_component_ref idref="oc-271"/>
      </symbol>
      <symbol id="sm-3fb">
         <name>PRCMPeripheralReset</name>
         <value>0x20008429</value>
         <object_component_ref idref="oc-125"/>
      </symbol>
      <symbol id="sm-3fc">
         <name>PRCMPeripheralClkEnable</name>
         <value>0x20008755</value>
         <object_component_ref idref="oc-11f"/>
      </symbol>
      <symbol id="sm-3fd">
         <name>PRCMPeripheralClockGet</name>
         <value>0x20007ee9</value>
         <object_component_ref idref="oc-cb"/>
      </symbol>
      <symbol id="sm-3fe">
         <name>PRCMCC3200MCUInit</name>
         <value>0x20006ff1</value>
         <object_component_ref idref="oc-f5"/>
      </symbol>
      <symbol id="sm-3ff">
         <name>PRCMHIBRegWrite</name>
         <value>0x20008c77</value>
         <object_component_ref idref="oc-1b2"/>
      </symbol>
      <symbol id="sm-400">
         <name>PRCMSysResetCauseGet</name>
         <value>0x200088b5</value>
         <object_component_ref idref="oc-1a6"/>
      </symbol>
      <symbol id="sm-401">
         <name>PRCMPeripheralClkDisable</name>
         <value>0x2000890d</value>
         <object_component_ref idref="oc-1b8"/>
      </symbol>
      <symbol id="sm-402">
         <name>PRCMHIBRegRead</name>
         <value>0x20008c61</value>
         <object_component_ref idref="oc-1ac"/>
      </symbol>
      <symbol id="sm-447">
         <name>SPICSEnable</name>
         <value>0x20008ba7</value>
         <object_component_ref idref="oc-175"/>
      </symbol>
      <symbol id="sm-448">
         <name>SPIDataPut</name>
         <value>0x20008a93</value>
         <object_component_ref idref="oc-181"/>
      </symbol>
      <symbol id="sm-449">
         <name>SPIEnable</name>
         <value>0x20008bbf</value>
         <object_component_ref idref="oc-d7"/>
      </symbol>
      <symbol id="sm-44a">
         <name>SPIDataGet</name>
         <value>0x20008a55</value>
         <object_component_ref idref="oc-187"/>
      </symbol>
      <symbol id="sm-44b">
         <name>SPIConfigSetExpClk</name>
         <value>0x20007d15</value>
         <object_component_ref idref="oc-d1"/>
      </symbol>
      <symbol id="sm-44c">
         <name>SPIReset</name>
         <value>0x20008a13</value>
         <object_component_ref idref="oc-c5"/>
      </symbol>
      <symbol id="sm-44d">
         <name>SPICSDisable</name>
         <value>0x20008b8f</value>
         <object_component_ref idref="oc-18d"/>
      </symbol>
      <symbol id="sm-489">
         <name>UARTConfigSetExpClk</name>
         <value>0x2000820f</value>
         <object_component_ref idref="oc-1bf"/>
      </symbol>
      <symbol id="sm-48a">
         <name>UARTDisable</name>
         <value>0x200087f9</value>
         <object_component_ref idref="oc-2dd"/>
      </symbol>
      <symbol id="sm-48b">
         <name>UARTCharsAvail</name>
         <value>0x20008bd7</value>
         <object_component_ref idref="oc-1d1"/>
      </symbol>
      <symbol id="sm-48c">
         <name>UARTCharGetNonBlocking</name>
         <value>0x20008aeb</value>
         <object_component_ref idref="oc-1d7"/>
      </symbol>
      <symbol id="sm-48d">
         <name>UARTCharPut</name>
         <value>0x20008ab1</value>
         <object_component_ref idref="oc-1c5"/>
      </symbol>
      <symbol id="sm-48e">
         <name>UARTEnable</name>
         <value>0x20008985</value>
         <object_component_ref idref="oc-2e3"/>
      </symbol>
      <symbol id="sm-492">
         <name>UtilsDelay</name>
         <value>0x20008d69</value>
         <object_component_ref idref="oc-2d9"/>
      </symbol>
      <symbol id="sm-49c">
         <name>CPUcpsie</name>
         <value>0x20008ca3</value>
         <object_component_ref idref="oc-196"/>
      </symbol>
      <symbol id="sm-4cc">
         <name>vsnprintf</name>
         <value>0x200086d5</value>
         <object_component_ref idref="oc-1cb"/>
      </symbol>
      <symbol id="sm-4e7">
         <name>memcpy</name>
         <value>0x20007db5</value>
         <object_component_ref idref="oc-3d"/>
      </symbol>
      <symbol id="sm-4e8">
         <name>__aeabi_memcpy</name>
         <value>0x20007db5</value>
         <object_component_ref idref="oc-3d"/>
      </symbol>
      <symbol id="sm-4e9">
         <name>__aeabi_memcpy8</name>
         <value>0x20007db5</value>
         <object_component_ref idref="oc-3d"/>
      </symbol>
      <symbol id="sm-4ea">
         <name>__aeabi_memcpy4</name>
         <value>0x20007db5</value>
         <object_component_ref idref="oc-3d"/>
      </symbol>
      <symbol id="sm-4f7">
         <name>__aeabi_uldivmod</name>
         <value>0x20007e51</value>
         <object_component_ref idref="oc-420"/>
      </symbol>
      <symbol id="sm-50b">
         <name>__TI_zero_init_nomemset</name>
         <value>0x20008b07</value>
         <object_component_ref idref="oc-49"/>
      </symbol>
      <symbol id="sm-522">
         <name>__TI_decompress_none</name>
         <value>0x20008d25</value>
         <object_component_ref idref="oc-1b"/>
      </symbol>
      <symbol id="sm-545">
         <name>__TI_decompress_lzss</name>
         <value>0x20008363</value>
         <object_component_ref idref="oc-15"/>
      </symbol>
      <symbol id="sm-556">
         <name>memmove</name>
         <value>0x2000895d</value>
         <object_component_ref idref="oc-1e3"/>
      </symbol>
      <symbol id="sm-5f4">
         <name>_sys_memory</name>
         <value>0x20017000</value>
         <object_component_ref idref="oc-23"/>
      </symbol>
      <symbol id="sm-5f5">
         <name>free</name>
         <value>0x20007921</value>
         <object_component_ref idref="oc-1f5"/>
      </symbol>
      <symbol id="sm-5f6">
         <name>realloc</name>
         <value>0x20007a05</value>
         <object_component_ref idref="oc-1ef"/>
      </symbol>
      <symbol id="sm-5f7">
         <name>memalign</name>
         <value>0x20007725</value>
         <object_component_ref idref="oc-30f"/>
      </symbol>
      <symbol id="sm-5f8">
         <name>malloc</name>
         <value>0x20008d61</value>
         <object_component_ref idref="oc-1e9"/>
      </symbol>
      <symbol id="sm-5f9">
         <name>aligned_alloc</name>
         <value>0x20007725</value>
         <object_component_ref idref="oc-30f"/>
      </symbol>
      <symbol id="sm-608">
         <name>strcmp</name>
         <value>0x20008c07</value>
         <object_component_ref idref="oc-113"/>
      </symbol>
      <symbol id="sm-616">
         <name>strlen</name>
         <value>0x20008ccd</value>
         <object_component_ref idref="oc-1dd"/>
      </symbol>
      <symbol id="sm-62e">
         <name>strtok</name>
         <value>0x20008695</value>
         <object_component_ref idref="oc-101"/>
      </symbol>
      <symbol id="sm-64e">
         <name>strtoul</name>
         <value>0x20007615</value>
         <object_component_ref idref="oc-107"/>
      </symbol>
      <symbol id="sm-660">
         <name>__stack</name>
         <value>0x2002f800</value>
         <object_component_ref idref="oc-26"/>
      </symbol>
      <symbol id="sm-661">
         <name>_c_int00_noargs</name>
         <value>0x200089a9</value>
         <object_component_ref idref="oc-5b"/>
      </symbol>
      <symbol id="sm-677">
         <name>__aeabi_errno_addr</name>
         <value>0x20008d59</value>
         <object_component_ref idref="oc-21b"/>
      </symbol>
      <symbol id="sm-678">
         <name>errno</name>
         <value>0x20017828</value>
         <object_component_ref idref="oc-33b"/>
      </symbol>
      <symbol id="sm-7dd">
         <name>__TI_printfi</name>
         <value>0x20004e81</value>
         <object_component_ref idref="oc-2eb"/>
      </symbol>
      <symbol id="sm-7e7">
         <name>__aeabi_idiv0</name>
         <value>0x200062e7</value>
         <object_component_ref idref="oc-495"/>
      </symbol>
      <symbol id="sm-7e8">
         <name>__aeabi_ldiv0</name>
         <value>0x200062e7</value>
         <object_component_ref idref="oc-495"/>
      </symbol>
      <symbol id="sm-7ff">
         <name>__aeabi_dsub</name>
         <value>0x20006e39</value>
         <object_component_ref idref="oc-446"/>
      </symbol>
      <symbol id="sm-800">
         <name>__aeabi_dadd</name>
         <value>0x20006e43</value>
         <object_component_ref idref="oc-446"/>
      </symbol>
      <symbol id="sm-822">
         <name>__aeabi_cdcmpeq</name>
         <value>0x20008005</value>
         <object_component_ref idref="oc-3b2"/>
      </symbol>
      <symbol id="sm-823">
         <name>__aeabi_cdcmple</name>
         <value>0x20008005</value>
         <object_component_ref idref="oc-3b2"/>
      </symbol>
      <symbol id="sm-824">
         <name>__aeabi_cdrcmple</name>
         <value>0x2000808b</value>
         <object_component_ref idref="oc-431"/>
      </symbol>
      <symbol id="sm-838">
         <name>__aeabi_ddiv</name>
         <value>0x200072a5</value>
         <object_component_ref idref="oc-42c"/>
      </symbol>
      <symbol id="sm-843">
         <name>__aeabi_dmul</name>
         <value>0x20007825</value>
         <object_component_ref idref="oc-427"/>
      </symbol>
      <symbol id="sm-84d">
         <name>__aeabi_d2iz</name>
         <value>0x200085c9</value>
         <object_component_ref idref="oc-436"/>
      </symbol>
      <symbol id="sm-857">
         <name>__aeabi_i2d</name>
         <value>0x20008859</value>
         <object_component_ref idref="oc-441"/>
      </symbol>
      <symbol id="sm-866">
         <name>__aeabi_memset</name>
         <value>0x20008197</value>
         <object_component_ref idref="oc-8b"/>
      </symbol>
      <symbol id="sm-867">
         <name>memset</name>
         <value>0x2000819d</value>
         <object_component_ref idref="oc-8b"/>
      </symbol>
      <symbol id="sm-868">
         <name>__aeabi_memset8</name>
         <value>0x20008197</value>
         <object_component_ref idref="oc-8b"/>
      </symbol>
      <symbol id="sm-869">
         <name>__aeabi_memset4</name>
         <value>0x20008197</value>
         <object_component_ref idref="oc-8b"/>
      </symbol>
      <symbol id="sm-86a">
         <name>__aeabi_memclr8</name>
         <value>0x20008195</value>
         <object_component_ref idref="oc-8b"/>
      </symbol>
      <symbol id="sm-86b">
         <name>__aeabi_memclr4</name>
         <value>0x20008195</value>
         <object_component_ref idref="oc-8b"/>
      </symbol>
      <symbol id="sm-86c">
         <name>__aeabi_memclr</name>
         <value>0x20008195</value>
         <object_component_ref idref="oc-8b"/>
      </symbol>
      <symbol id="sm-894">
         <name>__TI_auto_init_nobinit_nopinit</name>
         <value>0x20008611</value>
         <object_component_ref idref="oc-13f"/>
      </symbol>
      <symbol id="sm-89e">
         <name>_system_pre_init</name>
         <value>0x20008d6f</value>
         <object_component_ref idref="oc-91"/>
      </symbol>
      <symbol id="sm-8aa">
         <name>C$$EXIT</name>
         <value>0x20008d73</value>
         <object_component_ref idref="oc-133"/>
      </symbol>
      <symbol id="sm-8ab">
         <name>abort</name>
         <value>0x20008d73</value>
         <object_component_ref idref="oc-133"/>
      </symbol>
      <symbol id="sm-8c0">
         <name>_nop</name>
         <value>0x200058cf</value>
         <object_component_ref idref="oc-381"/>
      </symbol>
      <symbol id="sm-8c1">
         <name>_lock</name>
         <value>0x20017818</value>
         <object_component_ref idref="oc-2b0"/>
      </symbol>
      <symbol id="sm-8c2">
         <name>_unlock</name>
         <value>0x2001781c</value>
         <object_component_ref idref="oc-2b0"/>
      </symbol>
      <symbol id="sm-8d1">
         <name>__TI_ltoa</name>
         <value>0x200084d7</value>
         <object_component_ref idref="oc-43b"/>
      </symbol>
      <symbol id="sm-8e8">
         <name>atoi</name>
         <value>0x2000857d</value>
         <object_component_ref idref="oc-3a6"/>
      </symbol>
      <symbol id="sm-8f3">
         <name>_ctypes_</name>
         <value>0x20009273</value>
         <object_component_ref idref="oc-221"/>
      </symbol>
      <symbol id="sm-903">
         <name>memccpy</name>
         <value>0x20008b41</value>
         <object_component_ref idref="oc-3cf"/>
      </symbol>
      <symbol id="sm-913">
         <name>strchr</name>
         <value>0x20008c8d</value>
         <object_component_ref idref="oc-472"/>
      </symbol>
      <symbol id="sm-924">
         <name>strcspn</name>
         <value>0x200089cd</value>
         <object_component_ref idref="oc-210"/>
      </symbol>
      <symbol id="sm-936">
         <name>strspn</name>
         <value>0x200088e1</value>
         <object_component_ref idref="oc-20a"/>
      </symbol>
      <symbol id="sm-94f">
         <name>wcslen</name>
         <value>0x20008d05</value>
         <object_component_ref idref="oc-3d5"/>
      </symbol>
      <symbol id="sm-96f">
         <name>frexpl</name>
         <value>0x200083cd</value>
         <object_component_ref idref="oc-466"/>
      </symbol>
      <symbol id="sm-970">
         <name>frexp</name>
         <value>0x200083cd</value>
         <object_component_ref idref="oc-466"/>
      </symbol>
      <symbol id="sm-98e">
         <name>scalbn</name>
         <value>0x20007ae9</value>
         <object_component_ref idref="oc-46c"/>
      </symbol>
      <symbol id="sm-98f">
         <name>scalbnl</name>
         <value>0x20007ae9</value>
         <object_component_ref idref="oc-46c"/>
      </symbol>
      <symbol id="sm-990">
         <name>ldexpl</name>
         <value>0x20007ae9</value>
         <object_component_ref idref="oc-46c"/>
      </symbol>
      <symbol id="sm-991">
         <name>ldexp</name>
         <value>0x20007ae9</value>
         <object_component_ref idref="oc-46c"/>
      </symbol>
      <symbol id="sm-99b">
         <name>copysign</name>
         <value>0x20008d41</value>
         <object_component_ref idref="oc-4ae"/>
      </symbol>
      <symbol id="sm-99c">
         <name>copysignl</name>
         <value>0x20008d41</value>
         <object_component_ref idref="oc-4ae"/>
      </symbol>
      <symbol id="sm-99d">
         <name>__TI_static_base__</name>
         <value>0x20009538</value>
      </symbol>
      <symbol id="sm-9a0">
         <name>__mpu_init</name>
         <value>0x0</value>
      </symbol>
      <symbol id="sm-9a1">
         <name>_system_post_cinit</name>
         <value>0x0</value>
      </symbol>
   </symbol_table>
   <title>Link successful</title>
</link_info>
