******************************************************************************
                  TI ARM Linker PC v20.2.7                     
******************************************************************************
>> Linked Thu Jan 22 14:34:05 2026

OUTPUT FILE NAME:   <spi_demo.out>
ENTRY POINT SYMBOL: "_c_int00_noargs"  address: 200063ed


MEMORY CONFIGURATION

         name            origin    length      used     unused   attr    fill
----------------------  --------  ---------  --------  --------  ----  --------
  SRAM_CODE             20004000   00013000  00002c5c  000103a4  RW X
  SRAM_DATA             20017000   00019000  00001015  00017feb  RW X


SEGMENT ALLOCATION MAP

run origin  load origin   length   init length attrs members
----------  ----------- ---------- ----------- ----- -------
20004000    20004000    00002c5c   00002c5c    r-x
  20004000    20004000    00000400   00000400    r-- .intvecs
  20004400    20004400    0000217c   0000217c    r-x .text
  2000657c    2000657c    000006bc   000006bc    r-- .const
  20006c38    20006c38    00000024   00000024    r-- .cinit
20017000    20017000    00000815   00000000    rw-
  20017000    20017000    00000800   00000000    rw- .sysmem
  20017800    20017800    00000015   00000000    rw- .data
2002f800    2002f800    00000800   00000000    rw-
  2002f800    2002f800    00000800   00000000    rw- .stack


SECTION ALLOCATION MAP

 output                                  attributes/
section   page    origin      length       input sections
--------  ----  ----------  ----------   ----------------
.intvecs   0    20004000    00000400     
                  20004000    00000400     startup_ccs.obj (.intvecs)

.init_array 
*          0    20004000    00000000     UNINITIALIZED

.text      0    20004400    0000217c     
                  20004400    00000a80     Adafruit_GFX.obj (.text)
                  20004e80    0000088a     oled_test.obj (.text)
                  2000570a    00000002     --HOLE-- [fill = 0]
                  2000570c    000004a2     Adafruit_OLED.obj (.text)
                  20005bae    00000002     --HOLE-- [fill = 0]
                  20005bb0    00000178     driverlib.a : prcm.obj (.text:PRCMCC3200MCUInit)
                  20005d28    00000108     pinmux.obj (.text)
                  20005e30    000000a8     driverlib.a : interrupt.obj (.text:IntEnable)
                  20005ed8    000000a0                 : spi.obj (.text:SPIConfigSetExpClk)
                  20005f78    0000009c     rtsv7M4_T_le_eabi.lib : memcpy_t2.asm.obj (.text)
                  20006014    00000094     driverlib.a : prcm.obj (.text:PRCMPeripheralClockGet)
                  200060a8    00000088                 : pin.obj (.text:PinConfigSet)
                  20006130    00000080     main.obj (.text)
                  200061b0    00000068     rtsv7M4_T_le_eabi.lib : copy_decompress_lzss.c.obj (.text:decompress:lzss:__TI_decompress_lzss)
                  20006218    00000058     driverlib.a : prcm.obj (.text:PRCMPeripheralReset)
                  20006270    00000044     rtsv7M4_T_le_eabi.lib : autoinit.c.obj (.text:__TI_auto_init_nobinit_nopinit:__TI_auto_init_nobinit_nopinit)
                  200062b4    00000040     driverlib.a : pin.obj (.text:PinModeSet)
                  200062f4    0000003c                 : prcm.obj (.text:PRCMPeripheralClkEnable)
                  20006330    00000036                 : gpio.obj (.text:GPIODirModeSet)
                  20006366    00000030                 : pin.obj (.text:PinTypeGPIO)
                  20006396    00000002     --HOLE-- [fill = 0]
                  20006398    0000002c                 : prcm.obj (.text:PRCMSysResetCauseGet)
                  200063c4    00000028                 : prcm.obj (.text:PRCMPeripheralClkDisable)
                  200063ec    00000024     rtsv7M4_T_le_eabi.lib : boot_cortex_m.c.obj (.text:_c_int00_noargs:_c_int00_noargs)
                  20006410    00000022     driverlib.a : spi.obj (.text:SPIReset)
                  20006432    00000020                 : gpio.obj (.text:GPIOPinWrite)
                  20006452    00000020                 : spi.obj (.text:SPIDataGet)
                  20006472    0000001e                 : spi.obj (.text:SPIDataPut)
                  20006490    0000001a                 : pin.obj (.text:PinTypeSPI)
                  200064aa    00000018                 : spi.obj (.text:SPICSDisable)
                  200064c2    00000018                 : spi.obj (.text:SPICSEnable)
                  200064da    00000018                 : spi.obj (.text:SPIEnable)
                  200064f2    00000016                 : prcm.obj (.text:PRCMHIBRegRead)
                  20006508    00000016                 : prcm.obj (.text:PRCMHIBRegWrite)
                  2000651e    00000014                 : cpu.obj (.text:CPUcpsie)
                  20006532    00000002     --HOLE-- [fill = 0]
                  20006534    00000014                 : interrupt.obj (.text:IntVTableBaseSet)
                  20006548    0000000e     rtsv7M4_T_le_eabi.lib : copy_decompress_none.c.obj (.text:decompress:none:__TI_decompress_none)
                  20006556    0000000e     startup_ccs.obj (.text)
                  20006564    0000000a     driverlib.a : interrupt.obj (.text:IntMasterEnable)
                  2000656e    00000006                 : utils.obj (.text:UtilsDelay)
                  20006574    00000004     rtsv7M4_T_le_eabi.lib : pre_init.c.obj (.text:_system_pre_init)
                  20006578    00000004                           : exit.c.obj (.text:abort:abort)

.const     0    2000657c    000006bc     
                  2000657c    000004fb     Adafruit_GFX.obj (.const:.string:font)
                  20006a77    00000001     --HOLE-- [fill = 0]
                  20006a78    00000100     driverlib.a : pin.obj (.const:g_ulPinToPadMap)
                  20006b78    000000a8                 : prcm.obj (.const:PRCM_PeriphRegsList)
                  20006c20    00000018                 : interrupt.obj (.const:g_pulEnRegs)

.cinit     0    20006c38    00000024     
                  20006c38    00000013     (.cinit..data.load) [load image, compression = lzss]
                  20006c4b    00000001     --HOLE-- [fill = 0]
                  20006c4c    00000008     (__TI_handler_table)
                  20006c54    00000008     (__TI_cinit_table)

.data      0    20017800    00000015     UNINITIALIZED
                  20017800    00000015     Adafruit_GFX.obj (.data)

.sysmem    0    20017000    00000800     UNINITIALIZED
                  20017000    00000010     rtsv7M4_T_le_eabi.lib : memory.c.obj (.sysmem)
                  20017010    000007f0     --HOLE--

.stack     0    2002f800    00000800     UNINITIALIZED
                  2002f800    00000004     rtsv7M4_T_le_eabi.lib : boot_cortex_m.c.obj (.stack)
                  2002f804    000007fc     --HOLE--

__llvm_prf_cnts 
*          0    20017000    00000000     UNINITIALIZED

MODULE SUMMARY

       Module                       code   ro data   rw data
       ------                       ----   -------   -------
    .\
       Adafruit_GFX.obj             2688   1275      21     
       oled_test.obj                2186   0         0      
       Adafruit_OLED.obj            1186   0         0      
       startup_ccs.obj              14     1024      0      
       pinmux.obj                   264    0         0      
       main.obj                     128    0         0      
    +--+----------------------------+------+---------+---------+
       Total:                       6466   2299      21     
                                                            
    C:/ti/CC3200SDK_1.5.0/cc3200-sdk/driverlib/ccs/Release/driverlib.a
       prcm.obj                     800    168       0      
       pin.obj                      274    256       0      
       spi.obj                      328    0         0      
       interrupt.obj                198    24        0      
       gpio.obj                     86     0         0      
       cpu.obj                      20     0         0      
       utils.obj                    6      0         0      
    +--+----------------------------+------+---------+---------+
       Total:                       1712   448       0      
                                                            
    C:\ti\ccs1280\ccs\tools\compiler\ti-cgt-arm_20.2.7.LTS\lib\rtsv7M4_T_le_eabi.lib
       memcpy_t2.asm.obj            156    0         0      
       copy_decompress_lzss.c.obj   104    0         0      
       autoinit.c.obj               68     0         0      
       boot_cortex_m.c.obj          36     0         0      
       copy_decompress_none.c.obj   14     0         0      
       exit.c.obj                   4      0         0      
       pre_init.c.obj               4      0         0      
    +--+----------------------------+------+---------+---------+
       Total:                       386    0         0      
                                                            
       Heap:                        0      0         2048   
       Stack:                       0      0         2048   
       Linker Generated:            0      35        0      
    +--+----------------------------+------+---------+---------+
       Grand Total:                 8564   2782      4117   


LINKER GENERATED COPY TABLES

__TI_cinit_table @ 20006c54 records: 1, size/record: 8, table size: 8
	.data: load addr=20006c38, load size=00000013 bytes, run addr=20017800, run size=00000015 bytes, compression=lzss


LINKER GENERATED HANDLER TABLE

__TI_handler_table @ 20006c4c records: 2, size/record: 4, table size: 8
	index: 0, handler: __TI_decompress_lzss
	index: 1, handler: __TI_decompress_none


GLOBAL SYMBOLS: SORTED ALPHABETICALLY BY Name 

address   name                          
-------   ----                          
20005795  Adafruit_Init                 
20006579  C$$EXIT                       
2000651f  CPUcpsie                      
2000590b  Color565                      
20006331  GPIODirModeSet                
20006433  GPIOPinWrite                  
20005e31  IntEnable                     
20006565  IntMasterEnable               
20006535  IntVTableBaseSet              
20006131  MasterMain                    
20004dab  Outstr                        
20005bb1  PRCMCC3200MCUInit             
200064f3  PRCMHIBRegRead                
20006509  PRCMHIBRegWrite               
200063c5  PRCMPeripheralClkDisable      
200062f5  PRCMPeripheralClkEnable       
20006015  PRCMPeripheralClockGet        
20006219  PRCMPeripheralReset           
20006399  PRCMSysResetCauseGet          
200060a9  PinConfigSet                  
200062b5  PinModeSet                    
20005d29  PinMuxConfig                  
20006367  PinTypeGPIO                   
20006491  PinTypeSPI                    
20006557  ResetISR                      
200064ab  SPICSDisable                  
200064c3  SPICSEnable                   
20005ed9  SPIConfigSetExpClk            
20006453  SPIDataGet                    
20006473  SPIDataPut                    
200064db  SPIEnable                     
20006411  SPIReset                      
2000656f  UtilsDelay                    
20030000  __STACK_END                   
00000800  __STACK_SIZE                  
00000800  __SYSMEM_SIZE                 
20006c54  __TI_CINIT_Base               
20006c5c  __TI_CINIT_Limit              
20006c4c  __TI_Handler_Table_Base       
20006c54  __TI_Handler_Table_Limit      
20006271  __TI_auto_init_nobinit_nopinit
200061b1  __TI_decompress_lzss          
20006549  __TI_decompress_none          
ffffffff  __TI_pprof_out_hndl           
ffffffff  __TI_prof_data_size           
ffffffff  __TI_prof_data_start          
20006c38  __TI_static_base__            
20005f79  __aeabi_memcpy                
20005f79  __aeabi_memcpy4               
20005f79  __aeabi_memcpy8               
ffffffff  __binit__                     
ffffffff  __c_args__                    
UNDEFED   __mpu_init                    
2002f800  __stack                       
20017000  __start___llvm_prf_cnts       
20017000  __stop___llvm_prf_cnts        
200063ed  _c_int00_noargs               
20017000  _sys_memory                   
UNDEFED   _system_post_cinit            
20006575  _system_pre_init              
20006579  abort                         
ffffffff  binit                         
20005661  checkoffLoop                  
20017800  cursor_x                      
20017804  cursor_y                      
20004c5f  drawChar                      
20004401  drawCircle                    
20004535  drawCircleHelper              
20005ab9  drawFastHLine                 
20005a1d  drawFastVLine                 
2000477b  drawLine                      
20005b55  drawPixel                     
20004867  drawRect                      
200048b5  drawRoundRect                 
20004a1d  drawTriangle                  
20004653  fillCircle                    
2000468d  fillCircleHelper              
20005963  fillRect                      
200049a3  fillRoundRect                 
2000594d  fillScreen                    
20004a5f  fillTriangle                  
20004000  g_pfnVectors                  
200058c7  goTo                          
20004e5f  height                        
20005b93  invert                        
200053f3  lcdTestPattern                
200054c3  lcdTestPattern2               
20006177  main                          
20005f79  memcpy                        
20004df7  setCursor                     
20004e2f  setTextColor                  
20004e0f  setTextSize                   
20004e47  setTextWrap                   
200050b7  testdrawcircles               
20004f27  testdrawrects                 
20004eb5  testfastlines                 
20005045  testfillcircles               
20004f87  testfillrects                 
20005225  testlines                     
200051b3  testroundrects                
20005131  testtriangles                 
20017810  textbgcolor                   
2001780c  textcolor                     
20017808  textsize                      
20004e5b  width                         
20017814  wrap                          
2000570d  writeCommand                  
20005751  writeData                     


GLOBAL SYMBOLS: SORTED BY Symbol Address 

address   name                          
-------   ----                          
00000800  __STACK_SIZE                  
00000800  __SYSMEM_SIZE                 
20004000  g_pfnVectors                  
20004401  drawCircle                    
20004535  drawCircleHelper              
20004653  fillCircle                    
2000468d  fillCircleHelper              
2000477b  drawLine                      
20004867  drawRect                      
200048b5  drawRoundRect                 
200049a3  fillRoundRect                 
20004a1d  drawTriangle                  
20004a5f  fillTriangle                  
20004c5f  drawChar                      
20004dab  Outstr                        
20004df7  setCursor                     
20004e0f  setTextSize                   
20004e2f  setTextColor                  
20004e47  setTextWrap                   
20004e5b  width                         
20004e5f  height                        
20004eb5  testfastlines                 
20004f27  testdrawrects                 
20004f87  testfillrects                 
20005045  testfillcircles               
200050b7  testdrawcircles               
20005131  testtriangles                 
200051b3  testroundrects                
20005225  testlines                     
200053f3  lcdTestPattern                
200054c3  lcdTestPattern2               
20005661  checkoffLoop                  
2000570d  writeCommand                  
20005751  writeData                     
20005795  Adafruit_Init                 
200058c7  goTo                          
2000590b  Color565                      
2000594d  fillScreen                    
20005963  fillRect                      
20005a1d  drawFastVLine                 
20005ab9  drawFastHLine                 
20005b55  drawPixel                     
20005b93  invert                        
20005bb1  PRCMCC3200MCUInit             
20005d29  PinMuxConfig                  
20005e31  IntEnable                     
20005ed9  SPIConfigSetExpClk            
20005f79  __aeabi_memcpy                
20005f79  __aeabi_memcpy4               
20005f79  __aeabi_memcpy8               
20005f79  memcpy                        
20006015  PRCMPeripheralClockGet        
200060a9  PinConfigSet                  
20006131  MasterMain                    
20006177  main                          
200061b1  __TI_decompress_lzss          
20006219  PRCMPeripheralReset           
20006271  __TI_auto_init_nobinit_nopinit
200062b5  PinModeSet                    
200062f5  PRCMPeripheralClkEnable       
20006331  GPIODirModeSet                
20006367  PinTypeGPIO                   
20006399  PRCMSysResetCauseGet          
200063c5  PRCMPeripheralClkDisable      
200063ed  _c_int00_noargs               
20006411  SPIReset                      
20006433  GPIOPinWrite                  
20006453  SPIDataGet                    
20006473  SPIDataPut                    
20006491  PinTypeSPI                    
200064ab  SPICSDisable                  
200064c3  SPICSEnable                   
200064db  SPIEnable                     
200064f3  PRCMHIBRegRead                
20006509  PRCMHIBRegWrite               
2000651f  CPUcpsie                      
20006535  IntVTableBaseSet              
20006549  __TI_decompress_none          
20006557  ResetISR                      
20006565  IntMasterEnable               
2000656f  UtilsDelay                    
20006575  _system_pre_init              
20006579  C$$EXIT                       
20006579  abort                         
20006c38  __TI_static_base__            
20006c4c  __TI_Handler_Table_Base       
20006c54  __TI_CINIT_Base               
20006c54  __TI_Handler_Table_Limit      
20006c5c  __TI_CINIT_Limit              
20017000  __start___llvm_prf_cnts       
20017000  __stop___llvm_prf_cnts        
20017000  _sys_memory                   
20017800  cursor_x                      
20017804  cursor_y                      
20017808  textsize                      
2001780c  textcolor                     
20017810  textbgcolor                   
20017814  wrap                          
2002f800  __stack                       
20030000  __STACK_END                   
ffffffff  __TI_pprof_out_hndl           
ffffffff  __TI_prof_data_size           
ffffffff  __TI_prof_data_start          
ffffffff  __binit__                     
ffffffff  __c_args__                    
ffffffff  binit                         
UNDEFED   __mpu_init                    
UNDEFED   _system_post_cinit            

[108 symbols]
