
**** Build of configuration Debug for project blinky ****

"C:\\ti\\ccs1250\\ccs\\utils\\bin\\gmake" -k -j 14 all -O 
 
Building target: "blinky.out"
Invoking: Arm Linker
"C:/ti/ccs1250/ccs/tools/compiler/ti-cgt-arm_20.2.7.LTS/bin/armcl" -mv7M4 --code_state=16 --float_support=none -me -Ooff --define=ccs --define=cc3200 --define=NON_NETWORK -g --diag_warning=225 --diag_wrap=off --display_error_number --abi=eabi -z -m"blinky.map" --heap_size=0x800 --stack_size=0x800 -i"C:/ti/ccs1250/ccs/tools/compiler/ti-cgt-arm_20.2.7.LTS/lib" -i"C:/ti/ccs1250/ccs/tools/compiler/ti-cgt-arm_20.2.7.LTS/include" --reread_libs --diag_wrap=off --display_error_number --warn_sections --xml_link_info="blinky_linkInfo.xml" --rom_model -o "blinky.out" "./gpio_if.obj" "./main.obj" "./pinmux.obj" "./startup_ccs.obj" "../blinky/Debug/gpio_if.obj" "../blinky/Debug/main.obj" "../blinky/Debug/pinmux.obj" "../blinky/Debug/startup_ccs.obj" "./blinky/main.obj" "./blinky/pinmux.obj" "../cc3200v1p32.cmd" "../blinky/cc3200v1p32.cmd"  -l"C:/ti/CC3200SDK_1.5.0/cc3200-sdk/driverlib/ccs/Release/driverlib.a" -llibc.a 
<Linking>
"../blinky/cc3200v1p32.cmd", line 63: error #10263: SRAM_CODE memory range has already been specified
"../blinky/cc3200v1p32.cmd", line 63: error #10264: SRAM_CODE memory range overlaps existing memory range SRAM_CODE
"../blinky/cc3200v1p32.cmd", line 64: error #10263: SRAM_DATA memory range has already been specified
"../blinky/cc3200v1p32.cmd", line 64: error #10264: SRAM_DATA memory range overlaps existing memory range SRAM_DATA
error #10056: symbol "g_uiLED3Port" redefined: first defined in "./gpio_if.obj"; redefined in "../blinky/Debug/gpio_if.obj"
error #10056: symbol "GPIO_IF_Set" redefined: first defined in "./gpio_if.obj"; redefined in "../blinky/Debug/gpio_if.obj"
error #10056: symbol "GPIO_IF_LedOn" redefined: first defined in "./gpio_if.obj"; redefined in "../blinky/Debug/gpio_if.obj"
error #10056: symbol "GPIO_IF_GetPortNPin" redefined: first defined in "./gpio_if.obj"; redefined in "../blinky/Debug/gpio_if.obj"
error #10056: symbol "GPIO_IF_LedStatus" redefined: first defined in "./gpio_if.obj"; redefined in "../blinky/Debug/gpio_if.obj"
error #10056: symbol "g_uiLED1Port" redefined: first defined in "./gpio_if.obj"; redefined in "../blinky/Debug/gpio_if.obj"
error #10056: symbol "GPIO_IF_LedConfigure" redefined: first defined in "./gpio_if.obj"; redefined in "../blinky/Debug/gpio_if.obj"
error #10056: symbol "GPIO_IF_Get" redefined: first defined in "./gpio_if.obj"; redefined in "../blinky/Debug/gpio_if.obj"
error #10056: symbol "GPIO_IF_LedToggle" redefined: first defined in "./gpio_if.obj"; redefined in "../blinky/Debug/gpio_if.obj"
error #10056: symbol "GPIO_IF_ConfigureNIntEnable" redefined: first defined in "./gpio_if.obj"; redefined in "../blinky/Debug/gpio_if.obj"
error #10056: symbol "GPIO_IF_LedOff" redefined: first defined in "./gpio_if.obj"; redefined in "../blinky/Debug/gpio_if.obj"
error #10056: symbol "g_uiLED2Port" redefined: first defined in "./gpio_if.obj"; redefined in "../blinky/Debug/gpio_if.obj"
error #10056: symbol "LEDBlinkyRoutine" redefined: first defined in "./main.obj"; redefined in "../blinky/Debug/main.obj"
error #10056: symbol "main" redefined: first defined in "./main.obj"; redefined in "../blinky/Debug/main.obj"
error #10056: symbol "PinMuxConfig" redefined: first defined in "./pinmux.obj"; redefined in "../blinky/Debug/pinmux.obj"
error #10056: symbol "ResetISR" redefined: first defined in "./startup_ccs.obj"; redefined in "../blinky/Debug/startup_ccs.obj"
error #10056: symbol "g_pfnVectors" redefined: first defined in "./startup_ccs.obj"; redefined in "../blinky/Debug/startup_ccs.obj"
error #10056: symbol "LEDBlinkyRoutine" redefined: first defined in "./main.obj"; redefined in "./blinky/main.obj"
error #10056: symbol "main" redefined: first defined in "./main.obj"; redefined in "./blinky/main.obj"
error #10056: symbol "PinMuxConfig" redefined: first defined in "./pinmux.obj"; redefined in "./blinky/pinmux.obj"
error #10010: errors encountered during linking; "blinky.out" not built
 
>> Compilation failure
makefile:150: recipe for target 'blinky.out' failed
gmake[1]: *** [blinky.out] Error 1
makefile:146: recipe for target 'all' failed
gmake: *** [all] Error 2

**** Build Finished ****
