******************************************************************************
                  TI ARM Linker PC v20.2.7                     
******************************************************************************
>> Linked Tue Jan 27 12:00:21 2026

OUTPUT FILE NAME:   <spi_demo_lab2.out>
ENTRY POINT SYMBOL: "_c_int00_noargs"  address: 200087b9


MEMORY CONFIGURATION

         name            origin    length      used     unused   attr    fill
----------------------  --------  ---------  --------  --------  ----  --------
  SRAM_CODE             20004000   00013000  00005262  0000dd9e  RW X
  SRAM_DATA             20017000   00019000  00001030  00017fd0  RW X


SEGMENT ALLOCATION MAP

run origin  load origin   length   init length attrs members
----------  ----------- ---------- ----------- ----- -------
20004000    20004000    00005268   00005268    r-x
  20004000    20004000    00000400   00000400    r-- .intvecs
  20004400    20004400    0000465e   0000465e    r-x .text
  20008a60    20008a60    000007bc   000007bc    r-- .const
  20009220    20009220    00000048   00000048    r-- .cinit
20017000    20017000    00000830   00000000    rw-
  20017000    20017000    00000800   00000000    rw- .sysmem
  20017800    20017800    0000002c   00000000    rw- .data
  2001782c    2001782c    00000004   00000000    rw- .bss
2002f800    2002f800    00000800   00000000    rw-
  2002f800    2002f800    00000800   00000000    rw- .stack


SECTION ALLOCATION MAP

 output                                  attributes/
section   page    origin      length       input sections
--------  ----  ----------  ----------   ----------------
.intvecs   0    20004000    00000400     
                  20004000    00000400     startup_ccs.obj (.intvecs)

.init_array 
*          0    20004000    00000000     UNINITIALIZED

.text      0    20004400    0000465e     
                  20004400    00000a80     Adafruit_GFX.obj (.text)
                  20004e80    00000a4e     rtsv7M4_T_le_eabi.lib : _printfi.c.obj (.text:__TI_printfi)
                  200058ce    00000002                           : _lock.c.obj (.text:_nop)
                  200058d0    0000088a     oled_test.obj (.text)
                  2000615a    00000002     rtsv7M4_T_le_eabi.lib : div0.asm.obj (.text)
                  2000615c    000004a2     Adafruit_OLED.obj (.text)
                  200065fe    00000002     --HOLE-- [fill = 0]
                  20006600    0000027c     uart_if.obj (.text)
                  2000687c    00000268     rtsv7M4_T_le_eabi.lib : _printfi.c.obj (.text:_pconv_a)
                  20006ae4    000001d4     main.obj (.text)
                  20006cb8    000001cc     rtsv7M4_T_le_eabi.lib : _printfi.c.obj (.text:_pconv_g)
                  20006e84    000001b6                           : fd_add_t2.asm.obj (.text)
                  2000703a    00000002     --HOLE-- [fill = 0]
                  2000703c    00000178     driverlib.a : prcm.obj (.text:PRCMCC3200MCUInit)
                  200071b4    0000013c     rtsv7M4_T_le_eabi.lib : _printfi.c.obj (.text:_pconv_e)
                  200072f0    00000136                           : fd_div_t2.asm.obj (.text)
                  20007426    00000002     --HOLE-- [fill = 0]
                  20007428    00000120                           : _printfi.c.obj (.text:fcvt)
                  20007548    00000108     pin_mux_config.obj (.text)
                  20007650    00000100     rtsv7M4_T_le_eabi.lib : memory.c.obj (.text:aligned_alloc)
                  20007750    000000fc                           : fd_mul_t2.asm.obj (.text)
                  2000784c    000000e4                           : memory.c.obj (.text:free)
                  20007930    000000e4                           : memory.c.obj (.text:realloc)
                  20007a14    000000d0                           : s_scalbn.c.obj (.text:scalbn)
                  20007ae4    000000b1                           : _printfi.c.obj (.text:_ltostr)
                  20007b95    00000003     --HOLE-- [fill = 0]
                  20007b98    000000a8     driverlib.a : interrupt.obj (.text:IntEnable)
                  20007c40    000000a0                 : spi.obj (.text:SPIConfigSetExpClk)
                  20007ce0    0000009c     rtsv7M4_T_le_eabi.lib : memcpy_t2.asm.obj (.text)
                  20007d7c    00000096                           : ull_div_t2.asm.obj (.text)
                  20007e12    00000002     --HOLE-- [fill = 0]
                  20007e14    00000094     driverlib.a : prcm.obj (.text:PRCMPeripheralClockGet)
                  20007ea8    00000088                 : pin.obj (.text:PinConfigSet)
                  20007f30    00000086     rtsv7M4_T_le_eabi.lib : fd_cmp_t2.asm.obj (.text:__aeabi_cdcmple)
                  20007fb6    00000086                           : fd_cmp_t2.asm.obj (.text:__aeabi_cdrcmple)
                  2000803c    0000007a                           : memset_t2.asm.obj (.text)
                  200080b6    00000076     driverlib.a : uart.obj (.text:UARTConfigSetExpClk)
                  2000812c    00000070     rtsv7M4_T_le_eabi.lib : memory.c.obj (.text:split)
                  2000819c    0000006e                           : _printfi.c.obj (.text:_mcpy)
                  2000820a    00000068                           : copy_decompress_lzss.c.obj (.text:decompress:lzss:__TI_decompress_lzss)
                  20008272    00000002     --HOLE-- [fill = 0]
                  20008274    0000005c                           : s_frexp.c.obj (.text:frexp)
                  200082d0    00000058     driverlib.a : prcm.obj (.text:PRCMPeripheralReset)
                  20008328    00000056     rtsv7M4_T_le_eabi.lib : _printfi.c.obj (.text:_pconv_f)
                  2000837e    00000054                           : _ltoa.c.obj (.text:__TI_ltoa)
                  200083d2    00000052                           : _printfi.c.obj (.text:_ecpy)
                  20008424    0000004c                           : atoi.c.obj (.text:atoi)
                  20008470    00000048                           : fd_toi_t2.asm.obj (.text)
                  200084b8    00000044                           : autoinit.c.obj (.text:__TI_auto_init_nobinit_nopinit:__TI_auto_init_nobinit_nopinit)
                  200084fc    00000040     driverlib.a : pin.obj (.text:PinModeSet)
                  2000853c    00000040     rtsv7M4_T_le_eabi.lib : vsnprintf.c.obj (.text:vsnprintf)
                  2000857c    0000003e                           : _printfi.c.obj (.text:_fcpy)
                  200085ba    00000002     --HOLE-- [fill = 0]
                  200085bc    0000003c     driverlib.a : prcm.obj (.text:PRCMPeripheralClkEnable)
                  200085f8    00000036                 : gpio.obj (.text:GPIODirModeSet)
                  2000862e    00000030                 : pin.obj (.text:PinTypeGPIO)
                  2000865e    00000002     --HOLE-- [fill = 0]
                  20008660    00000030                 : uart.obj (.text:UARTDisable)
                  20008690    00000030     rtsv7M4_T_le_eabi.lib : vsnprintf.c.obj (.text:_outs)
                  200086c0    0000002e                           : i_tofd_t2.asm.obj (.text)
                  200086ee    00000002     --HOLE-- [fill = 0]
                  200086f0    0000002c     driverlib.a : prcm.obj (.text:PRCMSysResetCauseGet)
                  2000871c    00000028                 : prcm.obj (.text:PRCMPeripheralClkDisable)
                  20008744    00000028     rtsv7M4_T_le_eabi.lib : memory.c.obj (.text:free_list_insert)
                  2000876c    00000028                           : memmov.c.obj (.text:memmove)
                  20008794    00000024     driverlib.a : uart.obj (.text:UARTEnable)
                  200087b8    00000024     rtsv7M4_T_le_eabi.lib : boot_cortex_m.c.obj (.text:_c_int00_noargs:_c_int00_noargs)
                  200087dc    00000022     driverlib.a : spi.obj (.text:SPIReset)
                  200087fe    00000020                 : gpio.obj (.text:GPIOPinWrite)
                  2000881e    00000020                 : spi.obj (.text:SPIDataGet)
                  2000883e    0000001e                 : spi.obj (.text:SPIDataPut)
                  2000885c    0000001e                 : uart.obj (.text:UARTCharPut)
                  2000887a    0000001c                 : uart.obj (.text:UARTCharGetNonBlocking)
                  20008896    0000001c     rtsv7M4_T_le_eabi.lib : copy_zero_init.c.obj (.text:decompress:ZI:__TI_zero_init_nomemset:__TI_zero_init_nomemset)
                  200088b2    00000002     --HOLE-- [fill = 0]
                  200088b4    0000001c                           : memory.c.obj (.text:free_list_remove)
                  200088d0    0000001c                           : memccpy.c.obj (.text:memccpy)
                  200088ec    0000001a     driverlib.a : pin.obj (.text:PinTypeSPI)
                  20008906    00000018                 : spi.obj (.text:SPICSDisable)
                  2000891e    00000018                 : spi.obj (.text:SPICSEnable)
                  20008936    00000018                 : spi.obj (.text:SPIEnable)
                  2000894e    00000018                 : uart.obj (.text:UARTCharsAvail)
                  20008966    00000018     rtsv7M4_T_le_eabi.lib : vsnprintf.c.obj (.text:_outc)
                  2000897e    00000016     driverlib.a : prcm.obj (.text:PRCMHIBRegRead)
                  20008994    00000016                 : prcm.obj (.text:PRCMHIBRegWrite)
                  200089aa    00000016     rtsv7M4_T_le_eabi.lib : strchr.c.obj (.text:strchr)
                  200089c0    00000014     driverlib.a : cpu.obj (.text:CPUcpsie)
                  200089d4    00000014                 : interrupt.obj (.text:IntVTableBaseSet)
                  200089e8    00000014     rtsv7M4_T_le_eabi.lib : strlen.c.obj (.text:strlen)
                  200089fc    00000012                           : wcslen.c.obj (.text:wcslen)
                  20008a0e    0000000e                           : copy_decompress_none.c.obj (.text:decompress:none:__TI_decompress_none)
                  20008a1c    0000000e     startup_ccs.obj (.text)
                  20008a2a    0000000c     rtsv7M4_T_le_eabi.lib : s_copysign.c.obj (.text:copysign)
                  20008a36    0000000a     driverlib.a : interrupt.obj (.text:IntMasterEnable)
                  20008a40    00000008     rtsv7M4_T_le_eabi.lib : errno.c.obj (.text:__aeabi_errno_addr)
                  20008a48    00000008                           : memory.c.obj (.text:malloc)
                  20008a50    00000006     driverlib.a : utils.obj (.text:UtilsDelay)
                  20008a56    00000004     rtsv7M4_T_le_eabi.lib : pre_init.c.obj (.text:_system_pre_init)
                  20008a5a    00000004                           : exit.c.obj (.text:abort:abort)

.const     0    20008a60    000007bc     
                  20008a60    000004fb     Adafruit_GFX.obj (.const:.string:font)
                  20008f5b    00000101     rtsv7M4_T_le_eabi.lib : ctype.c.obj (.const:.string:_ctypes_)
                  2000905c    00000100     driverlib.a : pin.obj (.const:g_ulPinToPadMap)
                  2000915c    000000a8                 : prcm.obj (.const:PRCM_PeriphRegsList)
                  20009204    00000018                 : interrupt.obj (.const:g_pulEnRegs)

.cinit     0    20009220    00000048     
                  20009220    00000020     (.cinit..data.load) [load image, compression = lzss]
                  20009240    0000000c     (__TI_handler_table)
                  2000924c    00000004     --HOLE-- [fill = 0]
                  20009250    00000008     (.cinit..bss.load) [load image, compression = zero_init]
                  20009258    00000010     (__TI_cinit_table)

.sysmem    0    20017000    00000800     UNINITIALIZED
                  20017000    00000010     rtsv7M4_T_le_eabi.lib : memory.c.obj (.sysmem)
                  20017010    000007f0     --HOLE--

.data      0    20017800    0000002c     UNINITIALIZED
                  20017800    00000015     Adafruit_GFX.obj (.data)
                  20017815    00000003     --HOLE--
                  20017818    00000008     rtsv7M4_T_le_eabi.lib : _lock.c.obj (.data:$O1$$)
                  20017820    00000008                           : memory.c.obj (.data:$O1$$)
                  20017828    00000004                           : errno.c.obj (.data)

.bss       0    2001782c    00000004     UNINITIALIZED
                  2001782c    00000004     uart_if.obj (.bss)

.stack     0    2002f800    00000800     UNINITIALIZED
                  2002f800    00000004     rtsv7M4_T_le_eabi.lib : boot_cortex_m.c.obj (.stack)
                  2002f804    000007fc     --HOLE--

__llvm_prf_cnts 
*          0    20017000    00000000     UNINITIALIZED

MODULE SUMMARY

       Module                       code    ro data   rw data
       ------                       ----    -------   -------
    .\
       Adafruit_GFX.obj             2688    1275      21     
       oled_test.obj                2186    0         0      
       Adafruit_OLED.obj            1186    0         0      
       startup_ccs.obj              14      1024      0      
       uart_if.obj                  636     0         4      
       main.obj                     468     0         0      
       pin_mux_config.obj           264     0         0      
    +--+----------------------------+-------+---------+---------+
       Total:                       7442    2299      25     
                                                             
    C:/Users/thielith/ti/CC3200SDK_1.5.0/cc3200-sdk/driverlib/ccs/Release/driverlib.a
       prcm.obj                     800     168       0      
       pin.obj                      274     256       0      
       spi.obj                      328     0         0      
       uart.obj                     284     0         0      
       interrupt.obj                198     24        0      
       gpio.obj                     86      0         0      
       cpu.obj                      20      0         0      
       utils.obj                    6       0         0      
    +--+----------------------------+-------+---------+---------+
       Total:                       1996    448       0      
                                                             
    C:\Users\thielith\ti\ccs1250\ccs\tools\compiler\ti-cgt-arm_20.2.7.LTS\lib\rtsv7M4_T_le_eabi.lib
       _printfi.c.obj               4835    0         0      
       memory.c.obj                 900     0         8      
       fd_add_t2.asm.obj            438     0         0      
       fd_div_t2.asm.obj            310     0         0      
       fd_cmp_t2.asm.obj            268     0         0      
       ctype.c.obj                  0       257       0      
       fd_mul_t2.asm.obj            252     0         0      
       s_scalbn.c.obj               208     0         0      
       memcpy_t2.asm.obj            156     0         0      
       ull_div_t2.asm.obj           150     0         0      
       vsnprintf.c.obj              136     0         0      
       memset_t2.asm.obj            122     0         0      
       copy_decompress_lzss.c.obj   104     0         0      
       s_frexp.c.obj                92      0         0      
       _ltoa.c.obj                  84      0         0      
       atoi.c.obj                   76      0         0      
       fd_toi_t2.asm.obj            72      0         0      
       autoinit.c.obj               68      0         0      
       i_tofd_t2.asm.obj            46      0         0      
       memmov.c.obj                 40      0         0      
       boot_cortex_m.c.obj          36      0         0      
       copy_zero_init.c.obj         28      0         0      
       memccpy.c.obj                28      0         0      
       strchr.c.obj                 22      0         0      
       strlen.c.obj                 20      0         0      
       wcslen.c.obj                 18      0         0      
       copy_decompress_none.c.obj   14      0         0      
       errno.c.obj                  8       0         4      
       s_copysign.c.obj             12      0         0      
       _lock.c.obj                  2       0         8      
       exit.c.obj                   4       0         0      
       pre_init.c.obj               4       0         0      
       div0.asm.obj                 2       0         0      
    +--+----------------------------+-------+---------+---------+
       Total:                       8555    257       20     
                                                             
       Heap:                        0       0         2048   
       Stack:                       0       0         2048   
       Linker Generated:            0       68        0      
    +--+----------------------------+-------+---------+---------+
       Grand Total:                 17993   3072      4141   


LINKER GENERATED COPY TABLES

__TI_cinit_table @ 20009258 records: 2, size/record: 8, table size: 16
	.data: load addr=20009220, load size=00000020 bytes, run addr=20017800, run size=0000002c bytes, compression=lzss
	.bss: load addr=20009250, load size=00000008 bytes, run addr=2001782c, run size=00000004 bytes, compression=zero_init


LINKER GENERATED HANDLER TABLE

__TI_handler_table @ 20009240 records: 3, size/record: 4, table size: 12
	index: 0, handler: __TI_decompress_lzss
	index: 1, handler: __TI_decompress_none
	index: 2, handler: __TI_zero_init


GLOBAL SYMBOLS: SORTED ALPHABETICALLY BY Name 

address   name                          
-------   ----                          
200061e5  Adafruit_Init                 
20008a5b  C$$EXIT                       
200089c1  CPUcpsie                      
20006641  ClearTerm                     
2000635b  Color565                      
2000664b  Error                         
200085f9  GPIODirModeSet                
200087ff  GPIOPinWrite                  
20006683  GetCmd                        
20006601  InitTerm                      
20007b99  IntEnable                     
20008a37  IntMasterEnable               
200089d5  IntVTableBaseSet              
2000661f  Message                       
20004dab  Outstr                        
2000703d  PRCMCC3200MCUInit             
2000897f  PRCMHIBRegRead                
20008995  PRCMHIBRegWrite               
2000871d  PRCMPeripheralClkDisable      
200085bd  PRCMPeripheralClkEnable       
20007e15  PRCMPeripheralClockGet        
200082d1  PRCMPeripheralReset           
200086f1  PRCMSysResetCauseGet          
20007ea9  PinConfigSet                  
200084fd  PinModeSet                    
20007549  PinMuxConfig                  
2000862f  PinTypeGPIO                   
200088ed  PinTypeSPI                    
200067c1  Report                        
20008a1d  ResetISR                      
20008907  SPICSDisable                  
2000891f  SPICSEnable                   
20007c41  SPIConfigSetExpClk            
2000881f  SPIDataGet                    
2000883f  SPIDataPut                    
20008937  SPIEnable                     
200087dd  SPIReset                      
20006729  TrimSpace                     
2000887b  UARTCharGetNonBlocking        
2000885d  UARTCharPut                   
2000894f  UARTCharsAvail                
200080b7  UARTConfigSetExpClk           
20008661  UARTDisable                   
20008795  UARTEnable                    
20008a51  UtilsDelay                    
20030000  __STACK_END                   
00000800  __STACK_SIZE                  
00000800  __SYSMEM_SIZE                 
20009258  __TI_CINIT_Base               
20009268  __TI_CINIT_Limit              
20009240  __TI_Handler_Table_Base       
2000924c  __TI_Handler_Table_Limit      
200084b9  __TI_auto_init_nobinit_nopinit
2000820b  __TI_decompress_lzss          
20008a0f  __TI_decompress_none          
2000837f  __TI_ltoa                     
ffffffff  __TI_pprof_out_hndl           
20004e81  __TI_printfi                  
ffffffff  __TI_prof_data_size           
ffffffff  __TI_prof_data_start          
20009220  __TI_static_base__            
20008897  __TI_zero_init_nomemset       
20007f31  __aeabi_cdcmpeq               
20007f31  __aeabi_cdcmple               
20007fb7  __aeabi_cdrcmple              
20008471  __aeabi_d2iz                  
20006e8f  __aeabi_dadd                  
200072f1  __aeabi_ddiv                  
20007751  __aeabi_dmul                  
20006e85  __aeabi_dsub                  
20008a41  __aeabi_errno_addr            
200086c1  __aeabi_i2d                   
2000615b  __aeabi_idiv0                 
2000615b  __aeabi_ldiv0                 
2000803d  __aeabi_memclr                
2000803d  __aeabi_memclr4               
2000803d  __aeabi_memclr8               
20007ce1  __aeabi_memcpy                
20007ce1  __aeabi_memcpy4               
20007ce1  __aeabi_memcpy8               
2000803f  __aeabi_memset                
2000803f  __aeabi_memset4               
2000803f  __aeabi_memset8               
20007d7d  __aeabi_uldivmod              
ffffffff  __binit__                     
ffffffff  __c_args__                    
UNDEFED   __mpu_init                    
2002f800  __stack                       
20017000  __start___llvm_prf_cnts       
20017000  __stop___llvm_prf_cnts        
200087b9  _c_int00_noargs               
20008f5b  _ctypes_                      
20017818  _lock                         
200058cf  _nop                          
20017000  _sys_memory                   
UNDEFED   _system_post_cinit            
20008a57  _system_pre_init              
2001781c  _unlock                       
20008a5b  abort                         
20007651  aligned_alloc                 
20008425  atoi                          
ffffffff  binit                         
20008a2b  copysign                      
20008a2b  copysignl                     
20017800  cursor_x                      
20017804  cursor_y                      
20004c5f  drawChar                      
20004401  drawCircle                    
20004535  drawCircleHelper              
20006509  drawFastHLine                 
2000646d  drawFastVLine                 
2000477b  drawLine                      
200065a5  drawPixel                     
20004867  drawRect                      
200048b5  drawRoundRect                 
20004a1d  drawTriangle                  
20017828  errno                         
20004653  fillCircle                    
2000468d  fillCircleHelper              
200063b3  fillRect                      
200049a3  fillRoundRect                 
2000639d  fillScreen                    
20004a5f  fillTriangle                  
2000784d  free                          
20008275  frexp                         
20008275  frexpl                        
20004000  g_pfnVectors                  
20006317  goTo                          
20004e5f  height                        
200065e3  invert                        
200060b1  labCheckoffLoop               
20005e43  lcdTestPattern                
20005f13  lcdTestPattern2               
20007a15  ldexp                         
20007a15  ldexpl                        
20006b11  main                          
20008a49  malloc                        
20007651  memalign                      
200088d1  memccpy                       
20007ce1  memcpy                        
2000876d  memmove                       
20008045  memset                        
20007931  realloc                       
20007a15  scalbn                        
20007a15  scalbnl                       
20004df7  setCursor                     
20004e2f  setTextColor                  
20004e0f  setTextSize                   
20004e47  setTextWrap                   
200089ab  strchr                        
200089e9  strlen                        
20005b07  testdrawcircles               
20005977  testdrawrects                 
20005905  testfastlines                 
20005a95  testfillcircles               
200059d7  testfillrects                 
20005c75  testlines                     
20005c03  testroundrects                
20005b81  testtriangles                 
20017810  textbgcolor                   
2001780c  textcolor                     
20017808  textsize                      
2000853d  vsnprintf                     
200089fd  wcslen                        
20004e5b  width                         
20017814  wrap                          
2000615d  writeCommand                  
200061a1  writeData                     


GLOBAL SYMBOLS: SORTED BY Symbol Address 

address   name                          
-------   ----                          
00000800  __STACK_SIZE                  
00000800  __SYSMEM_SIZE                 
20004000  g_pfnVectors                  
20004401  drawCircle                    
20004535  drawCircleHelper              
20004653  fillCircle                    
2000468d  fillCircleHelper              
2000477b  drawLine                      
20004867  drawRect                      
200048b5  drawRoundRect                 
200049a3  fillRoundRect                 
20004a1d  drawTriangle                  
20004a5f  fillTriangle                  
20004c5f  drawChar                      
20004dab  Outstr                        
20004df7  setCursor                     
20004e0f  setTextSize                   
20004e2f  setTextColor                  
20004e47  setTextWrap                   
20004e5b  width                         
20004e5f  height                        
20004e81  __TI_printfi                  
200058cf  _nop                          
20005905  testfastlines                 
20005977  testdrawrects                 
200059d7  testfillrects                 
20005a95  testfillcircles               
20005b07  testdrawcircles               
20005b81  testtriangles                 
20005c03  testroundrects                
20005c75  testlines                     
20005e43  lcdTestPattern                
20005f13  lcdTestPattern2               
200060b1  labCheckoffLoop               
2000615b  __aeabi_idiv0                 
2000615b  __aeabi_ldiv0                 
2000615d  writeCommand                  
200061a1  writeData                     
200061e5  Adafruit_Init                 
20006317  goTo                          
2000635b  Color565                      
2000639d  fillScreen                    
200063b3  fillRect                      
2000646d  drawFastVLine                 
20006509  drawFastHLine                 
200065a5  drawPixel                     
200065e3  invert                        
20006601  InitTerm                      
2000661f  Message                       
20006641  ClearTerm                     
2000664b  Error                         
20006683  GetCmd                        
20006729  TrimSpace                     
200067c1  Report                        
20006b11  main                          
20006e85  __aeabi_dsub                  
20006e8f  __aeabi_dadd                  
2000703d  PRCMCC3200MCUInit             
200072f1  __aeabi_ddiv                  
20007549  PinMuxConfig                  
20007651  aligned_alloc                 
20007651  memalign                      
20007751  __aeabi_dmul                  
2000784d  free                          
20007931  realloc                       
20007a15  ldexp                         
20007a15  ldexpl                        
20007a15  scalbn                        
20007a15  scalbnl                       
20007b99  IntEnable                     
20007c41  SPIConfigSetExpClk            
20007ce1  __aeabi_memcpy                
20007ce1  __aeabi_memcpy4               
20007ce1  __aeabi_memcpy8               
20007ce1  memcpy                        
20007d7d  __aeabi_uldivmod              
20007e15  PRCMPeripheralClockGet        
20007ea9  PinConfigSet                  
20007f31  __aeabi_cdcmpeq               
20007f31  __aeabi_cdcmple               
20007fb7  __aeabi_cdrcmple              
2000803d  __aeabi_memclr                
2000803d  __aeabi_memclr4               
2000803d  __aeabi_memclr8               
2000803f  __aeabi_memset                
2000803f  __aeabi_memset4               
2000803f  __aeabi_memset8               
20008045  memset                        
200080b7  UARTConfigSetExpClk           
2000820b  __TI_decompress_lzss          
20008275  frexp                         
20008275  frexpl                        
200082d1  PRCMPeripheralReset           
2000837f  __TI_ltoa                     
20008425  atoi                          
20008471  __aeabi_d2iz                  
200084b9  __TI_auto_init_nobinit_nopinit
200084fd  PinModeSet                    
2000853d  vsnprintf                     
200085bd  PRCMPeripheralClkEnable       
200085f9  GPIODirModeSet                
2000862f  PinTypeGPIO                   
20008661  UARTDisable                   
200086c1  __aeabi_i2d                   
200086f1  PRCMSysResetCauseGet          
2000871d  PRCMPeripheralClkDisable      
2000876d  memmove                       
20008795  UARTEnable                    
200087b9  _c_int00_noargs               
200087dd  SPIReset                      
200087ff  GPIOPinWrite                  
2000881f  SPIDataGet                    
2000883f  SPIDataPut                    
2000885d  UARTCharPut                   
2000887b  UARTCharGetNonBlocking        
20008897  __TI_zero_init_nomemset       
200088d1  memccpy                       
200088ed  PinTypeSPI                    
20008907  SPICSDisable                  
2000891f  SPICSEnable                   
20008937  SPIEnable                     
2000894f  UARTCharsAvail                
2000897f  PRCMHIBRegRead                
20008995  PRCMHIBRegWrite               
200089ab  strchr                        
200089c1  CPUcpsie                      
200089d5  IntVTableBaseSet              
200089e9  strlen                        
200089fd  wcslen                        
20008a0f  __TI_decompress_none          
20008a1d  ResetISR                      
20008a2b  copysign                      
20008a2b  copysignl                     
20008a37  IntMasterEnable               
20008a41  __aeabi_errno_addr            
20008a49  malloc                        
20008a51  UtilsDelay                    
20008a57  _system_pre_init              
20008a5b  C$$EXIT                       
20008a5b  abort                         
20008f5b  _ctypes_                      
20009220  __TI_static_base__            
20009240  __TI_Handler_Table_Base       
2000924c  __TI_Handler_Table_Limit      
20009258  __TI_CINIT_Base               
20009268  __TI_CINIT_Limit              
20017000  __start___llvm_prf_cnts       
20017000  __stop___llvm_prf_cnts        
20017000  _sys_memory                   
20017800  cursor_x                      
20017804  cursor_y                      
20017808  textsize                      
2001780c  textcolor                     
20017810  textbgcolor                   
20017814  wrap                          
20017818  _lock                         
2001781c  _unlock                       
20017828  errno                         
2002f800  __stack                       
20030000  __STACK_END                   
ffffffff  __TI_pprof_out_hndl           
ffffffff  __TI_prof_data_size           
ffffffff  __TI_prof_data_start          
ffffffff  __binit__                     
ffffffff  __c_args__                    
ffffffff  binit                         
UNDEFED   __mpu_init                    
UNDEFED   _system_post_cinit            

[168 symbols]
