<?xml version="1.0" encoding="ISO-8859-1" ?>
<link_info>
   <banner>TI ARM Linker PC v20.2.7.LTS</banner>
   <copyright>Copyright (c) 1996-2018 Texas Instruments Incorporated</copyright>
   <link_time>0x697920d8</link_time>
   <link_errors>0x0</link_errors>
   <output_file>spi_demo_lab2.out</output_file>
   <entry_point>
      <name>_c_int00_noargs</name>
      <address>0x200087b9</address>
   </entry_point>
   <input_file_list>
      <input_file id="fl-2">
         <path>.\</path>
         <kind>object</kind>
         <file>Adafruit_GFX.obj</file>
         <name>Adafruit_GFX.obj</name>
      </input_file>
      <input_file id="fl-3">
         <path>.\</path>
         <kind>object</kind>
         <file>Adafruit_OLED.obj</file>
         <name>Adafruit_OLED.obj</name>
      </input_file>
      <input_file id="fl-4">
         <path>.\</path>
         <kind>object</kind>
         <file>main.obj</file>
         <name>main.obj</name>
      </input_file>
      <input_file id="fl-5">
         <path>.\</path>
         <kind>object</kind>
         <file>oled_test.obj</file>
         <name>oled_test.obj</name>
      </input_file>
      <input_file id="fl-6">
         <path>.\</path>
         <kind>object</kind>
         <file>pin_mux_config.obj</file>
         <name>pin_mux_config.obj</name>
      </input_file>
      <input_file id="fl-7">
         <path>.\</path>
         <kind>object</kind>
         <file>startup_ccs.obj</file>
         <name>startup_ccs.obj</name>
      </input_file>
      <input_file id="fl-8">
         <path>.\</path>
         <kind>object</kind>
         <file>uart_if.obj</file>
         <name>uart_if.obj</name>
      </input_file>
      <input_file id="fl-d">
         <kind>object</kind>
         <file>&lt;internal&gt;</file>
         <name>&lt;internal&gt;</name>
      </input_file>
      <input_file id="fl-e">
         <path>C:\Users\thielith\ti\CC3200SDK_1.5.0\cc3200-sdk\driverlib\ccs\Release\</path>
         <kind>archive</kind>
         <file>driverlib.a</file>
         <name>gpio.obj</name>
      </input_file>
      <input_file id="fl-f">
         <path>C:\Users\thielith\ti\CC3200SDK_1.5.0\cc3200-sdk\driverlib\ccs\Release\</path>
         <kind>archive</kind>
         <file>driverlib.a</file>
         <name>interrupt.obj</name>
      </input_file>
      <input_file id="fl-10">
         <path>C:\Users\thielith\ti\CC3200SDK_1.5.0\cc3200-sdk\driverlib\ccs\Release\</path>
         <kind>archive</kind>
         <file>driverlib.a</file>
         <name>pin.obj</name>
      </input_file>
      <input_file id="fl-11">
         <path>C:\Users\thielith\ti\CC3200SDK_1.5.0\cc3200-sdk\driverlib\ccs\Release\</path>
         <kind>archive</kind>
         <file>driverlib.a</file>
         <name>prcm.obj</name>
      </input_file>
      <input_file id="fl-12">
         <path>C:\Users\thielith\ti\CC3200SDK_1.5.0\cc3200-sdk\driverlib\ccs\Release\</path>
         <kind>archive</kind>
         <file>driverlib.a</file>
         <name>spi.obj</name>
      </input_file>
      <input_file id="fl-13">
         <path>C:\Users\thielith\ti\CC3200SDK_1.5.0\cc3200-sdk\driverlib\ccs\Release\</path>
         <kind>archive</kind>
         <file>driverlib.a</file>
         <name>uart.obj</name>
      </input_file>
      <input_file id="fl-14">
         <path>C:\Users\thielith\ti\CC3200SDK_1.5.0\cc3200-sdk\driverlib\ccs\Release\</path>
         <kind>archive</kind>
         <file>driverlib.a</file>
         <name>utils.obj</name>
      </input_file>
      <input_file id="fl-15">
         <path>C:\Users\thielith\ti\CC3200SDK_1.5.0\cc3200-sdk\driverlib\ccs\Release\</path>
         <kind>archive</kind>
         <file>driverlib.a</file>
         <name>cpu.obj</name>
      </input_file>
      <input_file id="fl-16">
         <path>C:\Users\thielith\ti\CC3200SDK_1.5.0\cc3200-sdk\driverlib\ccs\Release\</path>
         <kind>archive</kind>
         <file>driverlib.a</file>
         <name>flash.obj</name>
      </input_file>
      <input_file id="fl-cc">
         <path>C:\Users\thielith\ti\ccs1250\ccs\tools\compiler\ti-cgt-arm_20.2.7.LTS\lib\</path>
         <kind>archive</kind>
         <file>rtsv7M4_T_le_eabi.lib</file>
         <name>vsnprintf.c.obj</name>
      </input_file>
      <input_file id="fl-cd">
         <path>C:\Users\thielith\ti\ccs1250\ccs\tools\compiler\ti-cgt-arm_20.2.7.LTS\lib\</path>
         <kind>archive</kind>
         <file>rtsv7M4_T_le_eabi.lib</file>
         <name>memcpy_t2.asm.obj</name>
      </input_file>
      <input_file id="fl-ce">
         <path>C:\Users\thielith\ti\ccs1250\ccs\tools\compiler\ti-cgt-arm_20.2.7.LTS\lib\</path>
         <kind>archive</kind>
         <file>rtsv7M4_T_le_eabi.lib</file>
         <name>ull_div_t2.asm.obj</name>
      </input_file>
      <input_file id="fl-cf">
         <path>C:\Users\thielith\ti\ccs1250\ccs\tools\compiler\ti-cgt-arm_20.2.7.LTS\lib\</path>
         <kind>archive</kind>
         <file>rtsv7M4_T_le_eabi.lib</file>
         <name>copy_zero_init.c.obj</name>
      </input_file>
      <input_file id="fl-d0">
         <path>C:\Users\thielith\ti\ccs1250\ccs\tools\compiler\ti-cgt-arm_20.2.7.LTS\lib\</path>
         <kind>archive</kind>
         <file>rtsv7M4_T_le_eabi.lib</file>
         <name>copy_decompress_none.c.obj</name>
      </input_file>
      <input_file id="fl-d1">
         <path>C:\Users\thielith\ti\ccs1250\ccs\tools\compiler\ti-cgt-arm_20.2.7.LTS\lib\</path>
         <kind>archive</kind>
         <file>rtsv7M4_T_le_eabi.lib</file>
         <name>copy_decompress_lzss.c.obj</name>
      </input_file>
      <input_file id="fl-d2">
         <path>C:\Users\thielith\ti\ccs1250\ccs\tools\compiler\ti-cgt-arm_20.2.7.LTS\lib\</path>
         <kind>archive</kind>
         <file>rtsv7M4_T_le_eabi.lib</file>
         <name>memmov.c.obj</name>
      </input_file>
      <input_file id="fl-d3">
         <path>C:\Users\thielith\ti\ccs1250\ccs\tools\compiler\ti-cgt-arm_20.2.7.LTS\lib\</path>
         <kind>archive</kind>
         <file>rtsv7M4_T_le_eabi.lib</file>
         <name>memory.c.obj</name>
      </input_file>
      <input_file id="fl-d4">
         <path>C:\Users\thielith\ti\ccs1250\ccs\tools\compiler\ti-cgt-arm_20.2.7.LTS\lib\</path>
         <kind>archive</kind>
         <file>rtsv7M4_T_le_eabi.lib</file>
         <name>strlen.c.obj</name>
      </input_file>
      <input_file id="fl-d5">
         <path>C:\Users\thielith\ti\ccs1250\ccs\tools\compiler\ti-cgt-arm_20.2.7.LTS\lib\</path>
         <kind>archive</kind>
         <file>rtsv7M4_T_le_eabi.lib</file>
         <name>boot_cortex_m.c.obj</name>
      </input_file>
      <input_file id="fl-d6">
         <path>C:\Users\thielith\ti\ccs1250\ccs\tools\compiler\ti-cgt-arm_20.2.7.LTS\lib\</path>
         <kind>archive</kind>
         <file>rtsv7M4_T_le_eabi.lib</file>
         <name>_printfi.c.obj</name>
      </input_file>
      <input_file id="fl-d7">
         <path>C:\Users\thielith\ti\ccs1250\ccs\tools\compiler\ti-cgt-arm_20.2.7.LTS\lib\</path>
         <kind>archive</kind>
         <file>rtsv7M4_T_le_eabi.lib</file>
         <name>div0.asm.obj</name>
      </input_file>
      <input_file id="fl-d8">
         <path>C:\Users\thielith\ti\ccs1250\ccs\tools\compiler\ti-cgt-arm_20.2.7.LTS\lib\</path>
         <kind>archive</kind>
         <file>rtsv7M4_T_le_eabi.lib</file>
         <name>fd_add_t2.asm.obj</name>
      </input_file>
      <input_file id="fl-d9">
         <path>C:\Users\thielith\ti\ccs1250\ccs\tools\compiler\ti-cgt-arm_20.2.7.LTS\lib\</path>
         <kind>archive</kind>
         <file>rtsv7M4_T_le_eabi.lib</file>
         <name>fd_cmp_t2.asm.obj</name>
      </input_file>
      <input_file id="fl-da">
         <path>C:\Users\thielith\ti\ccs1250\ccs\tools\compiler\ti-cgt-arm_20.2.7.LTS\lib\</path>
         <kind>archive</kind>
         <file>rtsv7M4_T_le_eabi.lib</file>
         <name>fd_div_t2.asm.obj</name>
      </input_file>
      <input_file id="fl-db">
         <path>C:\Users\thielith\ti\ccs1250\ccs\tools\compiler\ti-cgt-arm_20.2.7.LTS\lib\</path>
         <kind>archive</kind>
         <file>rtsv7M4_T_le_eabi.lib</file>
         <name>fd_mul_t2.asm.obj</name>
      </input_file>
      <input_file id="fl-dc">
         <path>C:\Users\thielith\ti\ccs1250\ccs\tools\compiler\ti-cgt-arm_20.2.7.LTS\lib\</path>
         <kind>archive</kind>
         <file>rtsv7M4_T_le_eabi.lib</file>
         <name>fd_toi_t2.asm.obj</name>
      </input_file>
      <input_file id="fl-dd">
         <path>C:\Users\thielith\ti\ccs1250\ccs\tools\compiler\ti-cgt-arm_20.2.7.LTS\lib\</path>
         <kind>archive</kind>
         <file>rtsv7M4_T_le_eabi.lib</file>
         <name>i_tofd_t2.asm.obj</name>
      </input_file>
      <input_file id="fl-de">
         <path>C:\Users\thielith\ti\ccs1250\ccs\tools\compiler\ti-cgt-arm_20.2.7.LTS\lib\</path>
         <kind>archive</kind>
         <file>rtsv7M4_T_le_eabi.lib</file>
         <name>memset_t2.asm.obj</name>
      </input_file>
      <input_file id="fl-df">
         <path>C:\Users\thielith\ti\ccs1250\ccs\tools\compiler\ti-cgt-arm_20.2.7.LTS\lib\</path>
         <kind>archive</kind>
         <file>rtsv7M4_T_le_eabi.lib</file>
         <name>autoinit.c.obj</name>
      </input_file>
      <input_file id="fl-e0">
         <path>C:\Users\thielith\ti\ccs1250\ccs\tools\compiler\ti-cgt-arm_20.2.7.LTS\lib\</path>
         <kind>archive</kind>
         <file>rtsv7M4_T_le_eabi.lib</file>
         <name>pre_init.c.obj</name>
      </input_file>
      <input_file id="fl-e1">
         <path>C:\Users\thielith\ti\ccs1250\ccs\tools\compiler\ti-cgt-arm_20.2.7.LTS\lib\</path>
         <kind>archive</kind>
         <file>rtsv7M4_T_le_eabi.lib</file>
         <name>cpy_tbl.c.obj</name>
      </input_file>
      <input_file id="fl-e2">
         <path>C:\Users\thielith\ti\ccs1250\ccs\tools\compiler\ti-cgt-arm_20.2.7.LTS\lib\</path>
         <kind>archive</kind>
         <file>rtsv7M4_T_le_eabi.lib</file>
         <name>exit.c.obj</name>
      </input_file>
      <input_file id="fl-e3">
         <path>C:\Users\thielith\ti\ccs1250\ccs\tools\compiler\ti-cgt-arm_20.2.7.LTS\lib\</path>
         <kind>archive</kind>
         <file>rtsv7M4_T_le_eabi.lib</file>
         <name>_lock.c.obj</name>
      </input_file>
      <input_file id="fl-e4">
         <path>C:\Users\thielith\ti\ccs1250\ccs\tools\compiler\ti-cgt-arm_20.2.7.LTS\lib\</path>
         <kind>archive</kind>
         <file>rtsv7M4_T_le_eabi.lib</file>
         <name>_ltoa.c.obj</name>
      </input_file>
      <input_file id="fl-e5">
         <path>C:\Users\thielith\ti\ccs1250\ccs\tools\compiler\ti-cgt-arm_20.2.7.LTS\lib\</path>
         <kind>archive</kind>
         <file>rtsv7M4_T_le_eabi.lib</file>
         <name>args_main.c.obj</name>
      </input_file>
      <input_file id="fl-e6">
         <path>C:\Users\thielith\ti\ccs1250\ccs\tools\compiler\ti-cgt-arm_20.2.7.LTS\lib\</path>
         <kind>archive</kind>
         <file>rtsv7M4_T_le_eabi.lib</file>
         <name>atoi.c.obj</name>
      </input_file>
      <input_file id="fl-e7">
         <path>C:\Users\thielith\ti\ccs1250\ccs\tools\compiler\ti-cgt-arm_20.2.7.LTS\lib\</path>
         <kind>archive</kind>
         <file>rtsv7M4_T_le_eabi.lib</file>
         <name>ctype.c.obj</name>
      </input_file>
      <input_file id="fl-e8">
         <path>C:\Users\thielith\ti\ccs1250\ccs\tools\compiler\ti-cgt-arm_20.2.7.LTS\lib\</path>
         <kind>archive</kind>
         <file>rtsv7M4_T_le_eabi.lib</file>
         <name>memccpy.c.obj</name>
      </input_file>
      <input_file id="fl-e9">
         <path>C:\Users\thielith\ti\ccs1250\ccs\tools\compiler\ti-cgt-arm_20.2.7.LTS\lib\</path>
         <kind>archive</kind>
         <file>rtsv7M4_T_le_eabi.lib</file>
         <name>strchr.c.obj</name>
      </input_file>
      <input_file id="fl-ea">
         <path>C:\Users\thielith\ti\ccs1250\ccs\tools\compiler\ti-cgt-arm_20.2.7.LTS\lib\</path>
         <kind>archive</kind>
         <file>rtsv7M4_T_le_eabi.lib</file>
         <name>errno.c.obj</name>
      </input_file>
      <input_file id="fl-eb">
         <path>C:\Users\thielith\ti\ccs1250\ccs\tools\compiler\ti-cgt-arm_20.2.7.LTS\lib\</path>
         <kind>archive</kind>
         <file>rtsv7M4_T_le_eabi.lib</file>
         <name>wcslen.c.obj</name>
      </input_file>
      <input_file id="fl-ec">
         <path>C:\Users\thielith\ti\ccs1250\ccs\tools\compiler\ti-cgt-arm_20.2.7.LTS\lib\</path>
         <kind>archive</kind>
         <file>rtsv7M4_T_le_eabi.lib</file>
         <name>s_frexp.c.obj</name>
      </input_file>
      <input_file id="fl-ed">
         <path>C:\Users\thielith\ti\ccs1250\ccs\tools\compiler\ti-cgt-arm_20.2.7.LTS\lib\</path>
         <kind>archive</kind>
         <file>rtsv7M4_T_le_eabi.lib</file>
         <name>s_scalbn.c.obj</name>
      </input_file>
      <input_file id="fl-ee">
         <path>C:\Users\thielith\ti\ccs1250\ccs\tools\compiler\ti-cgt-arm_20.2.7.LTS\lib\</path>
         <kind>archive</kind>
         <file>rtsv7M4_T_le_eabi.lib</file>
         <name>s_copysign.c.obj</name>
      </input_file>
   </input_file_list>
   <object_component_list>
      <object_component id="oc-12">
         <name>.intvecs</name>
         <load_address>0x20004000</load_address>
         <run_address>0x20004000</run_address>
         <size>0x400</size>
         <input_file_ref idref="fl-7"/>
      </object_component>
      <object_component id="oc-1a3">
         <name>.text</name>
         <load_address>0x20004400</load_address>
         <run_address>0x20004400</run_address>
         <size>0xa80</size>
         <input_file_ref idref="fl-2"/>
      </object_component>
      <object_component id="oc-246">
         <name>.text:__TI_printfi</name>
         <load_address>0x20004e80</load_address>
         <run_address>0x20004e80</run_address>
         <size>0xa4e</size>
         <input_file_ref idref="fl-d6"/>
      </object_component>
      <object_component id="oc-2cb">
         <name>.text:_nop</name>
         <load_address>0x200058ce</load_address>
         <run_address>0x200058ce</run_address>
         <size>0x2</size>
         <input_file_ref idref="fl-e3"/>
      </object_component>
      <object_component id="oc-cb">
         <name>.text</name>
         <load_address>0x200058d0</load_address>
         <run_address>0x200058d0</run_address>
         <size>0x88a</size>
         <input_file_ref idref="fl-5"/>
      </object_component>
      <object_component id="oc-3e0">
         <name>.text</name>
         <load_address>0x2000615a</load_address>
         <run_address>0x2000615a</run_address>
         <size>0x2</size>
         <input_file_ref idref="fl-d7"/>
      </object_component>
      <object_component id="oc-113">
         <name>.text</name>
         <load_address>0x2000615c</load_address>
         <run_address>0x2000615c</run_address>
         <size>0x4a2</size>
         <input_file_ref idref="fl-3"/>
      </object_component>
      <object_component id="oc-c5">
         <name>.text</name>
         <load_address>0x20006600</load_address>
         <run_address>0x20006600</run_address>
         <size>0x27c</size>
         <input_file_ref idref="fl-8"/>
      </object_component>
      <object_component id="oc-30f">
         <name>.text:_pconv_a</name>
         <load_address>0x2000687c</load_address>
         <run_address>0x2000687c</run_address>
         <size>0x268</size>
         <input_file_ref idref="fl-d6"/>
      </object_component>
      <object_component id="oc-97">
         <name>.text</name>
         <load_address>0x20006ae4</load_address>
         <run_address>0x20006ae4</run_address>
         <size>0x1d4</size>
         <input_file_ref idref="fl-4"/>
      </object_component>
      <object_component id="oc-2fd">
         <name>.text:_pconv_g</name>
         <load_address>0x20006cb8</load_address>
         <run_address>0x20006cb8</run_address>
         <size>0x1cc</size>
         <input_file_ref idref="fl-d6"/>
      </object_component>
      <object_component id="oc-38a">
         <name>.text</name>
         <load_address>0x20006e84</load_address>
         <run_address>0x20006e84</run_address>
         <size>0x1b6</size>
         <input_file_ref idref="fl-d8"/>
      </object_component>
      <object_component id="oc-e3">
         <name>.text:PRCMCC3200MCUInit</name>
         <load_address>0x2000703c</load_address>
         <run_address>0x2000703c</run_address>
         <size>0x178</size>
         <input_file_ref idref="fl-11"/>
      </object_component>
      <object_component id="oc-309">
         <name>.text:_pconv_e</name>
         <load_address>0x200071b4</load_address>
         <run_address>0x200071b4</run_address>
         <size>0x13c</size>
         <input_file_ref idref="fl-d6"/>
      </object_component>
      <object_component id="oc-370">
         <name>.text</name>
         <load_address>0x200072f0</load_address>
         <run_address>0x200072f0</run_address>
         <size>0x136</size>
         <input_file_ref idref="fl-da"/>
      </object_component>
      <object_component id="oc-39c">
         <name>.text:fcvt</name>
         <load_address>0x20007428</load_address>
         <run_address>0x20007428</run_address>
         <size>0x120</size>
         <input_file_ref idref="fl-d6"/>
      </object_component>
      <object_component id="oc-e9">
         <name>.text</name>
         <load_address>0x20007548</load_address>
         <run_address>0x20007548</run_address>
         <size>0x108</size>
         <input_file_ref idref="fl-6"/>
      </object_component>
      <object_component id="oc-26a">
         <name>.text:aligned_alloc</name>
         <load_address>0x20007650</load_address>
         <run_address>0x20007650</run_address>
         <size>0x100</size>
         <input_file_ref idref="fl-d3"/>
      </object_component>
      <object_component id="oc-36b">
         <name>.text</name>
         <load_address>0x20007750</load_address>
         <run_address>0x20007750</run_address>
         <size>0xfc</size>
         <input_file_ref idref="fl-db"/>
      </object_component>
      <object_component id="oc-18e">
         <name>.text:free</name>
         <load_address>0x2000784c</load_address>
         <run_address>0x2000784c</run_address>
         <size>0xe4</size>
         <input_file_ref idref="fl-d3"/>
      </object_component>
      <object_component id="oc-188">
         <name>.text:realloc</name>
         <load_address>0x20007930</load_address>
         <run_address>0x20007930</run_address>
         <size>0xe4</size>
         <input_file_ref idref="fl-d3"/>
      </object_component>
      <object_component id="oc-3b0">
         <name>.text:scalbn</name>
         <load_address>0x20007a14</load_address>
         <run_address>0x20007a14</run_address>
         <size>0xd0</size>
         <input_file_ref idref="fl-ed"/>
      </object_component>
      <object_component id="oc-2f2">
         <name>.text:_ltostr</name>
         <load_address>0x20007ae4</load_address>
         <run_address>0x20007ae4</run_address>
         <size>0xb1</size>
         <input_file_ref idref="fl-d6"/>
      </object_component>
      <object_component id="oc-dd">
         <name>.text:IntEnable</name>
         <load_address>0x20007b98</load_address>
         <run_address>0x20007b98</run_address>
         <size>0xa8</size>
         <input_file_ref idref="fl-f"/>
      </object_component>
      <object_component id="oc-107">
         <name>.text:SPIConfigSetExpClk</name>
         <load_address>0x20007c40</load_address>
         <run_address>0x20007c40</run_address>
         <size>0xa0</size>
         <input_file_ref idref="fl-12"/>
      </object_component>
      <object_component id="oc-3d">
         <name>.text</name>
         <load_address>0x20007ce0</load_address>
         <run_address>0x20007ce0</run_address>
         <size>0x9c</size>
         <input_file_ref idref="fl-cd"/>
      </object_component>
      <object_component id="oc-364">
         <name>.text</name>
         <load_address>0x20007d7c</load_address>
         <run_address>0x20007d7c</run_address>
         <size>0x96</size>
         <input_file_ref idref="fl-ce"/>
      </object_component>
      <object_component id="oc-101">
         <name>.text:PRCMPeripheralClockGet</name>
         <load_address>0x20007e14</load_address>
         <run_address>0x20007e14</run_address>
         <size>0x94</size>
         <input_file_ref idref="fl-11"/>
      </object_component>
      <object_component id="oc-2af">
         <name>.text:PinConfigSet</name>
         <load_address>0x20007ea8</load_address>
         <run_address>0x20007ea8</run_address>
         <size>0x88</size>
         <input_file_ref idref="fl-10"/>
      </object_component>
      <object_component id="oc-2f8">
         <name>.text:__aeabi_cdcmple</name>
         <load_address>0x20007f30</load_address>
         <run_address>0x20007f30</run_address>
         <size>0x86</size>
         <input_file_ref idref="fl-d9"/>
      </object_component>
      <object_component id="oc-375">
         <name>.text:__aeabi_cdrcmple</name>
         <load_address>0x20007fb6</load_address>
         <run_address>0x20007fb6</run_address>
         <size>0x86</size>
         <input_file_ref idref="fl-d9"/>
      </object_component>
      <object_component id="oc-8b">
         <name>.text</name>
         <load_address>0x2000803c</load_address>
         <run_address>0x2000803c</run_address>
         <size>0x7a</size>
         <input_file_ref idref="fl-de"/>
      </object_component>
      <object_component id="oc-158">
         <name>.text:UARTConfigSetExpClk</name>
         <load_address>0x200080b6</load_address>
         <run_address>0x200080b6</run_address>
         <size>0x76</size>
         <input_file_ref idref="fl-13"/>
      </object_component>
      <object_component id="oc-277">
         <name>.text:split</name>
         <load_address>0x2000812c</load_address>
         <run_address>0x2000812c</run_address>
         <size>0x70</size>
         <input_file_ref idref="fl-d3"/>
      </object_component>
      <object_component id="oc-395">
         <name>.text:_mcpy</name>
         <load_address>0x2000819c</load_address>
         <run_address>0x2000819c</run_address>
         <size>0x6e</size>
         <input_file_ref idref="fl-d6"/>
      </object_component>
      <object_component id="oc-15">
         <name>.text:decompress:lzss:__TI_decompress_lzss</name>
         <load_address>0x2000820a</load_address>
         <run_address>0x2000820a</run_address>
         <size>0x68</size>
         <input_file_ref idref="fl-d1"/>
      </object_component>
      <object_component id="oc-3aa">
         <name>.text:frexp</name>
         <load_address>0x20008274</load_address>
         <run_address>0x20008274</run_address>
         <size>0x5c</size>
         <input_file_ref idref="fl-ec"/>
      </object_component>
      <object_component id="oc-f5">
         <name>.text:PRCMPeripheralReset</name>
         <load_address>0x200082d0</load_address>
         <run_address>0x200082d0</run_address>
         <size>0x58</size>
         <input_file_ref idref="fl-11"/>
      </object_component>
      <object_component id="oc-303">
         <name>.text:_pconv_f</name>
         <load_address>0x20008328</load_address>
         <run_address>0x20008328</run_address>
         <size>0x56</size>
         <input_file_ref idref="fl-d6"/>
      </object_component>
      <object_component id="oc-37f">
         <name>.text:__TI_ltoa</name>
         <load_address>0x2000837e</load_address>
         <run_address>0x2000837e</run_address>
         <size>0x54</size>
         <input_file_ref idref="fl-e4"/>
      </object_component>
      <object_component id="oc-38f">
         <name>.text:_ecpy</name>
         <load_address>0x200083d2</load_address>
         <run_address>0x200083d2</run_address>
         <size>0x52</size>
         <input_file_ref idref="fl-d6"/>
      </object_component>
      <object_component id="oc-2ec">
         <name>.text:atoi</name>
         <load_address>0x20008424</load_address>
         <run_address>0x20008424</run_address>
         <size>0x4c</size>
         <input_file_ref idref="fl-e6"/>
      </object_component>
      <object_component id="oc-37a">
         <name>.text</name>
         <load_address>0x20008470</load_address>
         <run_address>0x20008470</run_address>
         <size>0x48</size>
         <input_file_ref idref="fl-dc"/>
      </object_component>
      <object_component id="oc-126">
         <name>.text:__TI_auto_init_nobinit_nopinit:__TI_auto_init_nobinit_nopinit</name>
         <load_address>0x200084b8</load_address>
         <run_address>0x200084b8</run_address>
         <size>0x44</size>
         <input_file_ref idref="fl-df"/>
      </object_component>
      <object_component id="oc-1d5">
         <name>.text:PinModeSet</name>
         <load_address>0x200084fc</load_address>
         <run_address>0x200084fc</run_address>
         <size>0x40</size>
         <input_file_ref idref="fl-10"/>
      </object_component>
      <object_component id="oc-164">
         <name>.text:vsnprintf</name>
         <load_address>0x2000853c</load_address>
         <run_address>0x2000853c</run_address>
         <size>0x40</size>
         <input_file_ref idref="fl-cc"/>
      </object_component>
      <object_component id="oc-3a2">
         <name>.text:_fcpy</name>
         <load_address>0x2000857c</load_address>
         <run_address>0x2000857c</run_address>
         <size>0x3e</size>
         <input_file_ref idref="fl-d6"/>
      </object_component>
      <object_component id="oc-ef">
         <name>.text:PRCMPeripheralClkEnable</name>
         <load_address>0x200085bc</load_address>
         <run_address>0x200085bc</run_address>
         <size>0x3c</size>
         <input_file_ref idref="fl-11"/>
      </object_component>
      <object_component id="oc-1e1">
         <name>.text:GPIODirModeSet</name>
         <load_address>0x200085f8</load_address>
         <run_address>0x200085f8</run_address>
         <size>0x36</size>
         <input_file_ref idref="fl-e"/>
      </object_component>
      <object_component id="oc-1db">
         <name>.text:PinTypeGPIO</name>
         <load_address>0x2000862e</load_address>
         <run_address>0x2000862e</run_address>
         <size>0x30</size>
         <input_file_ref idref="fl-10"/>
      </object_component>
      <object_component id="oc-238">
         <name>.text:UARTDisable</name>
         <load_address>0x20008660</load_address>
         <run_address>0x20008660</run_address>
         <size>0x30</size>
         <input_file_ref idref="fl-13"/>
      </object_component>
      <object_component id="oc-24c">
         <name>.text:_outs</name>
         <load_address>0x20008690</load_address>
         <run_address>0x20008690</run_address>
         <size>0x30</size>
         <input_file_ref idref="fl-cc"/>
      </object_component>
      <object_component id="oc-385">
         <name>.text</name>
         <load_address>0x200086c0</load_address>
         <run_address>0x200086c0</run_address>
         <size>0x2e</size>
         <input_file_ref idref="fl-dd"/>
      </object_component>
      <object_component id="oc-1bc">
         <name>.text:PRCMSysResetCauseGet</name>
         <load_address>0x200086f0</load_address>
         <run_address>0x200086f0</run_address>
         <size>0x2c</size>
         <input_file_ref idref="fl-11"/>
      </object_component>
      <object_component id="oc-1ce">
         <name>.text:PRCMPeripheralClkDisable</name>
         <load_address>0x2000871c</load_address>
         <run_address>0x2000871c</run_address>
         <size>0x28</size>
         <input_file_ref idref="fl-11"/>
      </object_component>
      <object_component id="oc-27e">
         <name>.text:free_list_insert</name>
         <load_address>0x20008744</load_address>
         <run_address>0x20008744</run_address>
         <size>0x28</size>
         <input_file_ref idref="fl-d3"/>
      </object_component>
      <object_component id="oc-17c">
         <name>.text:memmove</name>
         <load_address>0x2000876c</load_address>
         <run_address>0x2000876c</run_address>
         <size>0x28</size>
         <input_file_ref idref="fl-d2"/>
      </object_component>
      <object_component id="oc-23e">
         <name>.text:UARTEnable</name>
         <load_address>0x20008794</load_address>
         <run_address>0x20008794</run_address>
         <size>0x24</size>
         <input_file_ref idref="fl-13"/>
      </object_component>
      <object_component id="oc-5b">
         <name>.text:_c_int00_noargs:_c_int00_noargs</name>
         <load_address>0x200087b8</load_address>
         <run_address>0x200087b8</run_address>
         <size>0x24</size>
         <input_file_ref idref="fl-d5"/>
      </object_component>
      <object_component id="oc-fb">
         <name>.text:SPIReset</name>
         <load_address>0x200087dc</load_address>
         <run_address>0x200087dc</run_address>
         <size>0x22</size>
         <input_file_ref idref="fl-12"/>
      </object_component>
      <object_component id="oc-1fe">
         <name>.text:GPIOPinWrite</name>
         <load_address>0x200087fe</load_address>
         <run_address>0x200087fe</run_address>
         <size>0x20</size>
         <input_file_ref idref="fl-e"/>
      </object_component>
      <object_component id="oc-20a">
         <name>.text:SPIDataGet</name>
         <load_address>0x2000881e</load_address>
         <run_address>0x2000881e</run_address>
         <size>0x20</size>
         <input_file_ref idref="fl-12"/>
      </object_component>
      <object_component id="oc-204">
         <name>.text:SPIDataPut</name>
         <load_address>0x2000883e</load_address>
         <run_address>0x2000883e</run_address>
         <size>0x1e</size>
         <input_file_ref idref="fl-12"/>
      </object_component>
      <object_component id="oc-15e">
         <name>.text:UARTCharPut</name>
         <load_address>0x2000885c</load_address>
         <run_address>0x2000885c</run_address>
         <size>0x1e</size>
         <input_file_ref idref="fl-13"/>
      </object_component>
      <object_component id="oc-170">
         <name>.text:UARTCharGetNonBlocking</name>
         <load_address>0x2000887a</load_address>
         <run_address>0x2000887a</run_address>
         <size>0x1c</size>
         <input_file_ref idref="fl-13"/>
      </object_component>
      <object_component id="oc-49">
         <name>.text:decompress:ZI:__TI_zero_init_nomemset:__TI_zero_init_nomemset</name>
         <load_address>0x20008896</load_address>
         <run_address>0x20008896</run_address>
         <size>0x1c</size>
         <input_file_ref idref="fl-cf"/>
      </object_component>
      <object_component id="oc-271">
         <name>.text:free_list_remove</name>
         <load_address>0x200088b4</load_address>
         <run_address>0x200088b4</run_address>
         <size>0x1c</size>
         <input_file_ref idref="fl-d3"/>
      </object_component>
      <object_component id="oc-315">
         <name>.text:memccpy</name>
         <load_address>0x200088d0</load_address>
         <run_address>0x200088d0</run_address>
         <size>0x1c</size>
         <input_file_ref idref="fl-e8"/>
      </object_component>
      <object_component id="oc-1e7">
         <name>.text:PinTypeSPI</name>
         <load_address>0x200088ec</load_address>
         <run_address>0x200088ec</run_address>
         <size>0x1a</size>
         <input_file_ref idref="fl-10"/>
      </object_component>
      <object_component id="oc-210">
         <name>.text:SPICSDisable</name>
         <load_address>0x20008906</load_address>
         <run_address>0x20008906</run_address>
         <size>0x18</size>
         <input_file_ref idref="fl-12"/>
      </object_component>
      <object_component id="oc-1f8">
         <name>.text:SPICSEnable</name>
         <load_address>0x2000891e</load_address>
         <run_address>0x2000891e</run_address>
         <size>0x18</size>
         <input_file_ref idref="fl-12"/>
      </object_component>
      <object_component id="oc-10d">
         <name>.text:SPIEnable</name>
         <load_address>0x20008936</load_address>
         <run_address>0x20008936</run_address>
         <size>0x18</size>
         <input_file_ref idref="fl-12"/>
      </object_component>
      <object_component id="oc-16a">
         <name>.text:UARTCharsAvail</name>
         <load_address>0x2000894e</load_address>
         <run_address>0x2000894e</run_address>
         <size>0x18</size>
         <input_file_ref idref="fl-13"/>
      </object_component>
      <object_component id="oc-252">
         <name>.text:_outc</name>
         <load_address>0x20008966</load_address>
         <run_address>0x20008966</run_address>
         <size>0x18</size>
         <input_file_ref idref="fl-cc"/>
      </object_component>
      <object_component id="oc-1c2">
         <name>.text:PRCMHIBRegRead</name>
         <load_address>0x2000897e</load_address>
         <run_address>0x2000897e</run_address>
         <size>0x16</size>
         <input_file_ref idref="fl-11"/>
      </object_component>
      <object_component id="oc-1c8">
         <name>.text:PRCMHIBRegWrite</name>
         <load_address>0x20008994</load_address>
         <run_address>0x20008994</run_address>
         <size>0x16</size>
         <input_file_ref idref="fl-11"/>
      </object_component>
      <object_component id="oc-3b6">
         <name>.text:strchr</name>
         <load_address>0x200089aa</load_address>
         <run_address>0x200089aa</run_address>
         <size>0x16</size>
         <input_file_ref idref="fl-e9"/>
      </object_component>
      <object_component id="oc-1ac">
         <name>.text:CPUcpsie</name>
         <load_address>0x200089c0</load_address>
         <run_address>0x200089c0</run_address>
         <size>0x14</size>
         <input_file_ref idref="fl-15"/>
      </object_component>
      <object_component id="oc-d1">
         <name>.text:IntVTableBaseSet</name>
         <load_address>0x200089d4</load_address>
         <run_address>0x200089d4</run_address>
         <size>0x14</size>
         <input_file_ref idref="fl-f"/>
      </object_component>
      <object_component id="oc-176">
         <name>.text:strlen</name>
         <load_address>0x200089e8</load_address>
         <run_address>0x200089e8</run_address>
         <size>0x14</size>
         <input_file_ref idref="fl-d4"/>
      </object_component>
      <object_component id="oc-31b">
         <name>.text:wcslen</name>
         <load_address>0x200089fc</load_address>
         <run_address>0x200089fc</run_address>
         <size>0x12</size>
         <input_file_ref idref="fl-eb"/>
      </object_component>
      <object_component id="oc-1b">
         <name>.text:decompress:none:__TI_decompress_none</name>
         <load_address>0x20008a0e</load_address>
         <run_address>0x20008a0e</run_address>
         <size>0xe</size>
         <input_file_ref idref="fl-d0"/>
      </object_component>
      <object_component id="oc-29">
         <name>.text</name>
         <load_address>0x20008a1c</load_address>
         <run_address>0x20008a1c</run_address>
         <size>0xe</size>
         <input_file_ref idref="fl-7"/>
      </object_component>
      <object_component id="oc-3f9">
         <name>.text:copysign</name>
         <load_address>0x20008a2a</load_address>
         <run_address>0x20008a2a</run_address>
         <size>0xc</size>
         <input_file_ref idref="fl-ee"/>
      </object_component>
      <object_component id="oc-d7">
         <name>.text:IntMasterEnable</name>
         <load_address>0x20008a36</load_address>
         <run_address>0x20008a36</run_address>
         <size>0xa</size>
         <input_file_ref idref="fl-f"/>
      </object_component>
      <object_component id="oc-321">
         <name>.text:__aeabi_errno_addr</name>
         <load_address>0x20008a40</load_address>
         <run_address>0x20008a40</run_address>
         <size>0x8</size>
         <input_file_ref idref="fl-ea"/>
      </object_component>
      <object_component id="oc-182">
         <name>.text:malloc</name>
         <load_address>0x20008a48</load_address>
         <run_address>0x20008a48</run_address>
         <size>0x8</size>
         <input_file_ref idref="fl-d3"/>
      </object_component>
      <object_component id="oc-2a7">
         <name>.text:UtilsDelay</name>
         <load_address>0x20008a50</load_address>
         <run_address>0x20008a50</run_address>
         <size>0x6</size>
         <input_file_ref idref="fl-14"/>
      </object_component>
      <object_component id="oc-91">
         <name>.text:_system_pre_init</name>
         <load_address>0x20008a56</load_address>
         <run_address>0x20008a56</run_address>
         <size>0x4</size>
         <input_file_ref idref="fl-e0"/>
      </object_component>
      <object_component id="oc-11a">
         <name>.text:abort:abort</name>
         <load_address>0x20008a5a</load_address>
         <run_address>0x20008a5a</run_address>
         <size>0x4</size>
         <input_file_ref idref="fl-e2"/>
      </object_component>
      <object_component id="oc-298">
         <name>.const:.string:font</name>
         <load_address>0x20008a60</load_address>
         <run_address>0x20008a60</run_address>
         <size>0x4fb</size>
         <input_file_ref idref="fl-2"/>
      </object_component>
      <object_component id="oc-35f">
         <name>.const:.string:_ctypes_</name>
         <load_address>0x20008f5b</load_address>
         <run_address>0x20008f5b</run_address>
         <size>0x101</size>
         <input_file_ref idref="fl-e7"/>
      </object_component>
      <object_component id="oc-2ab">
         <name>.const:g_ulPinToPadMap</name>
         <load_address>0x2000905c</load_address>
         <run_address>0x2000905c</run_address>
         <size>0x100</size>
         <input_file_ref idref="fl-10"/>
      </object_component>
      <object_component id="oc-1ee">
         <name>.const:PRCM_PeriphRegsList</name>
         <load_address>0x2000915c</load_address>
         <run_address>0x2000915c</run_address>
         <size>0xa8</size>
         <input_file_ref idref="fl-11"/>
      </object_component>
      <object_component id="oc-1b8">
         <name>.const:g_pulEnRegs</name>
         <load_address>0x20009204</load_address>
         <run_address>0x20009204</run_address>
         <size>0x18</size>
         <input_file_ref idref="fl-f"/>
      </object_component>
      <object_component id="oc-451">
         <name>.cinit..data.load</name>
         <load_address>0x20009220</load_address>
         <run_address>0x20009220</run_address>
         <size>0x20</size>
      </object_component>
      <object_component id="oc-44f">
         <name>__TI_handler_table</name>
         <load_address>0x20009240</load_address>
         <run_address>0x20009240</run_address>
         <size>0xc</size>
      </object_component>
      <object_component id="oc-452">
         <name>.cinit..bss.load</name>
         <load_address>0x20009250</load_address>
         <run_address>0x20009250</run_address>
         <size>0x8</size>
      </object_component>
      <object_component id="oc-450">
         <name>__TI_cinit_table</name>
         <load_address>0x20009258</load_address>
         <run_address>0x20009258</run_address>
         <size>0x10</size>
      </object_component>
      <object_component id="oc-29b">
         <name>.data</name>
         <load_address>0x20017800</load_address>
         <run_address>0x20017800</run_address>
         <size>0x15</size>
         <input_file_ref idref="fl-2"/>
      </object_component>
      <object_component id="oc-33b">
         <name>.data:$O1$$</name>
         <load_address>0x20017820</load_address>
         <run_address>0x20017820</run_address>
         <size>0x8</size>
         <input_file_ref idref="fl-d3"/>
      </object_component>
      <object_component id="oc-21c">
         <name>.data:$O1$$</name>
         <load_address>0x20017818</load_address>
         <run_address>0x20017818</run_address>
         <size>0x8</size>
         <input_file_ref idref="fl-e3"/>
      </object_component>
      <object_component id="oc-3c6">
         <name>.data</name>
         <load_address>0x20017828</load_address>
         <run_address>0x20017828</run_address>
         <size>0x4</size>
         <input_file_ref idref="fl-ea"/>
      </object_component>
      <object_component id="oc-194">
         <name>.bss</name>
         <uninitialized>true</uninitialized>
         <run_address>0x2001782c</run_address>
         <size>0x4</size>
         <input_file_ref idref="fl-8"/>
      </object_component>
      <object_component id="oc-23">
         <name>.sysmem</name>
         <uninitialized>true</uninitialized>
         <run_address>0x20017000</run_address>
         <size>0x10</size>
         <input_file_ref idref="fl-d3"/>
      </object_component>
      <object_component id="oc-455">
         <name>.sysmem</name>
         <uninitialized>true</uninitialized>
         <run_address>0x20017000</run_address>
         <size>0x0</size>
      </object_component>
      <object_component id="oc-26">
         <name>.stack</name>
         <uninitialized>true</uninitialized>
         <run_address>0x2002f800</run_address>
         <size>0x4</size>
         <input_file_ref idref="fl-d5"/>
      </object_component>
      <object_component id="oc-454">
         <name>.stack</name>
         <uninitialized>true</uninitialized>
         <run_address>0x2002f800</run_address>
         <size>0x0</size>
      </object_component>
      <object_component id="oc-29f">
         <name>.debug_info</name>
         <load_address>0x0</load_address>
         <run_address>0x0</run_address>
         <size>0x24b</size>
         <input_file_ref idref="fl-2"/>
      </object_component>
      <object_component id="oc-299">
         <name>.debug_info</name>
         <load_address>0x24b</load_address>
         <run_address>0x24b</run_address>
         <size>0xfd</size>
         <input_file_ref idref="fl-2"/>
      </object_component>
      <object_component id="oc-29c">
         <name>.debug_info</name>
         <load_address>0x348</load_address>
         <run_address>0x348</run_address>
         <size>0x1ab</size>
         <input_file_ref idref="fl-2"/>
      </object_component>
      <object_component id="oc-1a4">
         <name>.debug_info</name>
         <load_address>0x4f3</load_address>
         <run_address>0x4f3</run_address>
         <size>0x1569</size>
         <input_file_ref idref="fl-2"/>
      </object_component>
      <object_component id="oc-38">
         <name>.debug_info</name>
         <load_address>0x1a5c</load_address>
         <run_address>0x1a5c</run_address>
         <size>0x84</size>
         <input_file_ref idref="fl-2"/>
      </object_component>
      <object_component id="oc-217">
         <name>.debug_info</name>
         <load_address>0x1ae0</load_address>
         <run_address>0x1ae0</run_address>
         <size>0x24c</size>
         <input_file_ref idref="fl-3"/>
      </object_component>
      <object_component id="oc-114">
         <name>.debug_info</name>
         <load_address>0x1d2c</load_address>
         <run_address>0x1d2c</run_address>
         <size>0xe93</size>
         <input_file_ref idref="fl-3"/>
      </object_component>
      <object_component id="oc-2bc">
         <name>.debug_info</name>
         <load_address>0x2bbf</load_address>
         <run_address>0x2bbf</run_address>
         <size>0x62</size>
         <input_file_ref idref="fl-3"/>
      </object_component>
      <object_component id="oc-1b3">
         <name>.debug_info</name>
         <load_address>0x2c21</load_address>
         <run_address>0x2c21</run_address>
         <size>0x2c</size>
         <input_file_ref idref="fl-3"/>
      </object_component>
      <object_component id="oc-bc">
         <name>.debug_info</name>
         <load_address>0x2c4d</load_address>
         <run_address>0x2c4d</run_address>
         <size>0x2c</size>
         <input_file_ref idref="fl-3"/>
      </object_component>
      <object_component id="oc-28e">
         <name>.debug_info</name>
         <load_address>0x2c79</load_address>
         <run_address>0x2c79</run_address>
         <size>0x35</size>
         <input_file_ref idref="fl-3"/>
      </object_component>
      <object_component id="oc-99">
         <name>.debug_info</name>
         <load_address>0x2cae</load_address>
         <run_address>0x2cae</run_address>
         <size>0x38a</size>
         <input_file_ref idref="fl-4"/>
      </object_component>
      <object_component id="oc-1aa">
         <name>.debug_info</name>
         <load_address>0x3038</load_address>
         <run_address>0x3038</run_address>
         <size>0x4bf</size>
         <input_file_ref idref="fl-5"/>
      </object_component>
      <object_component id="oc-cd">
         <name>.debug_info</name>
         <load_address>0x34f7</load_address>
         <run_address>0x34f7</run_address>
         <size>0x118a</size>
         <input_file_ref idref="fl-5"/>
      </object_component>
      <object_component id="oc-ed">
         <name>.debug_info</name>
         <load_address>0x4681</load_address>
         <run_address>0x4681</run_address>
         <size>0x382</size>
         <input_file_ref idref="fl-6"/>
      </object_component>
      <object_component id="oc-31">
         <name>.debug_info</name>
         <load_address>0x4a03</load_address>
         <run_address>0x4a03</run_address>
         <size>0x1ca</size>
         <input_file_ref idref="fl-7"/>
      </object_component>
      <object_component id="oc-13">
         <name>.debug_info</name>
         <load_address>0x4bcd</load_address>
         <run_address>0x4bcd</run_address>
         <size>0x149</size>
         <input_file_ref idref="fl-7"/>
      </object_component>
      <object_component id="oc-2b">
         <name>.debug_info</name>
         <load_address>0x4d16</load_address>
         <run_address>0x4d16</run_address>
         <size>0x500</size>
         <input_file_ref idref="fl-7"/>
      </object_component>
      <object_component id="oc-198">
         <name>.debug_info</name>
         <load_address>0x5216</load_address>
         <run_address>0x5216</run_address>
         <size>0x3d9</size>
         <input_file_ref idref="fl-8"/>
      </object_component>
      <object_component id="oc-195">
         <name>.debug_info</name>
         <load_address>0x55ef</load_address>
         <run_address>0x55ef</run_address>
         <size>0x104</size>
         <input_file_ref idref="fl-8"/>
      </object_component>
      <object_component id="oc-c6">
         <name>.debug_info</name>
         <load_address>0x56f3</load_address>
         <run_address>0x56f3</run_address>
         <size>0x66a</size>
         <input_file_ref idref="fl-8"/>
      </object_component>
      <object_component id="oc-289">
         <name>.debug_info</name>
         <load_address>0x5d5d</load_address>
         <run_address>0x5d5d</run_address>
         <size>0x26b</size>
         <input_file_ref idref="fl-8"/>
      </object_component>
      <object_component id="oc-19e">
         <name>.debug_info</name>
         <load_address>0x5fc8</load_address>
         <run_address>0x5fc8</run_address>
         <size>0x110</size>
         <input_file_ref idref="fl-8"/>
      </object_component>
      <object_component id="oc-293">
         <name>.debug_info</name>
         <load_address>0x60d8</load_address>
         <run_address>0x60d8</run_address>
         <size>0x2a4</size>
         <input_file_ref idref="fl-8"/>
      </object_component>
      <object_component id="oc-199">
         <name>.debug_info</name>
         <load_address>0x637c</load_address>
         <run_address>0x637c</run_address>
         <size>0x2c</size>
         <input_file_ref idref="fl-8"/>
      </object_component>
      <object_component id="oc-1e5">
         <name>.debug_info</name>
         <load_address>0x63a8</load_address>
         <run_address>0x63a8</run_address>
         <size>0x1dd</size>
         <input_file_ref idref="fl-e"/>
      </object_component>
      <object_component id="oc-200">
         <name>.debug_info</name>
         <load_address>0x6585</load_address>
         <run_address>0x6585</run_address>
         <size>0x1d4</size>
         <input_file_ref idref="fl-e"/>
      </object_component>
      <object_component id="oc-2a5">
         <name>.debug_info</name>
         <load_address>0x6759</load_address>
         <run_address>0x6759</run_address>
         <size>0x201</size>
         <input_file_ref idref="fl-f"/>
      </object_component>
      <object_component id="oc-1b9">
         <name>.debug_info</name>
         <load_address>0x695a</load_address>
         <run_address>0x695a</run_address>
         <size>0xf4</size>
         <input_file_ref idref="fl-f"/>
      </object_component>
      <object_component id="oc-d8">
         <name>.debug_info</name>
         <load_address>0x6a4e</load_address>
         <run_address>0x6a4e</run_address>
         <size>0x17c</size>
         <input_file_ref idref="fl-f"/>
      </object_component>
      <object_component id="oc-d2">
         <name>.debug_info</name>
         <load_address>0x6bca</load_address>
         <run_address>0x6bca</run_address>
         <size>0x1ae</size>
         <input_file_ref idref="fl-f"/>
      </object_component>
      <object_component id="oc-e1">
         <name>.debug_info</name>
         <load_address>0x6d78</load_address>
         <run_address>0x6d78</run_address>
         <size>0x19f</size>
         <input_file_ref idref="fl-f"/>
      </object_component>
      <object_component id="oc-34c">
         <name>.debug_info</name>
         <load_address>0x6f17</load_address>
         <run_address>0x6f17</run_address>
         <size>0x14e</size>
         <input_file_ref idref="fl-10"/>
      </object_component>
      <object_component id="oc-2ac">
         <name>.debug_info</name>
         <load_address>0x7065</load_address>
         <run_address>0x7065</run_address>
         <size>0xf6</size>
         <input_file_ref idref="fl-10"/>
      </object_component>
      <object_component id="oc-1d6">
         <name>.debug_info</name>
         <load_address>0x715b</load_address>
         <run_address>0x715b</run_address>
         <size>0x1bf</size>
         <input_file_ref idref="fl-10"/>
      </object_component>
      <object_component id="oc-2b0">
         <name>.debug_info</name>
         <load_address>0x731a</load_address>
         <run_address>0x731a</run_address>
         <size>0x20d</size>
         <input_file_ref idref="fl-10"/>
      </object_component>
      <object_component id="oc-1e8">
         <name>.debug_info</name>
         <load_address>0x7527</load_address>
         <run_address>0x7527</run_address>
         <size>0x1d2</size>
         <input_file_ref idref="fl-10"/>
      </object_component>
      <object_component id="oc-1dc">
         <name>.debug_info</name>
         <load_address>0x76f9</load_address>
         <run_address>0x76f9</run_address>
         <size>0x222</size>
         <input_file_ref idref="fl-10"/>
      </object_component>
      <object_component id="oc-1f3">
         <name>.debug_info</name>
         <load_address>0x791b</load_address>
         <run_address>0x791b</run_address>
         <size>0x25e</size>
         <input_file_ref idref="fl-11"/>
      </object_component>
      <object_component id="oc-1ef">
         <name>.debug_info</name>
         <load_address>0x7b79</load_address>
         <run_address>0x7b79</run_address>
         <size>0xff</size>
         <input_file_ref idref="fl-11"/>
      </object_component>
      <object_component id="oc-1bd">
         <name>.debug_info</name>
         <load_address>0x7c78</load_address>
         <run_address>0x7c78</run_address>
         <size>0x1a6</size>
         <input_file_ref idref="fl-11"/>
      </object_component>
      <object_component id="oc-f0">
         <name>.debug_info</name>
         <load_address>0x7e1e</load_address>
         <run_address>0x7e1e</run_address>
         <size>0x1eb</size>
         <input_file_ref idref="fl-11"/>
      </object_component>
      <object_component id="oc-1cf">
         <name>.debug_info</name>
         <load_address>0x8009</load_address>
         <run_address>0x8009</run_address>
         <size>0x1ed</size>
         <input_file_ref idref="fl-11"/>
      </object_component>
      <object_component id="oc-102">
         <name>.debug_info</name>
         <load_address>0x81f6</load_address>
         <run_address>0x81f6</run_address>
         <size>0x216</size>
         <input_file_ref idref="fl-11"/>
      </object_component>
      <object_component id="oc-f6">
         <name>.debug_info</name>
         <load_address>0x840c</load_address>
         <run_address>0x840c</run_address>
         <size>0x1c0</size>
         <input_file_ref idref="fl-11"/>
      </object_component>
      <object_component id="oc-e6">
         <name>.debug_info</name>
         <load_address>0x85cc</load_address>
         <run_address>0x85cc</run_address>
         <size>0x283</size>
         <input_file_ref idref="fl-11"/>
      </object_component>
      <object_component id="oc-1c5">
         <name>.debug_info</name>
         <load_address>0x884f</load_address>
         <run_address>0x884f</run_address>
         <size>0x1bf</size>
         <input_file_ref idref="fl-11"/>
      </object_component>
      <object_component id="oc-1cb">
         <name>.debug_info</name>
         <load_address>0x8a0e</load_address>
         <run_address>0x8a0e</run_address>
         <size>0x1d4</size>
         <input_file_ref idref="fl-11"/>
      </object_component>
      <object_component id="oc-2c5">
         <name>.debug_info</name>
         <load_address>0x8be2</load_address>
         <run_address>0x8be2</run_address>
         <size>0x232</size>
         <input_file_ref idref="fl-12"/>
      </object_component>
      <object_component id="oc-10e">
         <name>.debug_info</name>
         <load_address>0x8e14</load_address>
         <run_address>0x8e14</run_address>
         <size>0x179</size>
         <input_file_ref idref="fl-12"/>
      </object_component>
      <object_component id="oc-fc">
         <name>.debug_info</name>
         <load_address>0x8f8d</load_address>
         <run_address>0x8f8d</run_address>
         <size>0x177</size>
         <input_file_ref idref="fl-12"/>
      </object_component>
      <object_component id="oc-108">
         <name>.debug_info</name>
         <load_address>0x9104</load_address>
         <run_address>0x9104</run_address>
         <size>0x28e</size>
         <input_file_ref idref="fl-12"/>
      </object_component>
      <object_component id="oc-20b">
         <name>.debug_info</name>
         <load_address>0x9392</load_address>
         <run_address>0x9392</run_address>
         <size>0x1aa</size>
         <input_file_ref idref="fl-12"/>
      </object_component>
      <object_component id="oc-206">
         <name>.debug_info</name>
         <load_address>0x953c</load_address>
         <run_address>0x953c</run_address>
         <size>0x1a6</size>
         <input_file_ref idref="fl-12"/>
      </object_component>
      <object_component id="oc-1fa">
         <name>.debug_info</name>
         <load_address>0x96e2</load_address>
         <run_address>0x96e2</run_address>
         <size>0x17d</size>
         <input_file_ref idref="fl-12"/>
      </object_component>
      <object_component id="oc-212">
         <name>.debug_info</name>
         <load_address>0x985f</load_address>
         <run_address>0x985f</run_address>
         <size>0x17f</size>
         <input_file_ref idref="fl-12"/>
      </object_component>
      <object_component id="oc-159">
         <name>.debug_info</name>
         <load_address>0x99de</load_address>
         <run_address>0x99de</run_address>
         <size>0x25c</size>
         <input_file_ref idref="fl-13"/>
      </object_component>
      <object_component id="oc-23f">
         <name>.debug_info</name>
         <load_address>0x9c3a</load_address>
         <run_address>0x9c3a</run_address>
         <size>0x17e</size>
         <input_file_ref idref="fl-13"/>
      </object_component>
      <object_component id="oc-239">
         <name>.debug_info</name>
         <load_address>0x9db8</load_address>
         <run_address>0x9db8</run_address>
         <size>0x180</size>
         <input_file_ref idref="fl-13"/>
      </object_component>
      <object_component id="oc-16b">
         <name>.debug_info</name>
         <load_address>0x9f38</load_address>
         <run_address>0x9f38</run_address>
         <size>0x18a</size>
         <input_file_ref idref="fl-13"/>
      </object_component>
      <object_component id="oc-172">
         <name>.debug_info</name>
         <load_address>0xa0c2</load_address>
         <run_address>0xa0c2</run_address>
         <size>0x19a</size>
         <input_file_ref idref="fl-13"/>
      </object_component>
      <object_component id="oc-15f">
         <name>.debug_info</name>
         <load_address>0xa25c</load_address>
         <run_address>0xa25c</run_address>
         <size>0x1ab</size>
         <input_file_ref idref="fl-13"/>
      </object_component>
      <object_component id="oc-1af">
         <name>.debug_info</name>
         <load_address>0xa407</load_address>
         <run_address>0xa407</run_address>
         <size>0x14e</size>
         <input_file_ref idref="fl-15"/>
      </object_component>
      <object_component id="oc-259">
         <name>.debug_info</name>
         <load_address>0xa555</load_address>
         <run_address>0xa555</run_address>
         <size>0x212</size>
         <input_file_ref idref="fl-cc"/>
      </object_component>
      <object_component id="oc-165">
         <name>.debug_info</name>
         <load_address>0xa767</load_address>
         <run_address>0xa767</run_address>
         <size>0x208</size>
         <input_file_ref idref="fl-cc"/>
      </object_component>
      <object_component id="oc-24d">
         <name>.debug_info</name>
         <load_address>0xa96f</load_address>
         <run_address>0xa96f</run_address>
         <size>0x1c6</size>
         <input_file_ref idref="fl-cc"/>
      </object_component>
      <object_component id="oc-256">
         <name>.debug_info</name>
         <load_address>0xab35</load_address>
         <run_address>0xab35</run_address>
         <size>0x179</size>
         <input_file_ref idref="fl-cc"/>
      </object_component>
      <object_component id="oc-25a">
         <name>.debug_info</name>
         <load_address>0xacae</load_address>
         <run_address>0xacae</run_address>
         <size>0x2c</size>
         <input_file_ref idref="fl-cc"/>
      </object_component>
      <object_component id="oc-25f">
         <name>.debug_info</name>
         <load_address>0xacda</load_address>
         <run_address>0xacda</run_address>
         <size>0x69</size>
         <input_file_ref idref="fl-cc"/>
      </object_component>
      <object_component id="oc-3f">
         <name>.debug_info</name>
         <load_address>0xad43</load_address>
         <run_address>0xad43</run_address>
         <size>0x119</size>
         <input_file_ref idref="fl-cd"/>
      </object_component>
      <object_component id="oc-367">
         <name>.debug_info</name>
         <load_address>0xae5c</load_address>
         <run_address>0xae5c</run_address>
         <size>0x134</size>
         <input_file_ref idref="fl-ce"/>
      </object_component>
      <object_component id="oc-8a">
         <name>.debug_info</name>
         <load_address>0xaf90</load_address>
         <run_address>0xaf90</run_address>
         <size>0x1a6</size>
         <input_file_ref idref="fl-cf"/>
      </object_component>
      <object_component id="oc-4a">
         <name>.debug_info</name>
         <load_address>0xb136</load_address>
         <run_address>0xb136</run_address>
         <size>0x1d2</size>
         <input_file_ref idref="fl-cf"/>
      </object_component>
      <object_component id="oc-85">
         <name>.debug_info</name>
         <load_address>0xb308</load_address>
         <run_address>0xb308</run_address>
         <size>0x46</size>
         <input_file_ref idref="fl-cf"/>
      </object_component>
      <object_component id="oc-48">
         <name>.debug_info</name>
         <load_address>0xb34e</load_address>
         <run_address>0xb34e</run_address>
         <size>0x17a</size>
         <input_file_ref idref="fl-d0"/>
      </object_component>
      <object_component id="oc-1c">
         <name>.debug_info</name>
         <load_address>0xb4c8</load_address>
         <run_address>0xb4c8</run_address>
         <size>0x1ea</size>
         <input_file_ref idref="fl-d0"/>
      </object_component>
      <object_component id="oc-43">
         <name>.debug_info</name>
         <load_address>0xb6b2</load_address>
         <run_address>0xb6b2</run_address>
         <size>0x46</size>
         <input_file_ref idref="fl-d0"/>
      </object_component>
      <object_component id="oc-7d">
         <name>.debug_info</name>
         <load_address>0xb6f8</load_address>
         <run_address>0xb6f8</run_address>
         <size>0x2c</size>
         <input_file_ref idref="fl-d0"/>
      </object_component>
      <object_component id="oc-7b">
         <name>.debug_info</name>
         <load_address>0xb724</load_address>
         <run_address>0xb724</run_address>
         <size>0x170</size>
         <input_file_ref idref="fl-d1"/>
      </object_component>
      <object_component id="oc-16">
         <name>.debug_info</name>
         <load_address>0xb894</load_address>
         <run_address>0xb894</run_address>
         <size>0x250</size>
         <input_file_ref idref="fl-d1"/>
      </object_component>
      <object_component id="oc-33">
         <name>.debug_info</name>
         <load_address>0xbae4</load_address>
         <run_address>0xbae4</run_address>
         <size>0x60</size>
         <input_file_ref idref="fl-d1"/>
      </object_component>
      <object_component id="oc-b5">
         <name>.debug_info</name>
         <load_address>0xbb44</load_address>
         <run_address>0xbb44</run_address>
         <size>0x46</size>
         <input_file_ref idref="fl-d1"/>
      </object_component>
      <object_component id="oc-76">
         <name>.debug_info</name>
         <load_address>0xbb8a</load_address>
         <run_address>0xbb8a</run_address>
         <size>0x39</size>
         <input_file_ref idref="fl-d1"/>
      </object_component>
      <object_component id="oc-269">
         <name>.debug_info</name>
         <load_address>0xbbc3</load_address>
         <run_address>0xbbc3</run_address>
         <size>0x172</size>
         <input_file_ref idref="fl-d2"/>
      </object_component>
      <object_component id="oc-17d">
         <name>.debug_info</name>
         <load_address>0xbd35</load_address>
         <run_address>0xbd35</run_address>
         <size>0x1a9</size>
         <input_file_ref idref="fl-d2"/>
      </object_component>
      <object_component id="oc-6f">
         <name>.debug_info</name>
         <load_address>0xbede</load_address>
         <run_address>0xbede</run_address>
         <size>0x284</size>
         <input_file_ref idref="fl-d3"/>
      </object_component>
      <object_component id="oc-24">
         <name>.debug_info</name>
         <load_address>0xc162</load_address>
         <run_address>0xc162</run_address>
         <size>0x10c</size>
         <input_file_ref idref="fl-d3"/>
      </object_component>
      <object_component id="oc-33c">
         <name>.debug_info</name>
         <load_address>0xc26e</load_address>
         <run_address>0xc26e</run_address>
         <size>0x13f</size>
         <input_file_ref idref="fl-d3"/>
      </object_component>
      <object_component id="oc-183">
         <name>.debug_info</name>
         <load_address>0xc3ad</load_address>
         <run_address>0xc3ad</run_address>
         <size>0x168</size>
         <input_file_ref idref="fl-d3"/>
      </object_component>
      <object_component id="oc-272">
         <name>.debug_info</name>
         <load_address>0xc515</load_address>
         <run_address>0xc515</run_address>
         <size>0x18e</size>
         <input_file_ref idref="fl-d3"/>
      </object_component>
      <object_component id="oc-27f">
         <name>.debug_info</name>
         <load_address>0xc6a3</load_address>
         <run_address>0xc6a3</run_address>
         <size>0x19f</size>
         <input_file_ref idref="fl-d3"/>
      </object_component>
      <object_component id="oc-18f">
         <name>.debug_info</name>
         <load_address>0xc842</load_address>
         <run_address>0xc842</run_address>
         <size>0x203</size>
         <input_file_ref idref="fl-d3"/>
      </object_component>
      <object_component id="oc-278">
         <name>.debug_info</name>
         <load_address>0xca45</load_address>
         <run_address>0xca45</run_address>
         <size>0x1db</size>
         <input_file_ref idref="fl-d3"/>
      </object_component>
      <object_component id="oc-189">
         <name>.debug_info</name>
         <load_address>0xcc20</load_address>
         <run_address>0xcc20</run_address>
         <size>0x26e</size>
         <input_file_ref idref="fl-d3"/>
      </object_component>
      <object_component id="oc-26b">
         <name>.debug_info</name>
         <load_address>0xce8e</load_address>
         <run_address>0xce8e</run_address>
         <size>0x299</size>
         <input_file_ref idref="fl-d3"/>
      </object_component>
      <object_component id="oc-b0">
         <name>.debug_info</name>
         <load_address>0xd127</load_address>
         <run_address>0xd127</run_address>
         <size>0xb2</size>
         <input_file_ref idref="fl-d3"/>
      </object_component>
      <object_component id="oc-ab">
         <name>.debug_info</name>
         <load_address>0xd1d9</load_address>
         <run_address>0xd1d9</run_address>
         <size>0x2c</size>
         <input_file_ref idref="fl-d3"/>
      </object_component>
      <object_component id="oc-267">
         <name>.debug_info</name>
         <load_address>0xd205</load_address>
         <run_address>0xd205</run_address>
         <size>0x161</size>
         <input_file_ref idref="fl-d4"/>
      </object_component>
      <object_component id="oc-177">
         <name>.debug_info</name>
         <load_address>0xd366</load_address>
         <run_address>0xd366</run_address>
         <size>0x245</size>
         <input_file_ref idref="fl-d4"/>
      </object_component>
      <object_component id="oc-27">
         <name>.debug_info</name>
         <load_address>0xd5ab</load_address>
         <run_address>0xd5ab</run_address>
         <size>0x10b</size>
         <input_file_ref idref="fl-d5"/>
      </object_component>
      <object_component id="oc-5d">
         <name>.debug_info</name>
         <load_address>0xd6b6</load_address>
         <run_address>0xd6b6</run_address>
         <size>0x1a9</size>
         <input_file_ref idref="fl-d5"/>
      </object_component>
      <object_component id="oc-328">
         <name>.debug_info</name>
         <load_address>0xd85f</load_address>
         <run_address>0xd85f</run_address>
         <size>0x462</size>
         <input_file_ref idref="fl-d6"/>
      </object_component>
      <object_component id="oc-2f5">
         <name>.debug_info</name>
         <load_address>0xdcc1</load_address>
         <run_address>0xdcc1</run_address>
         <size>0x21e</size>
         <input_file_ref idref="fl-d6"/>
      </object_component>
      <object_component id="oc-392">
         <name>.debug_info</name>
         <load_address>0xdedf</load_address>
         <run_address>0xdedf</run_address>
         <size>0x1b3</size>
         <input_file_ref idref="fl-d6"/>
      </object_component>
      <object_component id="oc-398">
         <name>.debug_info</name>
         <load_address>0xe092</load_address>
         <run_address>0xe092</run_address>
         <size>0x21b</size>
         <input_file_ref idref="fl-d6"/>
      </object_component>
      <object_component id="oc-300">
         <name>.debug_info</name>
         <load_address>0xe2ad</load_address>
         <run_address>0xe2ad</run_address>
         <size>0x3bf</size>
         <input_file_ref idref="fl-d6"/>
      </object_component>
      <object_component id="oc-39f">
         <name>.debug_info</name>
         <load_address>0xe66c</load_address>
         <run_address>0xe66c</run_address>
         <size>0x30b</size>
         <input_file_ref idref="fl-d6"/>
      </object_component>
      <object_component id="oc-3a5">
         <name>.debug_info</name>
         <load_address>0xe977</load_address>
         <run_address>0xe977</run_address>
         <size>0x215</size>
         <input_file_ref idref="fl-d6"/>
      </object_component>
      <object_component id="oc-306">
         <name>.debug_info</name>
         <load_address>0xeb8c</load_address>
         <run_address>0xeb8c</run_address>
         <size>0x228</size>
         <input_file_ref idref="fl-d6"/>
      </object_component>
      <object_component id="oc-30c">
         <name>.debug_info</name>
         <load_address>0xedb4</load_address>
         <run_address>0xedb4</run_address>
         <size>0x303</size>
         <input_file_ref idref="fl-d6"/>
      </object_component>
      <object_component id="oc-312">
         <name>.debug_info</name>
         <load_address>0xf0b7</load_address>
         <run_address>0xf0b7</run_address>
         <size>0x4b4</size>
         <input_file_ref idref="fl-d6"/>
      </object_component>
      <object_component id="oc-249">
         <name>.debug_info</name>
         <load_address>0xf56b</load_address>
         <run_address>0xf56b</run_address>
         <size>0x5f4</size>
         <input_file_ref idref="fl-d6"/>
      </object_component>
      <object_component id="oc-329">
         <name>.debug_info</name>
         <load_address>0xfb5f</load_address>
         <run_address>0xfb5f</run_address>
         <size>0x86</size>
         <input_file_ref idref="fl-d6"/>
      </object_component>
      <object_component id="oc-3cd">
         <name>.debug_info</name>
         <load_address>0xfbe5</load_address>
         <run_address>0xfbe5</run_address>
         <size>0x39</size>
         <input_file_ref idref="fl-d6"/>
      </object_component>
      <object_component id="oc-410">
         <name>.debug_info</name>
         <load_address>0xfc1e</load_address>
         <run_address>0xfc1e</run_address>
         <size>0xb6</size>
         <input_file_ref idref="fl-d6"/>
      </object_component>
      <object_component id="oc-3d2">
         <name>.debug_info</name>
         <load_address>0xfcd4</load_address>
         <run_address>0xfcd4</run_address>
         <size>0x46</size>
         <input_file_ref idref="fl-d6"/>
      </object_component>
      <object_component id="oc-32e">
         <name>.debug_info</name>
         <load_address>0xfd1a</load_address>
         <run_address>0xfd1a</run_address>
         <size>0x46</size>
         <input_file_ref idref="fl-d6"/>
      </object_component>
      <object_component id="oc-3e1">
         <name>.debug_info</name>
         <load_address>0xfd60</load_address>
         <run_address>0xfd60</run_address>
         <size>0x115</size>
         <input_file_ref idref="fl-d7"/>
      </object_component>
      <object_component id="oc-38b">
         <name>.debug_info</name>
         <load_address>0xfe75</load_address>
         <run_address>0xfe75</run_address>
         <size>0x14c</size>
         <input_file_ref idref="fl-d8"/>
      </object_component>
      <object_component id="oc-2f9">
         <name>.debug_info</name>
         <load_address>0xffc1</load_address>
         <run_address>0xffc1</run_address>
         <size>0x128</size>
         <input_file_ref idref="fl-d9"/>
      </object_component>
      <object_component id="oc-378">
         <name>.debug_info</name>
         <load_address>0x100e9</load_address>
         <run_address>0x100e9</run_address>
         <size>0x12a</size>
         <input_file_ref idref="fl-d9"/>
      </object_component>
      <object_component id="oc-371">
         <name>.debug_info</name>
         <load_address>0x10213</load_address>
         <run_address>0x10213</run_address>
         <size>0x13a</size>
         <input_file_ref idref="fl-da"/>
      </object_component>
      <object_component id="oc-36c">
         <name>.debug_info</name>
         <load_address>0x1034d</load_address>
         <run_address>0x1034d</run_address>
         <size>0x13a</size>
         <input_file_ref idref="fl-db"/>
      </object_component>
      <object_component id="oc-37b">
         <name>.debug_info</name>
         <load_address>0x10487</load_address>
         <run_address>0x10487</run_address>
         <size>0x12e</size>
         <input_file_ref idref="fl-dc"/>
      </object_component>
      <object_component id="oc-387">
         <name>.debug_info</name>
         <load_address>0x105b5</load_address>
         <run_address>0x105b5</run_address>
         <size>0x12c</size>
         <input_file_ref idref="fl-dd"/>
      </object_component>
      <object_component id="oc-8e">
         <name>.debug_info</name>
         <load_address>0x106e1</load_address>
         <run_address>0x106e1</run_address>
         <size>0x147</size>
         <input_file_ref idref="fl-de"/>
      </object_component>
      <object_component id="oc-223">
         <name>.debug_info</name>
         <load_address>0x10828</load_address>
         <run_address>0x10828</run_address>
         <size>0x385</size>
         <input_file_ref idref="fl-df"/>
      </object_component>
      <object_component id="oc-128">
         <name>.debug_info</name>
         <load_address>0x10bad</load_address>
         <run_address>0x10bad</run_address>
         <size>0x1a6</size>
         <input_file_ref idref="fl-df"/>
      </object_component>
      <object_component id="oc-2d9">
         <name>.debug_info</name>
         <load_address>0x10d53</load_address>
         <run_address>0x10d53</run_address>
         <size>0x39</size>
         <input_file_ref idref="fl-df"/>
      </object_component>
      <object_component id="oc-353">
         <name>.debug_info</name>
         <load_address>0x10d8c</load_address>
         <run_address>0x10d8c</run_address>
         <size>0x39</size>
         <input_file_ref idref="fl-df"/>
      </object_component>
      <object_component id="oc-2de">
         <name>.debug_info</name>
         <load_address>0x10dc5</load_address>
         <run_address>0x10dc5</run_address>
         <size>0x39</size>
         <input_file_ref idref="fl-df"/>
      </object_component>
      <object_component id="oc-2e3">
         <name>.debug_info</name>
         <load_address>0x10dfe</load_address>
         <run_address>0x10dfe</run_address>
         <size>0xcd</size>
         <input_file_ref idref="fl-df"/>
      </object_component>
      <object_component id="oc-94">
         <name>.debug_info</name>
         <load_address>0x10ecb</load_address>
         <run_address>0x10ecb</run_address>
         <size>0x153</size>
         <input_file_ref idref="fl-e0"/>
      </object_component>
      <object_component id="oc-11c">
         <name>.debug_info</name>
         <load_address>0x1101e</load_address>
         <run_address>0x1101e</run_address>
         <size>0x122</size>
         <input_file_ref idref="fl-e2"/>
      </object_component>
      <object_component id="oc-2d3">
         <name>.debug_info</name>
         <load_address>0x11140</load_address>
         <run_address>0x11140</run_address>
         <size>0x19b</size>
         <input_file_ref idref="fl-e3"/>
      </object_component>
      <object_component id="oc-21d">
         <name>.debug_info</name>
         <load_address>0x112db</load_address>
         <run_address>0x112db</run_address>
         <size>0x11e</size>
         <input_file_ref idref="fl-e3"/>
      </object_component>
      <object_component id="oc-2ce">
         <name>.debug_info</name>
         <load_address>0x113f9</load_address>
         <run_address>0x113f9</run_address>
         <size>0x12e</size>
         <input_file_ref idref="fl-e3"/>
      </object_component>
      <object_component id="oc-3eb">
         <name>.debug_info</name>
         <load_address>0x11527</load_address>
         <run_address>0x11527</run_address>
         <size>0x16e</size>
         <input_file_ref idref="fl-e4"/>
      </object_component>
      <object_component id="oc-382">
         <name>.debug_info</name>
         <load_address>0x11695</load_address>
         <run_address>0x11695</run_address>
         <size>0x1da</size>
         <input_file_ref idref="fl-e4"/>
      </object_component>
      <object_component id="oc-363">
         <name>.debug_info</name>
         <load_address>0x1186f</load_address>
         <run_address>0x1186f</run_address>
         <size>0x18b</size>
         <input_file_ref idref="fl-e6"/>
      </object_component>
      <object_component id="oc-2ef">
         <name>.debug_info</name>
         <load_address>0x119fa</load_address>
         <run_address>0x119fa</run_address>
         <size>0x17c</size>
         <input_file_ref idref="fl-e6"/>
      </object_component>
      <object_component id="oc-3dd">
         <name>.debug_info</name>
         <load_address>0x11b76</load_address>
         <run_address>0x11b76</run_address>
         <size>0xf9</size>
         <input_file_ref idref="fl-e7"/>
      </object_component>
      <object_component id="oc-360">
         <name>.debug_info</name>
         <load_address>0x11c6f</load_address>
         <run_address>0x11c6f</run_address>
         <size>0x105</size>
         <input_file_ref idref="fl-e7"/>
      </object_component>
      <object_component id="oc-3be">
         <name>.debug_info</name>
         <load_address>0x11d74</load_address>
[...]
         <object_component_ref idref="oc-113"/>
      </symbol>
      <symbol id="sm-104">
         <name>fillRect</name>
         <value>0x200063b3</value>
         <object_component_ref idref="oc-113"/>
      </symbol>
      <symbol id="sm-105">
         <name>drawFastVLine</name>
         <value>0x2000646d</value>
         <object_component_ref idref="oc-113"/>
      </symbol>
      <symbol id="sm-106">
         <name>invert</name>
         <value>0x200065e3</value>
         <object_component_ref idref="oc-113"/>
      </symbol>
      <symbol id="sm-125">
         <name>main</name>
         <value>0x20006b11</value>
         <object_component_ref idref="oc-97"/>
      </symbol>
      <symbol id="sm-189">
         <name>testroundrects</name>
         <value>0x20005c03</value>
         <object_component_ref idref="oc-cb"/>
      </symbol>
      <symbol id="sm-18a">
         <name>testdrawcircles</name>
         <value>0x20005b07</value>
         <object_component_ref idref="oc-cb"/>
      </symbol>
      <symbol id="sm-18b">
         <name>testlines</name>
         <value>0x20005c75</value>
         <object_component_ref idref="oc-cb"/>
      </symbol>
      <symbol id="sm-18c">
         <name>testfastlines</name>
         <value>0x20005905</value>
         <object_component_ref idref="oc-cb"/>
      </symbol>
      <symbol id="sm-18d">
         <name>lcdTestPattern</name>
         <value>0x20005e43</value>
         <object_component_ref idref="oc-cb"/>
      </symbol>
      <symbol id="sm-18e">
         <name>lcdTestPattern2</name>
         <value>0x20005f13</value>
         <object_component_ref idref="oc-cb"/>
      </symbol>
      <symbol id="sm-18f">
         <name>testtriangles</name>
         <value>0x20005b81</value>
         <object_component_ref idref="oc-cb"/>
      </symbol>
      <symbol id="sm-190">
         <name>testfillrects</name>
         <value>0x200059d7</value>
         <object_component_ref idref="oc-cb"/>
      </symbol>
      <symbol id="sm-191">
         <name>testdrawrects</name>
         <value>0x20005977</value>
         <object_component_ref idref="oc-cb"/>
      </symbol>
      <symbol id="sm-192">
         <name>testfillcircles</name>
         <value>0x20005a95</value>
         <object_component_ref idref="oc-cb"/>
      </symbol>
      <symbol id="sm-193">
         <name>labCheckoffLoop</name>
         <value>0x200060b1</value>
         <object_component_ref idref="oc-cb"/>
      </symbol>
      <symbol id="sm-1a0">
         <name>PinMuxConfig</name>
         <value>0x20007549</value>
         <object_component_ref idref="oc-e9"/>
      </symbol>
      <symbol id="sm-1bf">
         <name>ResetISR</name>
         <value>0x20008a1d</value>
         <object_component_ref idref="oc-29"/>
      </symbol>
      <symbol id="sm-1c0">
         <name>g_pfnVectors</name>
         <value>0x20004000</value>
         <object_component_ref idref="oc-12"/>
      </symbol>
      <symbol id="sm-211">
         <name>GetCmd</name>
         <value>0x20006683</value>
         <object_component_ref idref="oc-c5"/>
      </symbol>
      <symbol id="sm-212">
         <name>Message</name>
         <value>0x2000661f</value>
         <object_component_ref idref="oc-c5"/>
      </symbol>
      <symbol id="sm-213">
         <name>Report</name>
         <value>0x200067c1</value>
         <object_component_ref idref="oc-c5"/>
      </symbol>
      <symbol id="sm-214">
         <name>Error</name>
         <value>0x2000664b</value>
         <object_component_ref idref="oc-c5"/>
      </symbol>
      <symbol id="sm-215">
         <name>InitTerm</name>
         <value>0x20006601</value>
         <object_component_ref idref="oc-c5"/>
      </symbol>
      <symbol id="sm-216">
         <name>ClearTerm</name>
         <value>0x20006641</value>
         <object_component_ref idref="oc-c5"/>
      </symbol>
      <symbol id="sm-217">
         <name>TrimSpace</name>
         <value>0x20006729</value>
         <object_component_ref idref="oc-c5"/>
      </symbol>
      <symbol id="sm-22b">
         <name>GPIODirModeSet</name>
         <value>0x200085f9</value>
         <object_component_ref idref="oc-1e1"/>
      </symbol>
      <symbol id="sm-22c">
         <name>GPIOPinWrite</name>
         <value>0x200087ff</value>
         <object_component_ref idref="oc-1fe"/>
      </symbol>
      <symbol id="sm-25b">
         <name>IntVTableBaseSet</name>
         <value>0x200089d5</value>
         <object_component_ref idref="oc-d1"/>
      </symbol>
      <symbol id="sm-25c">
         <name>IntEnable</name>
         <value>0x20007b99</value>
         <object_component_ref idref="oc-dd"/>
      </symbol>
      <symbol id="sm-25d">
         <name>IntMasterEnable</name>
         <value>0x20008a37</value>
         <object_component_ref idref="oc-d7"/>
      </symbol>
      <symbol id="sm-294">
         <name>PinTypeGPIO</name>
         <value>0x2000862f</value>
         <object_component_ref idref="oc-1db"/>
      </symbol>
      <symbol id="sm-295">
         <name>PinConfigSet</name>
         <value>0x20007ea9</value>
         <object_component_ref idref="oc-2af"/>
      </symbol>
      <symbol id="sm-296">
         <name>PinTypeSPI</name>
         <value>0x200088ed</value>
         <object_component_ref idref="oc-1e7"/>
      </symbol>
      <symbol id="sm-297">
         <name>PinModeSet</name>
         <value>0x200084fd</value>
         <object_component_ref idref="oc-1d5"/>
      </symbol>
      <symbol id="sm-31d">
         <name>PRCMPeripheralReset</name>
         <value>0x200082d1</value>
         <object_component_ref idref="oc-f5"/>
      </symbol>
      <symbol id="sm-31e">
         <name>PRCMPeripheralClkEnable</name>
         <value>0x200085bd</value>
         <object_component_ref idref="oc-ef"/>
      </symbol>
      <symbol id="sm-31f">
         <name>PRCMPeripheralClockGet</name>
         <value>0x20007e15</value>
         <object_component_ref idref="oc-101"/>
      </symbol>
      <symbol id="sm-320">
         <name>PRCMCC3200MCUInit</name>
         <value>0x2000703d</value>
         <object_component_ref idref="oc-e3"/>
      </symbol>
      <symbol id="sm-321">
         <name>PRCMHIBRegWrite</name>
         <value>0x20008995</value>
         <object_component_ref idref="oc-1c8"/>
      </symbol>
      <symbol id="sm-322">
         <name>PRCMSysResetCauseGet</name>
         <value>0x200086f1</value>
         <object_component_ref idref="oc-1bc"/>
      </symbol>
      <symbol id="sm-323">
         <name>PRCMPeripheralClkDisable</name>
         <value>0x2000871d</value>
         <object_component_ref idref="oc-1ce"/>
      </symbol>
      <symbol id="sm-324">
         <name>PRCMHIBRegRead</name>
         <value>0x2000897f</value>
         <object_component_ref idref="oc-1c2"/>
      </symbol>
      <symbol id="sm-369">
         <name>SPICSEnable</name>
         <value>0x2000891f</value>
         <object_component_ref idref="oc-1f8"/>
      </symbol>
      <symbol id="sm-36a">
         <name>SPIDataPut</name>
         <value>0x2000883f</value>
         <object_component_ref idref="oc-204"/>
      </symbol>
      <symbol id="sm-36b">
         <name>SPIEnable</name>
         <value>0x20008937</value>
         <object_component_ref idref="oc-10d"/>
      </symbol>
      <symbol id="sm-36c">
         <name>SPIDataGet</name>
         <value>0x2000881f</value>
         <object_component_ref idref="oc-20a"/>
      </symbol>
      <symbol id="sm-36d">
         <name>SPIConfigSetExpClk</name>
         <value>0x20007c41</value>
         <object_component_ref idref="oc-107"/>
      </symbol>
      <symbol id="sm-36e">
         <name>SPIReset</name>
         <value>0x200087dd</value>
         <object_component_ref idref="oc-fb"/>
      </symbol>
      <symbol id="sm-36f">
         <name>SPICSDisable</name>
         <value>0x20008907</value>
         <object_component_ref idref="oc-210"/>
      </symbol>
      <symbol id="sm-3ab">
         <name>UARTConfigSetExpClk</name>
         <value>0x200080b7</value>
         <object_component_ref idref="oc-158"/>
      </symbol>
      <symbol id="sm-3ac">
         <name>UARTDisable</name>
         <value>0x20008661</value>
         <object_component_ref idref="oc-238"/>
      </symbol>
      <symbol id="sm-3ad">
         <name>UARTCharsAvail</name>
         <value>0x2000894f</value>
         <object_component_ref idref="oc-16a"/>
      </symbol>
      <symbol id="sm-3ae">
         <name>UARTCharGetNonBlocking</name>
         <value>0x2000887b</value>
         <object_component_ref idref="oc-170"/>
      </symbol>
      <symbol id="sm-3af">
         <name>UARTCharPut</name>
         <value>0x2000885d</value>
         <object_component_ref idref="oc-15e"/>
      </symbol>
      <symbol id="sm-3b0">
         <name>UARTEnable</name>
         <value>0x20008795</value>
         <object_component_ref idref="oc-23e"/>
      </symbol>
      <symbol id="sm-3b4">
         <name>UtilsDelay</name>
         <value>0x20008a51</value>
         <object_component_ref idref="oc-2a7"/>
      </symbol>
      <symbol id="sm-3be">
         <name>CPUcpsie</name>
         <value>0x200089c1</value>
         <object_component_ref idref="oc-1ac"/>
      </symbol>
      <symbol id="sm-3ee">
         <name>vsnprintf</name>
         <value>0x2000853d</value>
         <object_component_ref idref="oc-164"/>
      </symbol>
      <symbol id="sm-409">
         <name>memcpy</name>
         <value>0x20007ce1</value>
         <object_component_ref idref="oc-3d"/>
      </symbol>
      <symbol id="sm-40a">
         <name>__aeabi_memcpy</name>
         <value>0x20007ce1</value>
         <object_component_ref idref="oc-3d"/>
      </symbol>
      <symbol id="sm-40b">
         <name>__aeabi_memcpy8</name>
         <value>0x20007ce1</value>
         <object_component_ref idref="oc-3d"/>
      </symbol>
      <symbol id="sm-40c">
         <name>__aeabi_memcpy4</name>
         <value>0x20007ce1</value>
         <object_component_ref idref="oc-3d"/>
      </symbol>
      <symbol id="sm-419">
         <name>__aeabi_uldivmod</name>
         <value>0x20007d7d</value>
         <object_component_ref idref="oc-364"/>
      </symbol>
      <symbol id="sm-42d">
         <name>__TI_zero_init_nomemset</name>
         <value>0x20008897</value>
         <object_component_ref idref="oc-49"/>
      </symbol>
      <symbol id="sm-444">
         <name>__TI_decompress_none</name>
         <value>0x20008a0f</value>
         <object_component_ref idref="oc-1b"/>
      </symbol>
      <symbol id="sm-467">
         <name>__TI_decompress_lzss</name>
         <value>0x2000820b</value>
         <object_component_ref idref="oc-15"/>
      </symbol>
      <symbol id="sm-478">
         <name>memmove</name>
         <value>0x2000876d</value>
         <object_component_ref idref="oc-17c"/>
      </symbol>
      <symbol id="sm-516">
         <name>_sys_memory</name>
         <value>0x20017000</value>
         <object_component_ref idref="oc-23"/>
      </symbol>
      <symbol id="sm-517">
         <name>free</name>
         <value>0x2000784d</value>
         <object_component_ref idref="oc-18e"/>
      </symbol>
      <symbol id="sm-518">
         <name>realloc</name>
         <value>0x20007931</value>
         <object_component_ref idref="oc-188"/>
      </symbol>
      <symbol id="sm-519">
         <name>memalign</name>
         <value>0x20007651</value>
         <object_component_ref idref="oc-26a"/>
      </symbol>
      <symbol id="sm-51a">
         <name>malloc</name>
         <value>0x20008a49</value>
         <object_component_ref idref="oc-182"/>
      </symbol>
      <symbol id="sm-51b">
         <name>aligned_alloc</name>
         <value>0x20007651</value>
         <object_component_ref idref="oc-26a"/>
      </symbol>
      <symbol id="sm-529">
         <name>strlen</name>
         <value>0x200089e9</value>
         <object_component_ref idref="oc-176"/>
      </symbol>
      <symbol id="sm-53b">
         <name>__stack</name>
         <value>0x2002f800</value>
         <object_component_ref idref="oc-26"/>
      </symbol>
      <symbol id="sm-53c">
         <name>_c_int00_noargs</name>
         <value>0x200087b9</value>
         <object_component_ref idref="oc-5b"/>
      </symbol>
      <symbol id="sm-6a1">
         <name>__TI_printfi</name>
         <value>0x20004e81</value>
         <object_component_ref idref="oc-246"/>
      </symbol>
      <symbol id="sm-6ab">
         <name>__aeabi_idiv0</name>
         <value>0x2000615b</value>
         <object_component_ref idref="oc-3e0"/>
      </symbol>
      <symbol id="sm-6ac">
         <name>__aeabi_ldiv0</name>
         <value>0x2000615b</value>
         <object_component_ref idref="oc-3e0"/>
      </symbol>
      <symbol id="sm-6c3">
         <name>__aeabi_dsub</name>
         <value>0x20006e85</value>
         <object_component_ref idref="oc-38a"/>
      </symbol>
      <symbol id="sm-6c4">
         <name>__aeabi_dadd</name>
         <value>0x20006e8f</value>
         <object_component_ref idref="oc-38a"/>
      </symbol>
      <symbol id="sm-6e6">
         <name>__aeabi_cdcmpeq</name>
         <value>0x20007f31</value>
         <object_component_ref idref="oc-2f8"/>
      </symbol>
      <symbol id="sm-6e7">
         <name>__aeabi_cdcmple</name>
         <value>0x20007f31</value>
         <object_component_ref idref="oc-2f8"/>
      </symbol>
      <symbol id="sm-6e8">
         <name>__aeabi_cdrcmple</name>
         <value>0x20007fb7</value>
         <object_component_ref idref="oc-375"/>
      </symbol>
      <symbol id="sm-6fc">
         <name>__aeabi_ddiv</name>
         <value>0x200072f1</value>
         <object_component_ref idref="oc-370"/>
      </symbol>
      <symbol id="sm-707">
         <name>__aeabi_dmul</name>
         <value>0x20007751</value>
         <object_component_ref idref="oc-36b"/>
      </symbol>
      <symbol id="sm-711">
         <name>__aeabi_d2iz</name>
         <value>0x20008471</value>
         <object_component_ref idref="oc-37a"/>
      </symbol>
      <symbol id="sm-71b">
         <name>__aeabi_i2d</name>
         <value>0x200086c1</value>
         <object_component_ref idref="oc-385"/>
      </symbol>
      <symbol id="sm-72a">
         <name>__aeabi_memset</name>
         <value>0x2000803f</value>
         <object_component_ref idref="oc-8b"/>
      </symbol>
      <symbol id="sm-72b">
         <name>memset</name>
         <value>0x20008045</value>
         <object_component_ref idref="oc-8b"/>
      </symbol>
      <symbol id="sm-72c">
         <name>__aeabi_memset8</name>
         <value>0x2000803f</value>
         <object_component_ref idref="oc-8b"/>
      </symbol>
      <symbol id="sm-72d">
         <name>__aeabi_memset4</name>
         <value>0x2000803f</value>
         <object_component_ref idref="oc-8b"/>
      </symbol>
      <symbol id="sm-72e">
         <name>__aeabi_memclr8</name>
         <value>0x2000803d</value>
         <object_component_ref idref="oc-8b"/>
      </symbol>
      <symbol id="sm-72f">
         <name>__aeabi_memclr4</name>
         <value>0x2000803d</value>
         <object_component_ref idref="oc-8b"/>
      </symbol>
      <symbol id="sm-730">
         <name>__aeabi_memclr</name>
         <value>0x2000803d</value>
         <object_component_ref idref="oc-8b"/>
      </symbol>
      <symbol id="sm-758">
         <name>__TI_auto_init_nobinit_nopinit</name>
         <value>0x200084b9</value>
         <object_component_ref idref="oc-126"/>
      </symbol>
      <symbol id="sm-762">
         <name>_system_pre_init</name>
         <value>0x20008a57</value>
         <object_component_ref idref="oc-91"/>
      </symbol>
      <symbol id="sm-76e">
         <name>C$$EXIT</name>
         <value>0x20008a5b</value>
         <object_component_ref idref="oc-11a"/>
      </symbol>
      <symbol id="sm-76f">
         <name>abort</name>
         <value>0x20008a5b</value>
         <object_component_ref idref="oc-11a"/>
      </symbol>
      <symbol id="sm-784">
         <name>_nop</name>
         <value>0x200058cf</value>
         <object_component_ref idref="oc-2cb"/>
      </symbol>
      <symbol id="sm-785">
         <name>_lock</name>
         <value>0x20017818</value>
         <object_component_ref idref="oc-21c"/>
      </symbol>
      <symbol id="sm-786">
         <name>_unlock</name>
         <value>0x2001781c</value>
         <object_component_ref idref="oc-21c"/>
      </symbol>
      <symbol id="sm-795">
         <name>__TI_ltoa</name>
         <value>0x2000837f</value>
         <object_component_ref idref="oc-37f"/>
      </symbol>
      <symbol id="sm-7ac">
         <name>atoi</name>
         <value>0x20008425</value>
         <object_component_ref idref="oc-2ec"/>
      </symbol>
      <symbol id="sm-7b7">
         <name>_ctypes_</name>
         <value>0x20008f5b</value>
         <object_component_ref idref="oc-35f"/>
      </symbol>
      <symbol id="sm-7c7">
         <name>memccpy</name>
         <value>0x200088d1</value>
         <object_component_ref idref="oc-315"/>
      </symbol>
      <symbol id="sm-7d7">
         <name>strchr</name>
         <value>0x200089ab</value>
         <object_component_ref idref="oc-3b6"/>
      </symbol>
      <symbol id="sm-7ed">
         <name>__aeabi_errno_addr</name>
         <value>0x20008a41</value>
         <object_component_ref idref="oc-321"/>
      </symbol>
      <symbol id="sm-7ee">
         <name>errno</name>
         <value>0x20017828</value>
         <object_component_ref idref="oc-3c6"/>
      </symbol>
      <symbol id="sm-807">
         <name>wcslen</name>
         <value>0x200089fd</value>
         <object_component_ref idref="oc-31b"/>
      </symbol>
      <symbol id="sm-827">
         <name>frexpl</name>
         <value>0x20008275</value>
         <object_component_ref idref="oc-3aa"/>
      </symbol>
      <symbol id="sm-828">
         <name>frexp</name>
         <value>0x20008275</value>
         <object_component_ref idref="oc-3aa"/>
      </symbol>
      <symbol id="sm-846">
         <name>scalbn</name>
         <value>0x20007a15</value>
         <object_component_ref idref="oc-3b0"/>
      </symbol>
      <symbol id="sm-847">
         <name>scalbnl</name>
         <value>0x20007a15</value>
         <object_component_ref idref="oc-3b0"/>
      </symbol>
      <symbol id="sm-848">
         <name>ldexpl</name>
         <value>0x20007a15</value>
         <object_component_ref idref="oc-3b0"/>
      </symbol>
      <symbol id="sm-849">
         <name>ldexp</name>
         <value>0x20007a15</value>
         <object_component_ref idref="oc-3b0"/>
      </symbol>
      <symbol id="sm-853">
         <name>copysign</name>
         <value>0x20008a2b</value>
         <object_component_ref idref="oc-3f9"/>
      </symbol>
      <symbol id="sm-854">
         <name>copysignl</name>
         <value>0x20008a2b</value>
         <object_component_ref idref="oc-3f9"/>
      </symbol>
      <symbol id="sm-855">
         <name>__TI_static_base__</name>
         <value>0x20009220</value>
      </symbol>
      <symbol id="sm-858">
         <name>__mpu_init</name>
         <value>0x0</value>
      </symbol>
      <symbol id="sm-859">
         <name>_system_post_cinit</name>
         <value>0x0</value>
      </symbol>
   </symbol_table>
   <title>Link successful</title>
</link_info>
