******************************************************************************
                  TI ARM Linker PC v20.2.7                     
******************************************************************************
>> Linked Thu Jan 22 17:51:17 2026

OUTPUT FILE NAME:   <sliding_ball.out>
ENTRY POINT SYMBOL: "_c_int00_noargs"  address: 200089a9


MEMORY CONFIGURATION

         name            origin    length      used     unused   attr    fill
----------------------  --------  ---------  --------  --------  ----  --------
  SRAM_CODE             20004000   00013000  0000557a  0000da86  RW X
  SRAM_DATA             20017000   00019000  00001044  00017fbc  RW X


SEGMENT ALLOCATION MAP

run origin  load origin   length   init length attrs members
----------  ----------- ---------- ----------- ----- -------
20004000    20004000    00005580   00005580    r-x
  20004000    20004000    00000400   00000400    r-- .intvecs
  20004400    20004400    00004976   00004976    r-x .text
  20008d78    20008d78    000007bc   000007bc    r-- .const
  20009538    20009538    00000048   00000048    r-- .cinit
20017000    20017000    00000844   00000000    rw-
  20017000    20017000    00000800   00000000    rw- .sysmem
  20017800    20017800    00000030   00000000    rw- .data
  20017830    20017830    00000014   00000000    rw- .bss
2002f800    2002f800    00000800   00000000    rw-
  2002f800    2002f800    00000800   00000000    rw- .stack


SECTION ALLOCATION MAP

 output                                  attributes/
section   page    origin      length       input sections
--------  ----  ----------  ----------   ----------------
.intvecs   0    20004000    00000400     
                  20004000    00000400     startup_ccs.obj (.intvecs)

.init_array 
*          0    20004000    00000000     UNINITIALIZED

.text      0    20004400    00004976     
                  20004400    00000a80     Adafruit_GFX.obj (.text)
                  20004e80    00000a4e     rtsv7M4_T_le_eabi.lib : _printfi.c.obj (.text:__TI_printfi)
                  200058ce    00000002                           : _lock.c.obj (.text:_nop)
                  200058d0    00000574     main.obj (.text)
                  20005e44    000004a2     Adafruit_OLED.obj (.text)
                  200062e6    00000002     rtsv7M4_T_le_eabi.lib : div0.asm.obj (.text)
                  200062e8    000002a0     i2c_if.obj (.text)
                  20006588    0000027c     uart_if.obj (.text)
                  20006804    00000268     rtsv7M4_T_le_eabi.lib : _printfi.c.obj (.text:_pconv_a)
                  20006a6c    00000200     oled_test.obj (.text)
                  20006c6c    000001cc     rtsv7M4_T_le_eabi.lib : _printfi.c.obj (.text:_pconv_g)
                  20006e38    000001b6                           : fd_add_t2.asm.obj (.text)
                  20006fee    00000002     --HOLE-- [fill = 0]
                  20006ff0    00000178     driverlib.a : prcm.obj (.text:PRCMCC3200MCUInit)
                  20007168    0000013c     rtsv7M4_T_le_eabi.lib : _printfi.c.obj (.text:_pconv_e)
                  200072a4    00000136                           : fd_div_t2.asm.obj (.text)
                  200073da    00000002     --HOLE-- [fill = 0]
                  200073dc    00000120                           : _printfi.c.obj (.text:fcvt)
                  200074fc    00000118     pinmux.obj (.text)
                  20007614    00000110     rtsv7M4_T_le_eabi.lib : strtoul.c.obj (.text:strtoul)
                  20007724    00000100                           : memory.c.obj (.text:aligned_alloc)
                  20007824    000000fc                           : fd_mul_t2.asm.obj (.text)
                  20007920    000000e4                           : memory.c.obj (.text:free)
                  20007a04    000000e4                           : memory.c.obj (.text:realloc)
                  20007ae8    000000d0                           : s_scalbn.c.obj (.text:scalbn)
                  20007bb8    000000b1                           : _printfi.c.obj (.text:_ltostr)
                  20007c69    00000003     --HOLE-- [fill = 0]
                  20007c6c    000000a8     driverlib.a : interrupt.obj (.text:IntEnable)
                  20007d14    000000a0                 : spi.obj (.text:SPIConfigSetExpClk)
                  20007db4    0000009c     rtsv7M4_T_le_eabi.lib : memcpy_t2.asm.obj (.text)
                  20007e50    00000096                           : ull_div_t2.asm.obj (.text)
                  20007ee6    00000002     --HOLE-- [fill = 0]
                  20007ee8    00000094     driverlib.a : prcm.obj (.text:PRCMPeripheralClockGet)
                  20007f7c    00000088                 : pin.obj (.text:PinConfigSet)
                  20008004    00000086     rtsv7M4_T_le_eabi.lib : fd_cmp_t2.asm.obj (.text:__aeabi_cdcmple)
                  2000808a    00000086                           : fd_cmp_t2.asm.obj (.text:__aeabi_cdrcmple)
                  20008110    00000084     driverlib.a : i2c.obj (.text:I2CMasterInitExpClk)
                  20008194    0000007a     rtsv7M4_T_le_eabi.lib : memset_t2.asm.obj (.text)
                  2000820e    00000076     driverlib.a : uart.obj (.text:UARTConfigSetExpClk)
                  20008284    00000070     rtsv7M4_T_le_eabi.lib : memory.c.obj (.text:split)
                  200082f4    0000006e                           : _printfi.c.obj (.text:_mcpy)
                  20008362    00000068                           : copy_decompress_lzss.c.obj (.text:decompress:lzss:__TI_decompress_lzss)
                  200083ca    00000002     --HOLE-- [fill = 0]
                  200083cc    0000005c                           : s_frexp.c.obj (.text:frexp)
                  20008428    00000058     driverlib.a : prcm.obj (.text:PRCMPeripheralReset)
                  20008480    00000056     rtsv7M4_T_le_eabi.lib : _printfi.c.obj (.text:_pconv_f)
                  200084d6    00000054                           : _ltoa.c.obj (.text:__TI_ltoa)
                  2000852a    00000052                           : _printfi.c.obj (.text:_ecpy)
                  2000857c    0000004c                           : atoi.c.obj (.text:atoi)
                  200085c8    00000048                           : fd_toi_t2.asm.obj (.text)
                  20008610    00000044                           : autoinit.c.obj (.text:__TI_auto_init_nobinit_nopinit:__TI_auto_init_nobinit_nopinit)
                  20008654    00000040     driverlib.a : pin.obj (.text:PinModeSet)
                  20008694    00000040     rtsv7M4_T_le_eabi.lib : strtok.c.obj (.text:strtok)
                  200086d4    00000040                           : vsnprintf.c.obj (.text:vsnprintf)
                  20008714    0000003e                           : _printfi.c.obj (.text:_fcpy)
                  20008752    00000002     --HOLE-- [fill = 0]
                  20008754    0000003c     driverlib.a : prcm.obj (.text:PRCMPeripheralClkEnable)
                  20008790    00000036                 : gpio.obj (.text:GPIODirModeSet)
                  200087c6    00000030                 : pin.obj (.text:PinTypeGPIO)
                  200087f6    00000002     --HOLE-- [fill = 0]
                  200087f8    00000030                 : uart.obj (.text:UARTDisable)
                  20008828    00000030     rtsv7M4_T_le_eabi.lib : vsnprintf.c.obj (.text:_outs)
                  20008858    0000002e                           : i_tofd_t2.asm.obj (.text)
                  20008886    0000002c     driverlib.a : i2c.obj (.text:I2CMasterErr)
                  200088b2    00000002     --HOLE-- [fill = 0]
                  200088b4    0000002c                 : prcm.obj (.text:PRCMSysResetCauseGet)
                  200088e0    0000002a     rtsv7M4_T_le_eabi.lib : strspn.c.obj (.text:strspn)
                  2000890a    00000002     --HOLE-- [fill = 0]
                  2000890c    00000028     driverlib.a : prcm.obj (.text:PRCMPeripheralClkDisable)
                  20008934    00000028     rtsv7M4_T_le_eabi.lib : memory.c.obj (.text:free_list_insert)
                  2000895c    00000028                           : memmov.c.obj (.text:memmove)
                  20008984    00000024     driverlib.a : uart.obj (.text:UARTEnable)
                  200089a8    00000024     rtsv7M4_T_le_eabi.lib : boot_cortex_m.c.obj (.text:_c_int00_noargs:_c_int00_noargs)
                  200089cc    00000024                           : strcspn.c.obj (.text:strcspn)
                  200089f0    00000022     driverlib.a : i2c.obj (.text:I2CMasterSlaveAddrSet)
                  20008a12    00000022                 : spi.obj (.text:SPIReset)
                  20008a34    00000020                 : gpio.obj (.text:GPIOPinWrite)
                  20008a54    00000020                 : spi.obj (.text:SPIDataGet)
                  20008a74    0000001e                 : i2c.obj (.text:I2CMasterIntStatusEx)
                  20008a92    0000001e                 : spi.obj (.text:SPIDataPut)
                  20008ab0    0000001e                 : uart.obj (.text:UARTCharPut)
                  20008ace    0000001c                 : pin.obj (.text:PinTypeI2C)
                  20008aea    0000001c                 : uart.obj (.text:UARTCharGetNonBlocking)
                  20008b06    0000001c     rtsv7M4_T_le_eabi.lib : copy_zero_init.c.obj (.text:decompress:ZI:__TI_zero_init_nomemset:__TI_zero_init_nomemset)
                  20008b22    00000002     --HOLE-- [fill = 0]
                  20008b24    0000001c                           : memory.c.obj (.text:free_list_remove)
                  20008b40    0000001c                           : memccpy.c.obj (.text:memccpy)
                  20008b5c    0000001a     driverlib.a : pin.obj (.text:PinTypeSPI)
                  20008b76    00000018                 : i2c.obj (.text:I2CMasterIntEnableEx)
                  20008b8e    00000018                 : spi.obj (.text:SPICSDisable)
                  20008ba6    00000018                 : spi.obj (.text:SPICSEnable)
                  20008bbe    00000018                 : spi.obj (.text:SPIEnable)
                  20008bd6    00000018                 : uart.obj (.text:UARTCharsAvail)
                  20008bee    00000018     rtsv7M4_T_le_eabi.lib : vsnprintf.c.obj (.text:_outc)
                  20008c06    00000018                           : strcmp.c.obj (.text:strcmp)
                  20008c1e    00000016     driverlib.a : i2c.obj (.text:I2CMasterDataPut)
                  20008c34    00000016                 : i2c.obj (.text:I2CMasterEnable)
                  20008c4a    00000016                 : i2c.obj (.text:I2CMasterIntClear)
                  20008c60    00000016                 : prcm.obj (.text:PRCMHIBRegRead)
                  20008c76    00000016                 : prcm.obj (.text:PRCMHIBRegWrite)
                  20008c8c    00000016     rtsv7M4_T_le_eabi.lib : strchr.c.obj (.text:strchr)
                  20008ca2    00000014     driverlib.a : cpu.obj (.text:CPUcpsie)
                  20008cb6    00000002     --HOLE-- [fill = 0]
                  20008cb8    00000014                 : interrupt.obj (.text:IntVTableBaseSet)
                  20008ccc    00000014     rtsv7M4_T_le_eabi.lib : strlen.c.obj (.text:strlen)
                  20008ce0    00000012     driverlib.a : i2c.obj (.text:I2CMasterControl)
                  20008cf2    00000012                 : i2c.obj (.text:I2CMasterTimeoutSet)
                  20008d04    00000012     rtsv7M4_T_le_eabi.lib : wcslen.c.obj (.text:wcslen)
                  20008d16    0000000e     driverlib.a : i2c.obj (.text:I2CMasterDataGet)
                  20008d24    0000000e     rtsv7M4_T_le_eabi.lib : copy_decompress_none.c.obj (.text:decompress:none:__TI_decompress_none)
                  20008d32    0000000e     startup_ccs.obj (.text)
                  20008d40    0000000c     rtsv7M4_T_le_eabi.lib : s_copysign.c.obj (.text:copysign)
                  20008d4c    0000000a     driverlib.a : interrupt.obj (.text:IntMasterEnable)
                  20008d56    00000002     --HOLE-- [fill = 0]
                  20008d58    00000008     rtsv7M4_T_le_eabi.lib : errno.c.obj (.text:__aeabi_errno_addr)
                  20008d60    00000008                           : memory.c.obj (.text:malloc)
                  20008d68    00000006     driverlib.a : utils.obj (.text:UtilsDelay)
                  20008d6e    00000004     rtsv7M4_T_le_eabi.lib : pre_init.c.obj (.text:_system_pre_init)
                  20008d72    00000004                           : exit.c.obj (.text:abort:abort)

.const     0    20008d78    000007bc     
                  20008d78    000004fb     Adafruit_GFX.obj (.const:.string:font)
                  20009273    00000101     rtsv7M4_T_le_eabi.lib : ctype.c.obj (.const:.string:_ctypes_)
                  20009374    00000100     driverlib.a : pin.obj (.const:g_ulPinToPadMap)
                  20009474    000000a8                 : prcm.obj (.const:PRCM_PeriphRegsList)
                  2000951c    00000018                 : interrupt.obj (.const:g_pulEnRegs)

.cinit     0    20009538    00000048     
                  20009538    00000020     (.cinit..data.load) [load image, compression = lzss]
                  20009558    0000000c     (__TI_handler_table)
                  20009564    00000004     --HOLE-- [fill = 0]
                  20009568    00000008     (.cinit..bss.load) [load image, compression = zero_init]
                  20009570    00000010     (__TI_cinit_table)

.sysmem    0    20017000    00000800     UNINITIALIZED
                  20017000    00000010     rtsv7M4_T_le_eabi.lib : memory.c.obj (.sysmem)
                  20017010    000007f0     --HOLE--

.data      0    20017800    00000030     UNINITIALIZED
                  20017800    00000015     Adafruit_GFX.obj (.data)
                  20017815    00000003     --HOLE--
                  20017818    00000008     rtsv7M4_T_le_eabi.lib : _lock.c.obj (.data:$O1$$)
                  20017820    00000008                           : memory.c.obj (.data:$O1$$)
                  20017828    00000004                           : errno.c.obj (.data)
                  2001782c    00000004                           : strtok.c.obj (.data)

.bss       0    20017830    00000014     UNINITIALIZED
                  20017830    00000010     oled_test.obj (.bss)
                  20017840    00000004     uart_if.obj (.bss)

.stack     0    2002f800    00000800     UNINITIALIZED
                  2002f800    00000004     rtsv7M4_T_le_eabi.lib : boot_cortex_m.c.obj (.stack)
                  2002f804    000007fc     --HOLE--

__llvm_prf_cnts 
*          0    20017000    00000000     UNINITIALIZED

MODULE SUMMARY

       Module                       code    ro data   rw data
       ------                       ----    -------   -------
    .\
       Adafruit_GFX.obj             2688    1275      21     
       main.obj                     1396    0         0      
       Adafruit_OLED.obj            1186    0         0      
       startup_ccs.obj              14      1024      0      
       i2c_if.obj                   672     0         0      
       uart_if.obj                  636     0         4      
       oled_test.obj                512     0         16     
       pinmux.obj                   280     0         0      
    +--+----------------------------+-------+---------+---------+
       Total:                       7384    2299      41     
                                                             
    C:/ti/CC3200SDK_1.5.0/cc3200-sdk/driverlib/ccs/Release/driverlib.a
       prcm.obj                     800     168       0      
       pin.obj                      302     256       0      
       i2c.obj                      380     0         0      
       spi.obj                      328     0         0      
       uart.obj                     284     0         0      
       interrupt.obj                198     24        0      
       gpio.obj                     86      0         0      
       cpu.obj                      20      0         0      
       utils.obj                    6       0         0      
    +--+----------------------------+-------+---------+---------+
       Total:                       2404    448       0      
                                                             
    C:\ti\ccs1280\ccs\tools\compiler\ti-cgt-arm_20.2.7.LTS\lib\rtsv7M4_T_le_eabi.lib
       _printfi.c.obj               4835    0         0      
       memory.c.obj                 900     0         8      
       fd_add_t2.asm.obj            438     0         0      
       fd_div_t2.asm.obj            310     0         0      
       strtoul.c.obj                272     0         0      
       fd_cmp_t2.asm.obj            268     0         0      
       ctype.c.obj                  0       257       0      
       fd_mul_t2.asm.obj            252     0         0      
       s_scalbn.c.obj               208     0         0      
       memcpy_t2.asm.obj            156     0         0      
       ull_div_t2.asm.obj           150     0         0      
       vsnprintf.c.obj              136     0         0      
       memset_t2.asm.obj            122     0         0      
       copy_decompress_lzss.c.obj   104     0         0      
       s_frexp.c.obj                92      0         0      
       _ltoa.c.obj                  84      0         0      
       atoi.c.obj                   76      0         0      
       fd_toi_t2.asm.obj            72      0         0      
       autoinit.c.obj               68      0         0      
       strtok.c.obj                 64      0         4      
       i_tofd_t2.asm.obj            46      0         0      
       strspn.c.obj                 42      0         0      
       memmov.c.obj                 40      0         0      
       boot_cortex_m.c.obj          36      0         0      
       strcspn.c.obj                36      0         0      
       copy_zero_init.c.obj         28      0         0      
       memccpy.c.obj                28      0         0      
       strcmp.c.obj                 24      0         0      
       strchr.c.obj                 22      0         0      
       strlen.c.obj                 20      0         0      
       wcslen.c.obj                 18      0         0      
       copy_decompress_none.c.obj   14      0         0      
       errno.c.obj                  8       0         4      
       s_copysign.c.obj             12      0         0      
       _lock.c.obj                  2       0         8      
       exit.c.obj                   4       0         0      
       pre_init.c.obj               4       0         0      
       div0.asm.obj                 2       0         0      
    +--+----------------------------+-------+---------+---------+
       Total:                       8993    257       24     
                                                             
       Heap:                        0       0         2048   
       Stack:                       0       0         2048   
       Linker Generated:            0       68        0      
    +--+----------------------------+-------+---------+---------+
       Grand Total:                 18781   3072      4161   


LINKER GENERATED COPY TABLES

__TI_cinit_table @ 20009570 records: 2, size/record: 8, table size: 16
	.data: load addr=20009538, load size=00000020 bytes, run addr=20017800, run size=00000030 bytes, compression=lzss
	.bss: load addr=20009568, load size=00000008 bytes, run addr=20017830, run size=00000014 bytes, compression=zero_init


LINKER GENERATED HANDLER TABLE

__TI_handler_table @ 20009558 records: 3, size/record: 4, table size: 12
	index: 0, handler: __TI_decompress_lzss
	index: 1, handler: __TI_decompress_none
	index: 2, handler: __TI_zero_init


GLOBAL SYMBOLS: SORTED ALPHABETICALLY BY Name 

address   name                          
-------   ----                          
20005ecd  Adafruit_Init                 
20008d73  C$$EXIT                       
20008ca3  CPUcpsie                      
200065c9  ClearTerm                     
20006043  Color565                      
20005917  DisplayBuffer                 
200065d3  Error                         
20008791  GPIODirModeSet                
20008a35  GPIOPinWrite                  
2000660b  GetCmd                        
20008ce1  I2CMasterControl              
20008d17  I2CMasterDataGet              
20008c1f  I2CMasterDataPut              
20008c35  I2CMasterEnable               
20008887  I2CMasterErr                  
20008111  I2CMasterInitExpClk           
20008c4b  I2CMasterIntClear             
20008b77  I2CMasterIntEnableEx          
20008a75  I2CMasterIntStatusEx          
200089f1  I2CMasterSlaveAddrSet         
20008cf3  I2CMasterTimeoutSet           
20006573  I2C_IF_Close                  
20006517  I2C_IF_Open                   
20006415  I2C_IF_Read                   
200064d1  I2C_IF_ReadFrom               
20006365  I2C_IF_Write                  
20006589  InitTerm                      
20007c6d  IntEnable                     
20008d4d  IntMasterEnable               
20008cb9  IntVTableBaseSet              
200058d1  MasterMain                    
200065a7  Message                       
20004dab  Outstr                        
20006ff1  PRCMCC3200MCUInit             
20008c61  PRCMHIBRegRead                
20008c77  PRCMHIBRegWrite               
2000890d  PRCMPeripheralClkDisable      
20008755  PRCMPeripheralClkEnable       
20007ee9  PRCMPeripheralClockGet        
20008429  PRCMPeripheralReset           
200088b5  PRCMSysResetCauseGet          
20005d03  ParseNProcessCmd              
20007f7d  PinConfigSet                  
20008655  PinModeSet                    
200074fd  PinMuxConfig                  
200087c7  PinTypeGPIO                   
20008acf  PinTypeI2C                    
20008b5d  PinTypeSPI                    
20005977  ProcessReadCommand            
200059fd  ProcessReadRegCommand         
20005bf7  ProcessWriteCommand           
20005ac9  ProcessWriteRegCommand        
20006749  Report                        
20008d33  ResetISR                      
20008b8f  SPICSDisable                  
20008ba7  SPICSEnable                   
20007d15  SPIConfigSetExpClk            
20008a55  SPIDataGet                    
20008a93  SPIDataPut                    
20008bbf  SPIEnable                     
20008a13  SPIReset                      
200066b1  TrimSpace                     
20008aeb  UARTCharGetNonBlocking        
20008ab1  UARTCharPut                   
20008bd7  UARTCharsAvail                
2000820f  UARTConfigSetExpClk           
200087f9  UARTDisable                   
20008985  UARTEnable                    
20008d69  UtilsDelay                    
20030000  __STACK_END                   
00000800  __STACK_SIZE                  
00000800  __SYSMEM_SIZE                 
20009570  __TI_CINIT_Base               
20009580  __TI_CINIT_Limit              
20009558  __TI_Handler_Table_Base       
20009564  __TI_Handler_Table_Limit      
20008611  __TI_auto_init_nobinit_nopinit
20008363  __TI_decompress_lzss          
20008d25  __TI_decompress_none          
200084d7  __TI_ltoa                     
ffffffff  __TI_pprof_out_hndl           
20004e81  __TI_printfi                  
ffffffff  __TI_prof_data_size           
ffffffff  __TI_prof_data_start          
20009538  __TI_static_base__            
20008b07  __TI_zero_init_nomemset       
20008005  __aeabi_cdcmpeq               
20008005  __aeabi_cdcmple               
2000808b  __aeabi_cdrcmple              
200085c9  __aeabi_d2iz                  
20006e43  __aeabi_dadd                  
200072a5  __aeabi_ddiv                  
20007825  __aeabi_dmul                  
20006e39  __aeabi_dsub                  
20008d59  __aeabi_errno_addr            
20008859  __aeabi_i2d                   
200062e7  __aeabi_idiv0                 
200062e7  __aeabi_ldiv0                 
20008195  __aeabi_memclr                
20008195  __aeabi_memclr4               
20008195  __aeabi_memclr8               
20007db5  __aeabi_memcpy                
20007db5  __aeabi_memcpy4               
20007db5  __aeabi_memcpy8               
20008197  __aeabi_memset                
20008197  __aeabi_memset4               
20008197  __aeabi_memset8               
20007e51  __aeabi_uldivmod              
ffffffff  __binit__                     
ffffffff  __c_args__                    
UNDEFED   __mpu_init                    
2002f800  __stack                       
20017000  __start___llvm_prf_cnts       
20017000  __stop___llvm_prf_cnts        
200089a9  _c_int00_noargs               
20009273  _ctypes_                      
20017818  _lock                         
200058cf  _nop                          
20017000  _sys_memory                   
UNDEFED   _system_post_cinit            
20008d6f  _system_pre_init              
2001781c  _unlock                       
20008d73  abort                         
20007725  aligned_alloc                 
2000857d  atoi                          
20006bb5  ballPitch                     
20006b97  ballRoll                      
ffffffff  binit                         
20006bd3  checkoffInit                  
20006c05  checkoffLoop                  
20008d41  copysign                      
20008d41  copysignl                     
20017800  cursor_x                      
20017804  cursor_y                      
20004c5f  drawChar                      
20004401  drawCircle                    
20004535  drawCircleHelper              
200061f1  drawFastHLine                 
20006155  drawFastVLine                 
2000477b  drawLine                      
2000628d  drawPixel                     
20004867  drawRect                      
200048b5  drawRoundRect                 
20004a1d  drawTriangle                  
20017828  errno                         
20004653  fillCircle                    
2000468d  fillCircleHelper              
2000609b  fillRect                      
200049a3  fillRoundRect                 
20006085  fillScreen                    
20004a5f  fillTriangle                  
20007921  free                          
200083cd  frexp                         
200083cd  frexpl                        
20004000  g_pfnVectors                  
20005fff  goTo                          
20004e5f  height                        
200062cb  invert                        
20007ae9  ldexp                         
20007ae9  ldexpl                        
20005d7d  main                          
20008d61  malloc                        
20007725  memalign                      
20008b41  memccpy                       
20007db5  memcpy                        
2000895d  memmove                       
2000819d  memset                        
20007a05  realloc                       
20007ae9  scalbn                        
20007ae9  scalbnl                       
20004df7  setCursor                     
20004e2f  setTextColor                  
20004e0f  setTextSize                   
20004e47  setTextWrap                   
20008c8d  strchr                        
20008c07  strcmp                        
200089cd  strcspn                       
20008ccd  strlen                        
200088e1  strspn                        
20008695  strtok                        
20007615  strtoul                       
20017810  textbgcolor                   
2001780c  textcolor                     
20017808  textsize                      
200086d5  vsnprintf                     
20008d05  wcslen                        
20004e5b  width                         
20017814  wrap                          
20005e45  writeCommand                  
20005e89  writeData                     


GLOBAL SYMBOLS: SORTED BY Symbol Address 

address   name                          
-------   ----                          
00000800  __STACK_SIZE                  
00000800  __SYSMEM_SIZE                 
20004000  g_pfnVectors                  
20004401  drawCircle                    
20004535  drawCircleHelper              
20004653  fillCircle                    
2000468d  fillCircleHelper              
2000477b  drawLine                      
20004867  drawRect                      
200048b5  drawRoundRect                 
200049a3  fillRoundRect                 
20004a1d  drawTriangle                  
20004a5f  fillTriangle                  
20004c5f  drawChar                      
20004dab  Outstr                        
20004df7  setCursor                     
20004e0f  setTextSize                   
20004e2f  setTextColor                  
20004e47  setTextWrap                   
20004e5b  width                         
20004e5f  height                        
20004e81  __TI_printfi                  
200058cf  _nop                          
200058d1  MasterMain                    
20005917  DisplayBuffer                 
20005977  ProcessReadCommand            
200059fd  ProcessReadRegCommand         
20005ac9  ProcessWriteRegCommand        
20005bf7  ProcessWriteCommand           
20005d03  ParseNProcessCmd              
20005d7d  main                          
20005e45  writeCommand                  
20005e89  writeData                     
20005ecd  Adafruit_Init                 
20005fff  goTo                          
20006043  Color565                      
20006085  fillScreen                    
2000609b  fillRect                      
20006155  drawFastVLine                 
200061f1  drawFastHLine                 
2000628d  drawPixel                     
200062cb  invert                        
200062e7  __aeabi_idiv0                 
200062e7  __aeabi_ldiv0                 
20006365  I2C_IF_Write                  
20006415  I2C_IF_Read                   
200064d1  I2C_IF_ReadFrom               
20006517  I2C_IF_Open                   
20006573  I2C_IF_Close                  
20006589  InitTerm                      
200065a7  Message                       
200065c9  ClearTerm                     
200065d3  Error                         
2000660b  GetCmd                        
200066b1  TrimSpace                     
20006749  Report                        
20006b97  ballRoll                      
20006bb5  ballPitch                     
20006bd3  checkoffInit                  
20006c05  checkoffLoop                  
20006e39  __aeabi_dsub                  
20006e43  __aeabi_dadd                  
20006ff1  PRCMCC3200MCUInit             
200072a5  __aeabi_ddiv                  
200074fd  PinMuxConfig                  
20007615  strtoul                       
20007725  aligned_alloc                 
20007725  memalign                      
20007825  __aeabi_dmul                  
20007921  free                          
20007a05  realloc                       
20007ae9  ldexp                         
20007ae9  ldexpl                        
20007ae9  scalbn                        
20007ae9  scalbnl                       
20007c6d  IntEnable                     
20007d15  SPIConfigSetExpClk            
20007db5  __aeabi_memcpy                
20007db5  __aeabi_memcpy4               
20007db5  __aeabi_memcpy8               
20007db5  memcpy                        
20007e51  __aeabi_uldivmod              
20007ee9  PRCMPeripheralClockGet        
20007f7d  PinConfigSet                  
20008005  __aeabi_cdcmpeq               
20008005  __aeabi_cdcmple               
2000808b  __aeabi_cdrcmple              
20008111  I2CMasterInitExpClk           
20008195  __aeabi_memclr                
20008195  __aeabi_memclr4               
20008195  __aeabi_memclr8               
20008197  __aeabi_memset                
20008197  __aeabi_memset4               
20008197  __aeabi_memset8               
2000819d  memset                        
2000820f  UARTConfigSetExpClk           
20008363  __TI_decompress_lzss          
200083cd  frexp                         
200083cd  frexpl                        
20008429  PRCMPeripheralReset           
200084d7  __TI_ltoa                     
2000857d  atoi                          
200085c9  __aeabi_d2iz                  
20008611  __TI_auto_init_nobinit_nopinit
20008655  PinModeSet                    
20008695  strtok                        
200086d5  vsnprintf                     
20008755  PRCMPeripheralClkEnable       
20008791  GPIODirModeSet                
200087c7  PinTypeGPIO                   
200087f9  UARTDisable                   
20008859  __aeabi_i2d                   
20008887  I2CMasterErr                  
200088b5  PRCMSysResetCauseGet          
200088e1  strspn                        
2000890d  PRCMPeripheralClkDisable      
2000895d  memmove                       
20008985  UARTEnable                    
200089a9  _c_int00_noargs               
200089cd  strcspn                       
200089f1  I2CMasterSlaveAddrSet         
20008a13  SPIReset                      
20008a35  GPIOPinWrite                  
20008a55  SPIDataGet                    
20008a75  I2CMasterIntStatusEx          
20008a93  SPIDataPut                    
20008ab1  UARTCharPut                   
20008acf  PinTypeI2C                    
20008aeb  UARTCharGetNonBlocking        
20008b07  __TI_zero_init_nomemset       
20008b41  memccpy                       
20008b5d  PinTypeSPI                    
20008b77  I2CMasterIntEnableEx          
20008b8f  SPICSDisable                  
20008ba7  SPICSEnable                   
20008bbf  SPIEnable                     
20008bd7  UARTCharsAvail                
20008c07  strcmp                        
20008c1f  I2CMasterDataPut              
20008c35  I2CMasterEnable               
20008c4b  I2CMasterIntClear             
20008c61  PRCMHIBRegRead                
20008c77  PRCMHIBRegWrite               
20008c8d  strchr                        
20008ca3  CPUcpsie                      
20008cb9  IntVTableBaseSet              
20008ccd  strlen                        
20008ce1  I2CMasterControl              
20008cf3  I2CMasterTimeoutSet           
20008d05  wcslen                        
20008d17  I2CMasterDataGet              
20008d25  __TI_decompress_none          
20008d33  ResetISR                      
20008d41  copysign                      
20008d41  copysignl                     
20008d4d  IntMasterEnable               
20008d59  __aeabi_errno_addr            
20008d61  malloc                        
20008d69  UtilsDelay                    
20008d6f  _system_pre_init              
20008d73  C$$EXIT                       
20008d73  abort                         
20009273  _ctypes_                      
20009538  __TI_static_base__            
20009558  __TI_Handler_Table_Base       
20009564  __TI_Handler_Table_Limit      
20009570  __TI_CINIT_Base               
20009580  __TI_CINIT_Limit              
20017000  __start___llvm_prf_cnts       
20017000  __stop___llvm_prf_cnts        
20017000  _sys_memory                   
20017800  cursor_x                      
20017804  cursor_y                      
20017808  textsize                      
2001780c  textcolor                     
20017810  textbgcolor                   
20017814  wrap                          
20017818  _lock                         
2001781c  _unlock                       
20017828  errno                         
2002f800  __stack                       
20030000  __STACK_END                   
ffffffff  __TI_pprof_out_hndl           
ffffffff  __TI_prof_data_size           
ffffffff  __TI_prof_data_start          
ffffffff  __binit__                     
ffffffff  __c_args__                    
ffffffff  binit                         
UNDEFED   __mpu_init                    
UNDEFED   _system_post_cinit            

[190 symbols]
