******************************************************************************
                  TI ARM Linker PC v20.2.7                     
******************************************************************************
>> Linked Tue Jan 13 07:28:36 2026

OUTPUT FILE NAME:   <lab1-part2_uart_demo.out>
ENTRY POINT SYMBOL: "_c_int00_noargs"  address: 20007419


MEMORY CONFIGURATION

         name            origin    length      used     unused   attr    fill
----------------------  --------  ---------  --------  --------  ----  --------
  SRAM_CODE             20004000   00013000  0000392a  0000f6d6  RW X
  SRAM_DATA             20017000   00019000  00000918  000186e8  RW X


SEGMENT ALLOCATION MAP

run origin  load origin   length   init length attrs members
----------  ----------- ---------- ----------- ----- -------
20004000    20004000    00003930   00003930    r-x
  20004000    20004000    00000400   00000400    r-- .intvecs
  20004400    20004400    0000322e   0000322e    r-x .text
  20007630    20007630    000002c4   000002c4    r-- .const
  200078f8    200078f8    00000038   00000038    r-- .cinit
20017000    20017000    00000818   00000000    rw-
  20017000    20017000    00000800   00000000    rw- .sysmem
  20017800    20017800    00000014   00000000    rw- .data
  20017814    20017814    00000004   00000000    rw- .bss
2002ff00    2002ff00    00000100   00000000    rw-
  2002ff00    2002ff00    00000100   00000000    rw- .stack


SECTION ALLOCATION MAP

 output                                  attributes/
section   page    origin      length       input sections
--------  ----  ----------  ----------   ----------------
.intvecs   0    20004000    00000400     
                  20004000    00000400     startup_ccs.obj (.intvecs)

.init_array 
*          0    20004000    00000000     UNINITIALIZED

.text      0    20004400    0000322e     
                  20004400    00000a4e     rtsv7M4_T_le_eabi.lib : _printfi.c.obj (.text:__TI_printfi)
                  20004e4e    00000002                           : _lock.c.obj (.text:_nop)
                  20004e50    00000654     main.obj (.text)
                  200054a4    0000027c     uart_if.obj (.text)
                  20005720    00000268     rtsv7M4_T_le_eabi.lib : _printfi.c.obj (.text:_pconv_a)
                  20005988    000001cc                           : _printfi.c.obj (.text:_pconv_g)
                  20005b54    000001b6                           : fd_add_t2.asm.obj (.text)
                  20005d0a    00000002                           : div0.asm.obj (.text)
                  20005d0c    00000178     driverlib.a : prcm.obj (.text:PRCMCC3200MCUInit)
                  20005e84    0000013c     rtsv7M4_T_le_eabi.lib : _printfi.c.obj (.text:_pconv_e)
                  20005fc0    00000138     pin_mux_config.obj (.text)
                  200060f8    00000136     rtsv7M4_T_le_eabi.lib : fd_div_t2.asm.obj (.text)
                  2000622e    00000002     --HOLE-- [fill = 0]
                  20006230    00000120                           : _printfi.c.obj (.text:fcvt)
                  20006350    00000100                           : memory.c.obj (.text:aligned_alloc)
                  20006450    000000fc                           : fd_mul_t2.asm.obj (.text)
                  2000654c    000000e4                           : memory.c.obj (.text:free)
                  20006630    000000e4                           : memory.c.obj (.text:realloc)
                  20006714    000000d0                           : s_scalbn.c.obj (.text:scalbn)
                  200067e4    000000b1                           : _printfi.c.obj (.text:_ltostr)
                  20006895    00000003     --HOLE-- [fill = 0]
                  20006898    000000a8     driverlib.a : interrupt.obj (.text:IntEnable)
                  20006940    0000009c     rtsv7M4_T_le_eabi.lib : memcpy_t2.asm.obj (.text)
                  200069dc    00000096                           : ull_div_t2.asm.obj (.text)
                  20006a72    00000002     --HOLE-- [fill = 0]
                  20006a74    00000094     driverlib.a : prcm.obj (.text:PRCMPeripheralClockGet)
                  20006b08    00000088                 : pin.obj (.text:PinConfigSet)
                  20006b90    00000086     rtsv7M4_T_le_eabi.lib : fd_cmp_t2.asm.obj (.text:__aeabi_cdcmple)
                  20006c16    00000086                           : fd_cmp_t2.asm.obj (.text:__aeabi_cdrcmple)
                  20006c9c    0000007a                           : memset_t2.asm.obj (.text)
                  20006d16    00000076     driverlib.a : uart.obj (.text:UARTConfigSetExpClk)
                  20006d8c    00000070     rtsv7M4_T_le_eabi.lib : memory.c.obj (.text:split)
                  20006dfc    0000006e                           : _printfi.c.obj (.text:_mcpy)
                  20006e6a    00000068                           : copy_decompress_lzss.c.obj (.text:decompress:lzss:__TI_decompress_lzss)
                  20006ed2    00000002     --HOLE-- [fill = 0]
                  20006ed4    0000005c                           : s_frexp.c.obj (.text:frexp)
                  20006f30    00000058     driverlib.a : prcm.obj (.text:PRCMPeripheralReset)
                  20006f88    00000056     rtsv7M4_T_le_eabi.lib : _printfi.c.obj (.text:_pconv_f)
                  20006fde    00000054                           : _ltoa.c.obj (.text:__TI_ltoa)
                  20007032    00000052                           : _printfi.c.obj (.text:_ecpy)
                  20007084    0000004c                           : atoi.c.obj (.text:atoi)
                  200070d0    00000048                           : fd_toi_t2.asm.obj (.text)
                  20007118    00000044                           : autoinit.c.obj (.text:__TI_auto_init_nobinit_nopinit:__TI_auto_init_nobinit_nopinit)
                  2000715c    00000040     driverlib.a : pin.obj (.text:PinModeSet)
                  2000719c    00000040     rtsv7M4_T_le_eabi.lib : vsnprintf.c.obj (.text:vsnprintf)
                  200071dc    0000003e                           : _printfi.c.obj (.text:_fcpy)
                  2000721a    00000002     --HOLE-- [fill = 0]
                  2000721c    0000003c     driverlib.a : prcm.obj (.text:PRCMPeripheralClkEnable)
                  20007258    00000036                 : gpio.obj (.text:GPIODirModeSet)
                  2000728e    00000030                 : pin.obj (.text:PinTypeGPIO)
                  200072be    00000002     --HOLE-- [fill = 0]
                  200072c0    00000030                 : uart.obj (.text:UARTDisable)
                  200072f0    00000030     rtsv7M4_T_le_eabi.lib : vsnprintf.c.obj (.text:_outs)
                  20007320    0000002e                           : i_tofd_t2.asm.obj (.text)
                  2000734e    00000002     --HOLE-- [fill = 0]
                  20007350    0000002c     driverlib.a : prcm.obj (.text:PRCMSysResetCauseGet)
                  2000737c    00000028                 : prcm.obj (.text:PRCMPeripheralClkDisable)
                  200073a4    00000028     rtsv7M4_T_le_eabi.lib : memory.c.obj (.text:free_list_insert)
                  200073cc    00000028                           : memmov.c.obj (.text:memmove)
                  200073f4    00000024     driverlib.a : uart.obj (.text:UARTEnable)
                  20007418    00000024     rtsv7M4_T_le_eabi.lib : boot_cortex_m.c.obj (.text:_c_int00_noargs:_c_int00_noargs)
                  2000743c    00000020     driverlib.a : gpio.obj (.text:GPIOPinWrite)
                  2000745c    0000001e                 : uart.obj (.text:UARTCharPut)
                  2000747a    0000001c                 : uart.obj (.text:UARTCharGetNonBlocking)
                  20007496    0000001c     rtsv7M4_T_le_eabi.lib : copy_zero_init.c.obj (.text:decompress:ZI:__TI_zero_init_nomemset:__TI_zero_init_nomemset)
                  200074b2    00000002     --HOLE-- [fill = 0]
                  200074b4    0000001c                           : memory.c.obj (.text:free_list_remove)
                  200074d0    0000001c                           : memccpy.c.obj (.text:memccpy)
                  200074ec    0000001a     driverlib.a : pin.obj (.text:PinTypeUART)
                  20007506    00000018                 : gpio.obj (.text:GPIOPinRead)
                  2000751e    00000018                 : uart.obj (.text:UARTCharsAvail)
                  20007536    00000018     rtsv7M4_T_le_eabi.lib : vsnprintf.c.obj (.text:_outc)
                  2000754e    00000016     driverlib.a : prcm.obj (.text:PRCMHIBRegRead)
                  20007564    00000016                 : prcm.obj (.text:PRCMHIBRegWrite)
                  2000757a    00000016     rtsv7M4_T_le_eabi.lib : strchr.c.obj (.text:strchr)
                  20007590    00000014     driverlib.a : cpu.obj (.text:CPUcpsie)
                  200075a4    00000014                 : interrupt.obj (.text:IntVTableBaseSet)
                  200075b8    00000014     rtsv7M4_T_le_eabi.lib : strlen.c.obj (.text:strlen)
                  200075cc    00000012                           : wcslen.c.obj (.text:wcslen)
                  200075de    0000000e                           : copy_decompress_none.c.obj (.text:decompress:none:__TI_decompress_none)
                  200075ec    0000000e     startup_ccs.obj (.text)
                  200075fa    0000000c     rtsv7M4_T_le_eabi.lib : s_copysign.c.obj (.text:copysign)
                  20007606    0000000a     driverlib.a : interrupt.obj (.text:IntMasterEnable)
                  20007610    00000008     rtsv7M4_T_le_eabi.lib : errno.c.obj (.text:__aeabi_errno_addr)
                  20007618    00000008                           : memory.c.obj (.text:malloc)
                  20007620    00000006     driverlib.a : utils.obj (.text:UtilsDelay)
                  20007626    00000004     rtsv7M4_T_le_eabi.lib : pre_init.c.obj (.text:_system_pre_init)
                  2000762a    00000004                           : exit.c.obj (.text:abort:abort)

.const     0    20007630    000002c4     
                  20007630    00000101     rtsv7M4_T_le_eabi.lib : ctype.c.obj (.const:.string:_ctypes_)
                  20007731    00000003     --HOLE-- [fill = 0]
                  20007734    00000100     driverlib.a : pin.obj (.const:g_ulPinToPadMap)
                  20007834    000000a8                 : prcm.obj (.const:PRCM_PeriphRegsList)
                  200078dc    00000018                 : interrupt.obj (.const:g_pulEnRegs)

.cinit     0    200078f8    00000038     
                  200078f8    0000000d     (.cinit..data.load) [load image, compression = lzss]
                  20007905    00000003     --HOLE-- [fill = 0]
                  20007908    0000000c     (__TI_handler_table)
                  20007914    00000004     --HOLE-- [fill = 0]
                  20007918    00000008     (.cinit..bss.load) [load image, compression = zero_init]
                  20007920    00000010     (__TI_cinit_table)

.sysmem    0    20017000    00000800     UNINITIALIZED
                  20017000    00000010     rtsv7M4_T_le_eabi.lib : memory.c.obj (.sysmem)
                  20017010    000007f0     --HOLE--

.data      0    20017800    00000014     UNINITIALIZED
                  20017800    00000008     rtsv7M4_T_le_eabi.lib : _lock.c.obj (.data:$O1$$)
                  20017808    00000008                           : memory.c.obj (.data:$O1$$)
                  20017810    00000004                           : errno.c.obj (.data)

.bss       0    20017814    00000004     UNINITIALIZED
                  20017814    00000004     uart_if.obj (.bss)

.stack     0    2002ff00    00000100     UNINITIALIZED
                  2002ff00    00000004     rtsv7M4_T_le_eabi.lib : boot_cortex_m.c.obj (.stack)
                  2002ff04    000000fc     --HOLE--

__llvm_prf_cnts 
*          0    20017000    00000000     UNINITIALIZED

MODULE SUMMARY

       Module                       code    ro data   rw data
       ------                       ----    -------   -------
    .\
       main.obj                     1620    0         0      
       startup_ccs.obj              14      1024      0      
       uart_if.obj                  636     0         4      
       pin_mux_config.obj           312     0         0      
    +--+----------------------------+-------+---------+---------+
       Total:                       2582    1024      4      
                                                             
    C:/Users/thielith/ti/CC3200SDK_1.5.0/cc3200-sdk/driverlib/ccs/Release/driverlib.a
       prcm.obj                     800     168       0      
       pin.obj                      274     256       0      
       uart.obj                     284     0         0      
       interrupt.obj                198     24        0      
       gpio.obj                     110     0         0      
       cpu.obj                      20      0         0      
       utils.obj                    6       0         0      
    +--+----------------------------+-------+---------+---------+
       Total:                       1692    448       0      
                                                             
    C:\Users\thielith\ti\ccs1250\ccs\tools\compiler\ti-cgt-arm_20.2.7.LTS\lib\rtsv7M4_T_le_eabi.lib
       _printfi.c.obj               4835    0         0      
       memory.c.obj                 900     0         8      
       fd_add_t2.asm.obj            438     0         0      
       fd_div_t2.asm.obj            310     0         0      
       fd_cmp_t2.asm.obj            268     0         0      
       ctype.c.obj                  0       257       0      
       fd_mul_t2.asm.obj            252     0         0      
       s_scalbn.c.obj               208     0         0      
       memcpy_t2.asm.obj            156     0         0      
       ull_div_t2.asm.obj           150     0         0      
       vsnprintf.c.obj              136     0         0      
       memset_t2.asm.obj            122     0         0      
       copy_decompress_lzss.c.obj   104     0         0      
       s_frexp.c.obj                92      0         0      
       _ltoa.c.obj                  84      0         0      
       atoi.c.obj                   76      0         0      
       fd_toi_t2.asm.obj            72      0         0      
       autoinit.c.obj               68      0         0      
       i_tofd_t2.asm.obj            46      0         0      
       memmov.c.obj                 40      0         0      
       boot_cortex_m.c.obj          36      0         0      
       copy_zero_init.c.obj         28      0         0      
       memccpy.c.obj                28      0         0      
       strchr.c.obj                 22      0         0      
       strlen.c.obj                 20      0         0      
       wcslen.c.obj                 18      0         0      
       copy_decompress_none.c.obj   14      0         0      
       errno.c.obj                  8       0         4      
       s_copysign.c.obj             12      0         0      
       _lock.c.obj                  2       0         8      
       exit.c.obj                   4       0         0      
       pre_init.c.obj               4       0         0      
       div0.asm.obj                 2       0         0      
    +--+----------------------------+-------+---------+---------+
       Total:                       8555    257       20     
                                                             
       Heap:                        0       0         2048   
       Stack:                       0       0         256    
       Linker Generated:            0       49        0      
    +--+----------------------------+-------+---------+---------+
       Grand Total:                 12829   1778      2328   


LINKER GENERATED COPY TABLES

__TI_cinit_table @ 20007920 records: 2, size/record: 8, table size: 16
	.data: load addr=200078f8, load size=0000000d bytes, run addr=20017800, run size=00000014 bytes, compression=lzss
	.bss: load addr=20007918, load size=00000008 bytes, run addr=20017814, run size=00000004 bytes, compression=zero_init


LINKER GENERATED HANDLER TABLE

__TI_handler_table @ 20007908 records: 3, size/record: 4, table size: 12
	index: 0, handler: __TI_decompress_lzss
	index: 1, handler: __TI_decompress_none
	index: 2, handler: __TI_zero_init


GLOBAL SYMBOLS: SORTED ALPHABETICALLY BY Name 

address   name                          
-------   ----                          
2000762b  C$$EXIT                       
20007591  CPUcpsie                      
200054e5  ClearTerm                     
200054ef  Error                         
20007259  GPIODirModeSet                
20007507  GPIOPinRead                   
2000743d  GPIOPinWrite                  
20005527  GetCmd                        
200054a5  InitTerm                      
20006899  IntEnable                     
20007607  IntMasterEnable               
200075a5  IntVTableBaseSet              
200054c3  Message                       
20005d0d  PRCMCC3200MCUInit             
2000754f  PRCMHIBRegRead                
20007565  PRCMHIBRegWrite               
2000737d  PRCMPeripheralClkDisable      
2000721d  PRCMPeripheralClkEnable       
20006a75  PRCMPeripheralClockGet        
20006f31  PRCMPeripheralReset           
20007351  PRCMSysResetCauseGet          
20006b09  PinConfigSet                  
2000715d  PinModeSet                    
20005fc1  PinMuxConfig                  
2000728f  PinTypeGPIO                   
200074ed  PinTypeUART                   
20005665  Report                        
200075ed  ResetISR                      
200055cd  TrimSpace                     
2000747b  UARTCharGetNonBlocking        
2000745d  UARTCharPut                   
2000751f  UARTCharsAvail                
20006d17  UARTConfigSetExpClk           
200072c1  UARTDisable                   
200073f5  UARTEnable                    
20007621  UtilsDelay                    
20030000  __STACK_END                   
00000100  __STACK_SIZE                  
00000800  __SYSMEM_SIZE                 
20007920  __TI_CINIT_Base               
20007930  __TI_CINIT_Limit              
20007908  __TI_Handler_Table_Base       
20007914  __TI_Handler_Table_Limit      
20007119  __TI_auto_init_nobinit_nopinit
20006e6b  __TI_decompress_lzss          
200075df  __TI_decompress_none          
20006fdf  __TI_ltoa                     
ffffffff  __TI_pprof_out_hndl           
20004401  __TI_printfi                  
ffffffff  __TI_prof_data_size           
ffffffff  __TI_prof_data_start          
200078f8  __TI_static_base__            
20007497  __TI_zero_init_nomemset       
20006b91  __aeabi_cdcmpeq               
20006b91  __aeabi_cdcmple               
20006c17  __aeabi_cdrcmple              
200070d1  __aeabi_d2iz                  
20005b5f  __aeabi_dadd                  
200060f9  __aeabi_ddiv                  
20006451  __aeabi_dmul                  
20005b55  __aeabi_dsub                  
20007611  __aeabi_errno_addr            
20007321  __aeabi_i2d                   
20005d0b  __aeabi_idiv0                 
20005d0b  __aeabi_ldiv0                 
20006c9d  __aeabi_memclr                
20006c9d  __aeabi_memclr4               
20006c9d  __aeabi_memclr8               
20006941  __aeabi_memcpy                
20006941  __aeabi_memcpy4               
20006941  __aeabi_memcpy8               
20006c9f  __aeabi_memset                
20006c9f  __aeabi_memset4               
20006c9f  __aeabi_memset8               
200069dd  __aeabi_uldivmod              
ffffffff  __binit__                     
ffffffff  __c_args__                    
UNDEFED   __mpu_init                    
2002ff00  __stack                       
20017000  __start___llvm_prf_cnts       
20017000  __stop___llvm_prf_cnts        
20007419  _c_int00_noargs               
20007630  _ctypes_                      
20017800  _lock                         
20004e4f  _nop                          
20017000  _sys_memory                   
UNDEFED   _system_post_cinit            
20007627  _system_pre_init              
20017804  _unlock                       
2000762b  abort                         
20006351  aligned_alloc                 
20007085  atoi                          
20005043  binaryBlinkLEDs               
ffffffff  binit                         
20004fdd  blinkAllLEDs                  
200075fb  copysign                      
200075fb  copysignl                     
20017810  errno                         
2000654d  free                          
20006ed5  frexp                         
20006ed5  frexpl                        
20004000  g_pfnVectors                  
20005169  handleCurrentMode             
20006715  ldexp                         
20006715  ldexpl                        
2000512d  lowerP18                      
20005279  main                          
20007619  malloc                        
20006351  memalign                      
200074d1  memccpy                       
20006941  memcpy                        
200073cd  memmove                       
20006ca5  memset                        
20004e51  printInt                      
20005103  raiseP18                      
20006631  realloc                       
20006715  scalbn                        
20006715  scalbnl                       
2000757b  strchr                        
200075b9  strlen                        
20004fab  turnOffLEDs                   
2000719d  vsnprintf                     
200075cd  wcslen                        


GLOBAL SYMBOLS: SORTED BY Symbol Address 

address   name                          
-------   ----                          
00000100  __STACK_SIZE                  
00000800  __SYSMEM_SIZE                 
20004000  g_pfnVectors                  
20004401  __TI_printfi                  
20004e4f  _nop                          
20004e51  printInt                      
20004fab  turnOffLEDs                   
20004fdd  blinkAllLEDs                  
20005043  binaryBlinkLEDs               
20005103  raiseP18                      
2000512d  lowerP18                      
20005169  handleCurrentMode             
20005279  main                          
200054a5  InitTerm                      
200054c3  Message                       
200054e5  ClearTerm                     
200054ef  Error                         
20005527  GetCmd                        
200055cd  TrimSpace                     
20005665  Report                        
20005b55  __aeabi_dsub                  
20005b5f  __aeabi_dadd                  
20005d0b  __aeabi_idiv0                 
20005d0b  __aeabi_ldiv0                 
20005d0d  PRCMCC3200MCUInit             
20005fc1  PinMuxConfig                  
200060f9  __aeabi_ddiv                  
20006351  aligned_alloc                 
20006351  memalign                      
20006451  __aeabi_dmul                  
2000654d  free                          
20006631  realloc                       
20006715  ldexp                         
20006715  ldexpl                        
20006715  scalbn                        
20006715  scalbnl                       
20006899  IntEnable                     
20006941  __aeabi_memcpy                
20006941  __aeabi_memcpy4               
20006941  __aeabi_memcpy8               
20006941  memcpy                        
200069dd  __aeabi_uldivmod              
20006a75  PRCMPeripheralClockGet        
20006b09  PinConfigSet                  
20006b91  __aeabi_cdcmpeq               
20006b91  __aeabi_cdcmple               
20006c17  __aeabi_cdrcmple              
20006c9d  __aeabi_memclr                
20006c9d  __aeabi_memclr4               
20006c9d  __aeabi_memclr8               
20006c9f  __aeabi_memset                
20006c9f  __aeabi_memset4               
20006c9f  __aeabi_memset8               
20006ca5  memset                        
20006d17  UARTConfigSetExpClk           
20006e6b  __TI_decompress_lzss          
20006ed5  frexp                         
20006ed5  frexpl                        
20006f31  PRCMPeripheralReset           
20006fdf  __TI_ltoa                     
20007085  atoi                          
200070d1  __aeabi_d2iz                  
20007119  __TI_auto_init_nobinit_nopinit
2000715d  PinModeSet                    
2000719d  vsnprintf                     
2000721d  PRCMPeripheralClkEnable       
20007259  GPIODirModeSet                
2000728f  PinTypeGPIO                   
200072c1  UARTDisable                   
20007321  __aeabi_i2d                   
20007351  PRCMSysResetCauseGet          
2000737d  PRCMPeripheralClkDisable      
200073cd  memmove                       
200073f5  UARTEnable                    
20007419  _c_int00_noargs               
2000743d  GPIOPinWrite                  
2000745d  UARTCharPut                   
2000747b  UARTCharGetNonBlocking        
20007497  __TI_zero_init_nomemset       
200074d1  memccpy                       
200074ed  PinTypeUART                   
20007507  GPIOPinRead                   
2000751f  UARTCharsAvail                
2000754f  PRCMHIBRegRead                
20007565  PRCMHIBRegWrite               
2000757b  strchr                        
20007591  CPUcpsie                      
200075a5  IntVTableBaseSet              
200075b9  strlen                        
200075cd  wcslen                        
200075df  __TI_decompress_none          
200075ed  ResetISR                      
200075fb  copysign                      
200075fb  copysignl                     
20007607  IntMasterEnable               
20007611  __aeabi_errno_addr            
20007619  malloc                        
20007621  UtilsDelay                    
20007627  _system_pre_init              
2000762b  C$$EXIT                       
2000762b  abort                         
20007630  _ctypes_                      
200078f8  __TI_static_base__            
20007908  __TI_Handler_Table_Base       
20007914  __TI_Handler_Table_Limit      
20007920  __TI_CINIT_Base               
20007930  __TI_CINIT_Limit              
20017000  __start___llvm_prf_cnts       
20017000  __stop___llvm_prf_cnts        
20017000  _sys_memory                   
20017800  _lock                         
20017804  _unlock                       
20017810  errno                         
2002ff00  __stack                       
20030000  __STACK_END                   
ffffffff  __TI_pprof_out_hndl           
ffffffff  __TI_prof_data_size           
ffffffff  __TI_prof_data_start          
ffffffff  __binit__                     
ffffffff  __c_args__                    
ffffffff  binit                         
UNDEFED   __mpu_init                    
UNDEFED   _system_post_cinit            

[123 symbols]
